Archive member included to satisfy reference by file (symbol)

C:\Nburn/lib/MOD5441X.a(bsp.o)
                              c:/nburn/gcc-m68k/bin/../lib/gcc/m68k-unknown-elf/5.2.0/m54455\nb-crt0.o (atexit)
C:\Nburn/lib/MOD5441X.a(mmc.o)
                              tests.o (mmc_initfunc)
C:\Nburn/lib/MOD5441X.a(serial.o)
                              tests.o (_Z10OpenSerialijii11parity_mode)
C:\Nburn/lib/MOD5441X.a(ethernet.o)
                              main.o (_Z9EtherLinkv)
C:\Nburn/lib/MOD5441X.a(etherprint.o)
                              C:\Nburn/lib/MOD5441X.a(ethernet.o) (_ZN12EthernetVars9EtherLinkEv)
C:\Nburn/lib/MOD5441X.a(emulticast.o)
                              C:\Nburn/lib/MOD5441X.a(ethernet.o) (_ZN12EthernetVars18EthEnableMulticastE6MACADR)
C:\Nburn/lib/MOD5441X.a(pins.o)
                              webfuncs.o (_ZN5PinIO3setEh)
C:\Nburn/lib/MOD5441X.a(mmc_mcf.o)
                              C:\Nburn/lib/MOD5441X.a(mmc.o) (spi_tx1)
C:\Nburn/lib/MOD5441X.a(ether2nd.o)
                              C:\Nburn/lib/MOD5441X.a(ethernet.o) (_Z14Add2ndEthernetv)
C:\Nburn/lib/MOD5441X.a(etherswitch.o)
                              C:\Nburn/lib/MOD5441X.a(emulticast.o) (_Z14UpdateMacTableblPhjj)
C:\Nburn/lib/MOD5441X.a(weak_autoenet_var.o)
                              C:\Nburn/lib/MOD5441X.a(ethernet.o) (bAutomatic2ndEther)
C:\Nburn/lib/MOD5441X.a(bspa.o)
                              C:\Nburn/lib/MOD5441X.a(bsp.o) (CatchNullWrites)
C:\Nburn/lib/MOD5441X.a(localio.o)
                              C:\Nburn/lib/MOD5441X.a(serial.o) (_Z13GetUartRecordi)
C:\Nburn/lib/NetBurner.a(ucosmcfa.o)
                              C:\Nburn/lib/MOD5441X.a(bsp.o) (OSCtxSw)
C:\Nburn/lib/NetBurner.a(software_init.o)
                              c:/nburn/gcc-m68k/bin/../lib/gcc/m68k-unknown-elf/5.2.0/m54455\nb-crt0.o (software_init_hook)
C:\Nburn/lib/NetBurner.a(main.o)
                              c:/nburn/gcc-m68k/bin/../lib/gcc/m68k-unknown-elf/5.2.0/m54455\nb-crt0.o (main)
C:\Nburn/lib/NetBurner.a(ucosmcfc.o)
                              C:\Nburn/lib/MOD5441X.a(ethernet.o) (_Z17OSTaskCreatewNamePFvPvES_S_S_hPKc)
C:\Nburn/lib/NetBurner.a(ucos.o)
                              C:\Nburn/lib/NetBurner.a(ucosmcfc.o) (OSRdyTbl)
C:\Nburn/lib/NetBurner.a(cppmain.o)
                              C:\Nburn/lib/NetBurner.a(main.o) (cppmain)
C:\Nburn/lib/NetBurner.a(debugtrap.o)
                              C:\Nburn/lib/MOD5441X.a(bsp.o) (_Z23SetAddressReadRangeTrapmm)
C:\Nburn/lib/NetBurner.a(ucosmain.o)
                              C:\Nburn/lib/NetBurner.a(software_init.o) (UCosSetup)
C:\Nburn/lib/NetBurner.a(fileio.o)
                              C:\Nburn/lib/NetBurner.a(ucosmain.o) (ioctl)
C:\Nburn/lib/NetBurner.a(system.o)
                              C:\Nburn/lib/MOD5441X.a(ether2nd.o) (_Z12RawGetConfigi)
C:\Nburn/lib/NetBurner.a(utils.o)
                              C:\Nburn/lib/MOD5441X.a(ethernet.o) (frames_tx)
C:\Nburn/lib/NetBurner.a(ip.o)
                              main.o (_Z15InitializeStack7IPADDR4S_S_S_)
C:\Nburn/lib/NetBurner.a(buffers.o)
                              C:\Nburn/lib/NetBurner.a(utils.o) (_Z12GetFreeCountv)
C:\Nburn/lib/NetBurner.a(arp.o)
                              C:\Nburn/lib/NetBurner.a(ip.o) (_Z25GetInterfaceForMyAddress47IPADDR4)
C:\Nburn/lib/NetBurner.a(udp.o)
                              C:\Nburn/lib/NetBurner.a(ip.o) (_Z12process_udp4P11pool_bufferP5IPPKTt)
C:\Nburn/lib/NetBurner.a(ftpd.o)
                              ftps.o (_Z9FTPDStartth)
C:\Nburn/lib/NetBurner.a(tcp.o)
                              C:\Nburn/lib/NetBurner.a(ip.o) (_Z7InitTCPv)
C:\Nburn/lib/NetBurner.a(extraio.o)
                              C:\Nburn/lib/MOD5441X.a(serial.o) (_Z10GetExtraFDPvP14IoExpandStruct)
C:\Nburn/lib/NetBurner.a(http.o)
                              main.o (_Z9StartHTTPt)
C:\Nburn/lib/NetBurner.a(httpinternal.o)
                              C:\Nburn/lib/NetBurner.a(http.o) (_ZN12HTTP_Request11ProcessLineEPc)
C:\Nburn/lib/NetBurner.a(httpstricmp.o)
                              C:\Nburn/lib/NetBurner.a(httpinternal.o) (_Z11httpstricmpPKcS0_)
C:\Nburn/lib/NetBurner.a(htmldecomp.o)
                              C:\Nburn/lib/NetBurner.a(httpinternal.o) (_Z16SendFullResponsePKci)
C:\Nburn/lib/NetBurner.a(iosys.o)
                              C:\Nburn/lib/MOD5441X.a(serial.o) (_Z12SetDataAvaili)
C:\Nburn/lib/NetBurner.a(autoip.o)
                              C:\Nburn/lib/NetBurner.a(arp.o) (_ZN12AutoIPClient16addressCollisionEv)
C:\Nburn/lib/NetBurner.a(dhcpc.o)
                              main.o (_Z25GetDHCPAddressIfNecessaryib)
C:\Nburn/lib/NetBurner.a(netrx.o)
                              C:\Nburn/lib/MOD5441X.a(ethernet.o) (_Z7NetDoRXP11pool_bufferti)
C:\Nburn/lib/NetBurner.a(netinterface.o)
                              C:\Nburn/lib/NetBurner.a(arp.o) (_Z14TransmitBufferP11pool_bufferi)
C:\Nburn/lib/NetBurner.a(multiconfig.o)
[...]
Memory Configuration

Name             Origin             Length             Attributes
ram              0x40000400         0x03fffcff         xrw
SRAM             0x80000400         0x0000fbf0         xrw
Cold_SRAM        0x8000fff0         0x00000010         xrw
*default*        0x00000000         0xffffffff

Linker script and memory map

LOAD c:/nburn/gcc-m68k/bin/../lib/gcc/m68k-unknown-elf/5.2.0/m54455\nb-crt0.o
LOAD c:/nburn/gcc-m68k/bin/../lib/gcc/m68k-unknown-elf/5.2.0/m54455/crtbegin.o
LOAD webfuncs.o
LOAD tests.o
LOAD main.o
LOAD ip_util.o
LOAD ftps.o
LOAD SimpleAD.o
LOAD GPS\ntpconstants.o
LOAD GPS\GPSTime.o
LOAD GPS\GPSSat.o
LOAD GPS\GPSNtp.o
LOAD GPS\GPSLocation.o
LOAD GPS\GPSCHIP.o
LOAD htmldata.o
LOAD C:\Nburn/MOD5441X/lib/sys.ld
                0x40000000                ovector_base = 0x40000000
                0x80000000                vector_base = 0x80000000
                0x80000400                SRAM_START_ADDR = 0x80000400
                0x8000fff0                SRAM_END_ADDR = 0x8000fff0
                0xc0000000                gConfigRec = 0xc0000000
                0xc0020000                UserParamBase = 0xc0020000
                0xc0040000                FlashAppBase = 0xc0040000
                0x8c000000                sim_rgpio = 0x8c000000
                0xec008000                sim1 = 0xec008000
                0xfc004000                sim2 = 0xfc004000
                0xfc0d4008                DBETHER_EMIR_REG = 0xfc0d4008
                0x8000d000                comm_loc = 0x8000d000
START GROUP
LOAD C:\Nburn/lib/MOD5441X.a
LOAD C:\Nburn/lib/NetBurner.a
LOAD C:\Nburn/lib/FatFile.a
LOAD c:/nburn/gcc-m68k/bin/../m68k-unknown-elf/sysroot/lib/m54455\libstdc++.a
LOAD C:\Nburn\lib\cryptolib.a
LOAD C:\Nburn\lib\debugLibrary.a
LOAD C:\Nburn\lib\Lua_Full.a
LOAD C:\Nburn\lib\nb-libxively.a
LOAD C:\Nburn\lib\nbwifilib.a
LOAD C:\Nburn\lib\sshLibrary.a
LOAD C:\Nburn\lib\webclient.a
END GROUP
LOAD c:/nburn/gcc-m68k/bin/../m68k-unknown-elf/sysroot/lib/m54455\libstdc++.a
LOAD c:/nburn/gcc-m68k/bin/../m68k-unknown-elf/sysroot/lib/m54455\libm.a
LOAD c:/nburn/gcc-m68k/bin/../lib/gcc/m68k-unknown-elf/5.2.0/m54455\libgcc.a
LOAD c:/nburn/gcc-m68k/bin/../m68k-unknown-elf/sysroot/lib/m54455\libc.a
LOAD c:/nburn/gcc-m68k/bin/../lib/gcc/m68k-unknown-elf/5.2.0/m54455\libgcc.a
LOAD c:/nburn/gcc-m68k/bin/../lib/gcc/m68k-unknown-elf/5.2.0/m54455/crtend.o
START GROUP
LOAD c:/nburn/gcc-m68k/bin/../m68k-unknown-elf/sysroot/lib/m54455\libc.a
LOAD c:/nburn/gcc-m68k/bin/../lib/gcc/m68k-unknown-elf/5.2.0/m54455\libgcc.a
LOAD c:/nburn/gcc-m68k/bin/../m68k-unknown-elf/sysroot/lib/m54455\libm.a
END GROUP
                0x00000000                __DYNAMIC = 0x0
                0x44000000                PROVIDE (__stack, 0x44000000)
                0x00000000                PROVIDE (hardware_init_hook, 0x0)
                [!provide]                PROVIDE (_hardware_init_hook, 0x0)
                [!provide]                PROVIDE (software_init_hook, 0x0)
                [!provide]                PROVIDE (_software_init_hook, 0x0)

.SRAM_SECT      0x80000400     0xab80
                0x80000400                SRAM_START = .
 *(SYS_VAR_SECT)
 SYS_VAR_SECT   0x80000400        0x4 C:\Nburn/lib/MOD5441X.a(bsp.o)
                0x80000400                cacrMirror
 SYS_VAR_SECT   0x80000404      0x238 C:\Nburn/lib/NetBurner.a(ucos.o)
                0x80000404                OSRunning
                0x80000406                OSISRLevel
                0x80000408                OSRdyGrp
                0x8000040c                OSLockNesting
                0x80000410                OSIntNesting
                0x80000414                OSTCBFreeList
                0x80000418                OSTCBList
                0x8000041c                OSTCBHighRdy
                0x80000420                OSTCBCur
                0x80000424                OSRdyTbl
                0x8000042c                OSTCBPrioTbl
                0x8000052c                OSUnMapTbl
                0x8000062c                OSMapTbl
                0x80000634                Secs
                0x80000638                TimeTick
 SYS_VAR_SECT   0x8000063c      0x272 C:\Nburn/lib/NetBurner.a(ucosmain.o)
                0x8000064e                critical_count
                0x80000652                OSTcbStructSize
                0x80000656                OSTCBTbl
 SYS_VAR_SECT   0x800008ae       0x1c C:\Nburn/lib/NetBurner.a(fileio.o)
                0x800008ae                fd_map
                0x800008c6                pExtraFdFunc
 SYS_VAR_SECT   0x800008ca       0x20 C:\Nburn/lib/NetBurner.a(iosys.o)
                0x800008d2                error_file_sets
                0x800008da                write_file_sets
                0x800008e2                read_file_sets
                0x800008ea                SYS_VAR_SECT_END = .
                0x800008f0                . = ALIGN (0x10)
 *fill*         0x800008ea        0x6 
 *(IDLE_STK_SECT)
                0x800008f0                IDLE_STK_SECT_END = .
                0x800008f0                . = ALIGN (0x10)
 *(MAIN_STK_SECT)
 MAIN_STK_SECT  0x800008f0     0x3000 C:\Nburn/lib/NetBurner.a(cppmain.o)
                0x800008f0                MainStk
                0x800038f0                MAIN_STK_SECT_END = .
                0x800038f0                . = ALIGN (0x4)
 *(ETHER_VAR_SECT)
 ETHER_VAR_SECT
                0x800038f0      0x280 C:\Nburn/lib/MOD5441X.a(ethernet.o)
                0x800038f0                FecFifo
                0x80003910                enet1
                0x80003a40                enet0
                0x80003b70                ETHER_VAR_SECT_END = .
                0x80003b70                . = ALIGN (0x10)
 *(ETHER_STK_SECT)
 ETHER_STK_SECT
                0x80003b70     0x2000 C:\Nburn/lib/MOD5441X.a(ethernet.o)
                0x80003b70                EtherSendStk
                0x80005b70                ETHER_STK_SECT_END = .
                0x80005b70                . = ALIGN (0x4)
 *(IP_VAR_SECT)
 IP_VAR_SECT    0x80005b70      0x32a C:\Nburn/lib/NetBurner.a(ip.o)
                0x80005b70                delay
                0x80005b74                next_arp_time
                0x80005b78                multi_if_block
                0x80005e34                multi_home_if_record
                0x80005e5c                nAdditional_Homes
                0x80005e60                pFragFunc
                0x80005e64                pMultiCastFunc
                0x80005e68                pPromisciousPacketFunc
                0x80005e6c                pIpv6Tick
                0x80005e70                pAutoIPTick
                0x80005e74                pMultiTick
                0x80005e78                pDHCPServerTick
                0x80005e7c                pDHCPTick
                0x80005e80                IcmpFifo
                0x80005e84                ipRxFifo
                0x80005e96                bTTL_Default
                0x80005e98                wGlobalPktId
 IP_VAR_SECT    0x80005e9a       0xa4 C:\Nburn/lib/NetBurner.a(udp.o)
                0x80005e9a                UdpNetbiosNameServicePtr
                0x80005e9e                pTaskPacketFunc
                0x80005ea2                pDHCPv6ClientProcessFunction
                0x80005ea6                pDHCPServerProcessFunction
                0x80005eaa                pDHCPProcessFunction
                0x80005eae                UDP_fifos_used
                0x80005eb2                udp_fifos
                0x80005f3e                IP_VAR_SECT_END = .
                0x80005f40                . = ALIGN (0x10)
 *fill*         0x80005f3e        0x2 
 *(IP_STK_SECT)
 IP_STK_SECT    0x80005f40     0x2000 C:\Nburn/lib/NetBurner.a(ip.o)
                0x80005f40                IPStk
                0x80007f40                IP_STK_SECT_END = .
                0x80007f40                . = ALIGN (0x4)
 *(TCP_VAR_SECT)
 TCP_VAR_SECT   0x80007f40       0x20 C:\Nburn/lib/NetBurner.a(tcp.o)
                0x80007f40                TCP_TimerSemaphore
                0x80007f52                TCP_critical_section
                0x80007f60                TCP_VAR_SECT_END = .
                0x80007f60                . = ALIGN (0x10)
 *(TCP_STK_SECT)
 TCP_STK_SECT   0x80007f60     0x3000 C:\Nburn/lib/NetBurner.a(tcp.o)
                0x80007f60                TCPStk
                0x8000af60                TCP_STK_SECT_END = .
                0x8000af60                . = ALIGN (0x10)
 *(HTTP_STK_SECT)
                0x8000af60                HTTP_STK_SECT_END = .
                0x8000af60                . = ALIGN (0x10)
 *(FTP_STK_SECT)
                0x8000af60                FTP_STK_SECT_END = .
                0x8000af60                . = ALIGN (0x10)
 *(WIFI_STK_SECT)
                0x8000af60                WIFI_STK_SECT_END = .
                0x8000af60                . = ALIGN (0x10)
 *(PPP_STK_SECT)
                0x8000af60                PPP_STK_SECT_END = .
                0x8000af60                . = ALIGN (0x10)
 *(COMMAND_STK_SECT)
                0x8000af60                COMMAND_STK_SECT_END = .
                0x8000af60                . = ALIGN (0x4)
 *(USER_VAR_SECT)
                0x8000af60                USER_VAR_SECT_END = .
                0x8000af60                . = ALIGN (0x10)
 *(USER_STK_SECT)
                0x8000af60                USER_STK_SECT_END = .
                0x8000af60                . = ALIGN (0x4)
 *(TLS_VAR_SECT)
                0x8000af60                TLS_VAR_SECT_END = .
                0x8000af60                BUFFERS_SECT_START = .
                0x8000af60                . = ALIGN (0x10)
 *(BUFFERS_VAR_SECT)
 BUFFERS_VAR_SECT
                0x8000af60       0x1c C:\Nburn/lib/NetBurner.a(buffers.o)
                0x8000af60                free_list_is_initialized
                0x8000af64                free_fast_list
                0x8000af6e                free_list
                0x8000af78                FAST_BUFFER_POOL_SIZE
                0x8000af80                . = ALIGN (0x10)
 *fill*         0x8000af7c        0x4 
                0x8000af80                BUFFERS_VAR_SECT_END = .
                0x8000af80                . = ALIGN (0x10)
                0x8000af80                SRAM_END = .

COLD_SRAM_SECT  0x8000fff0        0x2
 *(COLD_SRAM_VAR)
 COLD_SRAM_VAR  0x8000fff0        0x2 C:\Nburn/lib/NetBurner.a(ip.o)

.text           0x40000400    0x73b30
 nb-crt0.o()
 .text          0x40000400       0xaa c:/nburn/gcc-m68k/bin/../lib/gcc/m68k-unknown-elf/5.2.0/m54455\nb-crt0.o
                0x40000400                start
 *fill*         0x400004aa        0x2 
 .data          0x400004ac        0x4 c:/nburn/gcc-m68k/bin/../lib/gcc/m68k-unknown-elf/5.2.0/m54455\nb-crt0.o
 .bss           0x400004b0        0x0 c:/nburn/gcc-m68k/bin/../lib/gcc/m68k-unknown-elf/5.2.0/m54455\nb-crt0.o
 *(.text)
 .text          0x400004b0      0x12c c:/nburn/gcc-m68k/bin/../lib/gcc/m68k-unknown-elf/5.2.0/m54455/crtbegin.o
 *fill*         0x400005dc        0x4 
 .text          0x400005e0      0x19c C:\Nburn/lib/MOD5441X.a(bspa.o)
                0x400005e0                CatchNullWrites
                0x400005f0                _cache_inval
                0x40000610                _cache_push
                0x40000630                _cache_flush
                0x40000670                PushCacheLines
                0x400006c0                InvalidateCacheLines
                0x40000710                FlushCacheLines
 *fill*         0x4000077c        0x4 
 .text          0x40000780      0x41a C:\Nburn/lib/NetBurner.a(ucosmcfa.o)
                0x40000780                OSStartHighRdy
                0x400007a0                OSCtxSw
                0x400007d0                OSIntCtxSw
                0x40000800                OSTickISR
                0x40000840                OSSetupVBR
                0x40000860                OSDebugTraceHalt
                0x40000870                memcpy
                0x40000870                fmemcpy
                0x40000940                memcpysum
                0x40000ad0                memset
                0x40000ad0                fmemset
                0x40000b70                GetSR_IntLevel
                0x40000b80                SetSR_IntLevel
 *fill*         0x40000b9a        0x2 
 .text          0x40000b9c        0x8 C:\Nburn/lib/NetBurner.a(software_init.o)
                0x40000b9c                software_init_hook
 .text          0x40000ba4      0x1c0 C:\Nburn/lib/NetBurner.a(ip.o)
                0x40000ba4                GetSum
                0x40000c60                GetSum20
                0x40000c98                GetSumHdr
 .text          0x40000d64       0x6c c:/nburn/gcc-m68k/bin/../m68k-unknown-elf/sysroot/lib/m54455\libm.a(lib_a-s_fpclassify.o)
                0x40000d64                __fpclassifyd
 .text          0x40000dd0       0xda c:/nburn/gcc-m68k/bin/../m68k-unknown-elf/sysroot/lib/m54455\libm.a(lib_a-s_modf.o)
                0x40000dd0                modf
 *fill*         0x40000eaa        0x2 
 .text          0x40000eac      0xba0 c:/nburn/gcc-m68k/bin/../lib/gcc/m68k-unknown-elf/5.2.0/m54455\libgcc.a(_double.o)
                0x40000f06                __subdf3
                0x40000f0c                __adddf3
                0x400013a8                __muldf3
                0x40001584                __divdf3
                0x40001874                __negdf2
                0x400018d2                __cmpdf2_internal
                0x400019aa                __cmpdf2
 .text          0x40001a4c      0x7ca c:/nburn/gcc-m68k/bin/../lib/gcc/m68k-unknown-elf/5.2.0/m54455\libgcc.a(_float.o)
                0x40001a94                __subsf3
                0x40001a9a                __addsf3
                0x40001d7c                __mulsf3
                0x40001ebe                __divsf3
                0x400020b2                __negsf2
                0x40002104                __cmpsf2_internal
                0x400021a4                __cmpsf2
 *fill*         0x40002216        0x2 
 .text          0x40002218       0x74 c:/nburn/gcc-m68k/bin/../lib/gcc/m68k-unknown-elf/5.2.0/m54455\libgcc.a(_floatex.o)
                0x40002218                __clear_sticky_bit
                0x40002224                $_exception_handler
 .text          0x4000228c       0x22 c:/nburn/gcc-m68k/bin/../lib/gcc/m68k-unknown-elf/5.2.0/m54455\libgcc.a(_eqdf2.o)
                0x4000228c                __eqdf2
 *fill*         0x400022ae        0x2 
 .text          0x400022b0       0x22 c:/nburn/gcc-m68k/bin/../lib/gcc/m68k-unknown-elf/5.2.0/m54455\libgcc.a(_nedf2.o)
                0x400022b0                __nedf2
 *fill*         0x400022d2        0x2 
 .text          0x400022d4       0x22 c:/nburn/gcc-m68k/bin/../lib/gcc/m68k-unknown-elf/5.2.0/m54455\libgcc.a(_gtdf2.o)
                0x400022d4                __gtdf2
 *fill*         0x400022f6        0x2 
 .text          0x400022f8       0x22 c:/nburn/gcc-m68k/bin/../lib/gcc/m68k-unknown-elf/5.2.0/m54455\libgcc.a(_gedf2.o)
                0x400022f8                __gedf2
 *fill*         0x4000231a        0x2 
 .text          0x4000231c       0x22 c:/nburn/gcc-m68k/bin/../lib/gcc/m68k-unknown-elf/5.2.0/m54455\libgcc.a(_ltdf2.o)
                0x4000231c                __ltdf2
 *fill*         0x4000233e        0x2 
 .text          0x40002340       0x22 c:/nburn/gcc-m68k/bin/../lib/gcc/m68k-unknown-elf/5.2.0/m54455\libgcc.a(_ledf2.o)
                0x40002340                __ledf2
 *fill*         0x40002362        0x2 
 .text          0x40002364       0x66 c:/nburn/gcc-m68k/bin/../lib/gcc/m68k-unknown-elf/5.2.0/m54455\libgcc.a(_muldi3.o)
                0x40002364                __muldi3
 *fill*         0x400023ca        0x2 
 .text          0x400023cc       0x76 c:/nburn/gcc-m68k/bin/../lib/gcc/m68k-unknown-elf/5.2.0/m54455\libgcc.a(_fixunsdfsi.o)
                0x400023cc                __fixunsdfsi
 *fill*         0x40002442        0x2 
 .text          0x40002444       0x7a c:/nburn/gcc-m68k/bin/../lib/gcc/m68k-unknown-elf/5.2.0/m54455\libgcc.a(_fixunsdfdi.o)
                0x40002444                __fixunsdfdi
 *fill*         0x400024be        0x2 
 .text          0x400024c0      0x3fe c:/nburn/gcc-m68k/bin/../lib/gcc/m68k-unknown-elf/5.2.0/m54455\libgcc.a(_udivdi3.o)
                0x400024c0                __udivdi3
 *fill*         0x400028be        0x2 
 .text          0x400028c0      0x372 c:/nburn/gcc-m68k/bin/../lib/gcc/m68k-unknown-elf/5.2.0/m54455\libgcc.a(_umoddi3.o)
                0x400028c0                __umoddi3
 *fill*         0x40002c32        0x2 
 .text          0x40002c34      0x442 c:/nburn/gcc-m68k/bin/../lib/gcc/m68k-unknown-elf/5.2.0/m54455\libgcc.a(fpgnulib.o)
                0x40002c34                __unordsf2
                0x40002c8c                __unorddf2
                0x40002cf6                __floatunsidf
                0x40002d5a                __floatsidf
                0x40002e06                __floatunsisf
                0x40002e20                __floatsisf
                0x40002e3a                __extendsfdf2
                0x40002ea6                __truncdfsf2
                0x40002fd0                __fixdfsi
                0x4000305c                __fixsfsi
 *fill*         0x40003076        0x2 
 .text          0x40003078       0x34 c:/nburn/gcc-m68k/bin/../m68k-unknown-elf/sysroot/lib/m54455\libc.a(lib_a-atoi.o)
                0x40003078                atoi
                0x40003090                _atoi_r
 .text          0x400030ac       0x5c c:/nburn/gcc-m68k/bin/../m68k-unknown-elf/sysroot/lib/m54455\libc.a(lib_a-bsearch.o)
                0x400030ac                bsearch
 .text          0x40003108       0x1e c:/nburn/gcc-m68k/bin/../m68k-unknown-elf/sysroot/lib/m54455\libc.a(lib_a-cxa_atexit.o)
                0x40003108                __cxa_atexit
 *fill*         0x40003126        0x2 
 .text          0x40003128        0xe c:/nburn/gcc-m68k/bin/../m68k-unknown-elf/sysroot/lib/m54455\libc.a(lib_a-errno.o)
                0x40003128                __errno
 *fill*         0x40003136        0x2 
 .text          0x40003138       0x80 c:/nburn/gcc-m68k/bin/../m68k-unknown-elf/sysroot/lib/m54455\libc.a(lib_a-gets.o)
                0x40003138                _gets_r
                0x400031a2                gets
 .text          0x400031b8       0x1a c:/nburn/gcc-m68k/bin/../m68k-unknown-elf/sysroot/lib/m54455\libc.a(lib_a-isspace.o)
                0x400031b8                isspace
 *fill*         0x400031d2        0x2 
 .text          0x400031d4      0x272 c:/nburn/gcc-m68k/bin/../m68k-unknown-elf/sysroot/lib/m54455\libc.a(lib_a-lcltime_r.o)
                0x400031d4                localtime_r
 *fill*         0x40003446        0x2 
 .text          0x40003448       0x32 c:/nburn/gcc-m68k/bin/../m68k-unknown-elf/sysroot/lib/m54455\libc.a(lib_a-malloc.o)
                0x40003448                malloc
                0x40003460                free
 *fill*         0x4000347a        0x2 
 .text          0x4000347c      0x584 c:/nburn/gcc-m68k/bin/../m68k-unknown-elf/sysroot/lib/m54455\libc.a(lib_a-mallocr.o)
                0x4000347c                _malloc_r
 .text          0x40003a00       0x32 c:/nburn/gcc-m68k/bin/../m68k-unknown-elf/sysroot/lib/m54455\libc.a(lib_a-memcmp.o)
                0x40003a00                memcmp
 *fill*         0x40003a32        0x2 
 .text          0x40003a34       0xac c:/nburn/gcc-m68k/bin/../m68k-unknown-elf/sysroot/lib/m54455\libc.a(lib_a-puts.o)
                0x40003a34                _puts_r
                0x40003aca                puts
 .text          0x40003ae0       0x62 c:/nburn/gcc-m68k/bin/../m68k-unknown-elf/sysroot/lib/m54455\libc.a(lib_a-rand.o)
                0x40003ae0                srand
                0x40003af8                rand
 *fill*         0x40003b42        0x2 
 .text          0x40003b44       0x68 c:/nburn/gcc-m68k/bin/../m68k-unknown-elf/sysroot/lib/m54455\libc.a(lib_a-rget.o)
                0x40003b44                __srget_r
                0x40003b96                __srget
 .text          0x40003bac      0x146 c:/nburn/gcc-m68k/bin/../m68k-unknown-elf/sysroot/lib/m54455\libc.a(lib_a-setvbuf.o)
                0x40003bac                setvbuf
 *fill*         0x40003cf2        0x2 
 .text          0x40003cf4       0x18 c:/nburn/gcc-m68k/bin/../m68k-unknown-elf/sysroot/lib/m54455\libc.a(lib_a-stpcpy.o)
                0x40003cf4                stpcpy
 .text          0x40003d0c       0x2e c:/nburn/gcc-m68k/bin/../m68k-unknown-elf/sysroot/lib/m54455\libc.a(lib_a-strcat.o)
                0x40003d0c                strcat
 *fill*         0x40003d3a        0x2 
 .text          0x40003d3c       0x2e c:/nburn/gcc-m68k/bin/../m68k-unknown-elf/sysroot/lib/m54455\libc.a(lib_a-strchr.o)
                0x40003d3c                strchr
 *fill*         0x40003d6a        0x2 
 .text          0x40003d6c       0x2e c:/nburn/gcc-m68k/bin/../m68k-unknown-elf/sysroot/lib/m54455\libc.a(lib_a-strcmp.o)
                0x40003d6c                strcmp
 *fill*         0x40003d9a        0x2 
 .text          0x40003d9c       0x1c c:/nburn/gcc-m68k/bin/../m68k-unknown-elf/sysroot/lib/m54455\libc.a(lib_a-strcpy.o)
                0x40003d9c                strcpy
 .text          0x40003db8       0x1a c:/nburn/gcc-m68k/bin/../m68k-unknown-elf/sysroot/lib/m54455\libc.a(lib_a-strlen.o)
                0x40003db8                strlen
 *fill*         0x40003dd2        0x2 
 .text          0x40003dd4       0x30 c:/nburn/gcc-m68k/bin/../m68k-unknown-elf/sysroot/lib/m54455\libc.a(lib_a-strncpy.o)
                0x40003dd4                strncpy
 .text          0x40003e04       0x1c c:/nburn/gcc-m68k/bin/../m68k-unknown-elf/sysroot/lib/m54455\libc.a(lib_a-strsep.o)
                0x40003e04                strsep
 .text          0x40003e20       0x4a c:/nburn/gcc-m68k/bin/../m68k-unknown-elf/sysroot/lib/m54455\libc.a(lib_a-strstr.o)
                0x40003e20                strstr
 *fill*         0x40003e6a        0x2 
 .text          0x40003e6c     0x1168 c:/nburn/gcc-m68k/bin/../m68k-unknown-elf/sysroot/lib/m54455\libc.a(lib_a-strtod.o)
                0x40003f10                _strtod_r
                0x40004f5e                strtod
                0x40004f78                strtof
 .text          0x40004fd4       0x94 c:/nburn/gcc-m68k/bin/../m68k-unknown-elf/sysroot/lib/m54455\libc.a(lib_a-strtok_r.o)
                0x40004fd4                __strtok_r
                0x4000504c                strtok_r
 .text          0x40005068      0x16e c:/nburn/gcc-m68k/bin/../m68k-unknown-elf/sysroot/lib/m54455\libc.a(lib_a-strtol.o)
                0x40005068                _strtol_r
                0x400051b8                strtol
 *fill*         0x400051d6        0x2 
 .text          0x400051d8      0x150 c:/nburn/gcc-m68k/bin/../m68k-unknown-elf/sysroot/lib/m54455\libc.a(lib_a-strtoul.o)
                0x400051d8                _strtoul_r
                0x4000530a                strtoul
 .text          0x40005328       0x2a c:/nburn/gcc-m68k/bin/../m68k-unknown-elf/sysroot/lib/m54455\libc.a(lib_a-tolower.o)
                0x40005328                tolower
 *fill*         0x40005352        0x2 
 .text          0x40005354       0x2a c:/nburn/gcc-m68k/bin/../m68k-unknown-elf/sysroot/lib/m54455\libc.a(lib_a-toupper.o)
                0x40005354                toupper
 *fill*         0x4000537e        0x2 
 .text          0x40005380      0x176 c:/nburn/gcc-m68k/bin/../m68k-unknown-elf/sysroot/lib/m54455\libc.a(lib_a-tzcalc_limits.o)
                0x40005380                __tzcalc_limits
 *fill*         0x400054f6        0x2 
 .text          0x400054f8       0x10 c:/nburn/gcc-m68k/bin/../m68k-unknown-elf/sysroot/lib/m54455\libc.a(lib_a-tzlock.o)
                0x400054f8                __tz_lock
                0x40005500                __tz_unlock
 .text          0x40005508       0xf4 c:/nburn/gcc-m68k/bin/../m68k-unknown-elf/sysroot/lib/m54455\libc.a(lib_a-wbuf.o)
                0x40005508                __swbuf_r
                0x400055e2                __swbuf
 .text          0x400055fc      0x116 c:/nburn/gcc-m68k/bin/../m68k-unknown-elf/sysroot/lib/m54455\libc.a(lib_a-wsetup.o)
                0x400055fc                __swsetup_r
 *fill*         0x40005712        0x2 
 .text          0x40005714       0xa0 c:/nburn/gcc-m68k/bin/../m68k-unknown-elf/sysroot/lib/m54455\libc.a(lib_a-__atexit.o)
                0x40005714                __register_exitproc
 .text          0x400057b4      0x204 c:/nburn/gcc-m68k/bin/../m68k-unknown-elf/sysroot/lib/m54455\libc.a(lib_a-fflush.o)
                0x400057b4                __sflush_r
                0x4000593c                _fflush_r
                0x4000598a                fflush
 .text          0x400059b8      0x28c c:/nburn/gcc-m68k/bin/../m68k-unknown-elf/sysroot/lib/m54455\libc.a(lib_a-findfp.o)
                0x400059c2                _cleanup_r
                0x40005a5e                __sfmoreglue
                0x40005aba                _cleanup
                0x40005ace                __sinit
                0x40005b3e                __sfp
                0x40005bf0                __sfp_lock_acquire
                0x40005bf8                __sfp_lock_release
                0x40005c00                __sinit_lock_acquire
                0x40005c08                __sinit_lock_release
                0x40005c10                __fp_lock_all
                0x40005c2a                __fp_unlock_all
 .text          0x40005c44      0x2ec c:/nburn/gcc-m68k/bin/../m68k-unknown-elf/sysroot/lib/m54455\libc.a(lib_a-freer.o)
                0x40005c44                _malloc_trim_r
                0x40005d18                _free_r
 .text          0x40005f30      0x366 c:/nburn/gcc-m68k/bin/../m68k-unknown-elf/sysroot/lib/m54455\libc.a(lib_a-fvwrite.o)
                0x40005f30                __sfvwrite_r
 *fill*         0x40006296        0x2 
 .text          0x40006298       0xb4 c:/nburn/gcc-m68k/bin/../m68k-unknown-elf/sysroot/lib/m54455\libc.a(lib_a-fwalk.o)
                0x40006298                _fwalk
                0x400062f0                _fwalk_reent
 .text          0x4000634c      0x648 c:/nburn/gcc-m68k/bin/../m68k-unknown-elf/sysroot/lib/m54455\libc.a(lib_a-gdtoa-gethex.o)
                0x400063ca                __hexdig_fun
                0x40006424                __gethex
 .text          0x40006994      0x166 c:/nburn/gcc-m68k/bin/../m68k-unknown-elf/sysroot/lib/m54455\libc.a(lib_a-gdtoa-hexnan.o)
                0x400069cc                __hexnan
 *fill*         0x40006afa        0x2 
 .text          0x40006afc        0xe c:/nburn/gcc-m68k/bin/../m68k-unknown-elf/sysroot/lib/m54455\libc.a(lib_a-gettzinfo.o)
                0x40006afc                __gettzinfo
 *fill*         0x40006b0a        0x2 
 .text          0x40006b0c      0x172 c:/nburn/gcc-m68k/bin/../m68k-unknown-elf/sysroot/lib/m54455\libc.a(lib_a-gmtime_r.o)
                0x40006b0c                gmtime_r
 *fill*         0x40006c7e        0x2 
 .text          0x40006c80       0xc4 c:/nburn/gcc-m68k/bin/../m68k-unknown-elf/sysroot/lib/m54455\libc.a(lib_a-locale.o)
                0x40006c80                _setlocale_r
                0x40006cda                __locale_charset
                0x40006ce8                __locale_mb_cur_max
                0x40006cf6                __locale_msgcharset
                0x40006d04                __locale_cjk_lang
                0x40006d0e                _localeconv_r
                0x40006d1c                setlocale
                0x40006d36                localeconv
 .text          0x40006d44      0x152 c:/nburn/gcc-m68k/bin/../m68k-unknown-elf/sysroot/lib/m54455\libc.a(lib_a-makebuf.o)
                0x40006d44                __smakebuf_r
 *fill*         0x40006e96        0x2 
 .text          0x40006e98       0x32 c:/nburn/gcc-m68k/bin/../m68k-unknown-elf/sysroot/lib/m54455\libc.a(lib_a-memchr.o)
                0x40006e98                memchr
 *fill*         0x40006eca        0x2 
 .text          0x40006ecc       0x54 c:/nburn/gcc-m68k/bin/../m68k-unknown-elf/sysroot/lib/m54455\libc.a(lib_a-memmove.o)
                0x40006ecc                memmove
 .text          0x40006f20      0xa56 c:/nburn/gcc-m68k/bin/../m68k-unknown-elf/sysroot/lib/m54455\libc.a(lib_a-mprec.o)
                0x40006f20                _Balloc
                0x40006fa8                _Bfree
                0x40006fcc                __multadd
                0x40007076                __s2b
                0x40007128                __hi0bits
                0x40007188                __lo0bits
                0x400071fc                __i2b
                0x4000721e                __multiply
                0x40007378                __pow5mult
                0x4000741e                __lshift
                0x400074d0                __mcmp
                0x4000751a                __mdiff
                0x40007610                __ulp
                0x4000766e                __b2d
                0x4000771c                __d2b
                0x4000780a                __ratio
                0x40007882                _mprec_log10
                0x400078de                __copybits
                0x40007920                __any_on
 *fill*         0x40007976        0x2 
 .text          0x40007978      0x456 c:/nburn/gcc-m68k/bin/../m68k-unknown-elf/sysroot/lib/m54455\libc.a(lib_a-reallocr.o)
                0x40007978                _realloc_r
 *fill*         0x40007dce        0x2 
 .text          0x40007dd0      0x1a2 c:/nburn/gcc-m68k/bin/../m68k-unknown-elf/sysroot/lib/m54455\libc.a(lib_a-refill.o)
                0x40007df2                __srefill_r
 *fill*         0x40007f72        0x2 
 .text          0x40007f74        0xe c:/nburn/gcc-m68k/bin/../m68k-unknown-elf/sysroot/lib/m54455\libc.a(lib_a-sf_nan.o)
                0x40007f74                nanf
 *fill*         0x40007f82        0x2 
 .text          0x40007f84      0x126 c:/nburn/gcc-m68k/bin/../m68k-unknown-elf/sysroot/lib/m54455\libc.a(lib_a-stdio.o)
                0x40007f84                __sread
                0x40007fc8                __seofread
                0x40007fd2                __swrite
                0x4000803e                __sseek
                0x40008092                __sclose
 *fill*         0x400080aa        0x2 
 .text          0x400080ac       0x4e c:/nburn/gcc-m68k/bin/../m68k-unknown-elf/sysroot/lib/m54455\libc.a(lib_a-strncmp.o)
                0x400080ac                strncmp
 *fill*         0x400080fa        0x2 
 .text          0x400080fc       0x38 c:/nburn/gcc-m68k/bin/../m68k-unknown-elf/sysroot/lib/m54455\libc.a(lib_a-writer.o)
                0x400080fc                _write_r
 .text          0x40008134       0x9a c:/nburn/gcc-m68k/bin/../m68k-unknown-elf/sysroot/lib/m54455\libc.a(lib_a-callocr.o)
                0x40008134                _calloc_r
 *fill*         0x400081ce        0x2 
 .text          0x400081d0       0x2e c:/nburn/gcc-m68k/bin/../m68k-unknown-elf/sysroot/lib/m54455\libc.a(lib_a-closer.o)
                0x400081d0                _close_r
 *fill*         0x400081fe        0x2 
 .text          0x40008200       0xe2 c:/nburn/gcc-m68k/bin/../m68k-unknown-elf/sysroot/lib/m54455\libc.a(lib_a-fclose.o)
                0x40008200                _fclose_r
                0x400082cc                fclose
 *fill*         0x400082e2        0x2 
 .text          0x400082e4       0x32 c:/nburn/gcc-m68k/bin/../m68k-unknown-elf/sysroot/lib/m54455\libc.a(lib_a-fstatr.o)
                0x400082e4                _fstat_r
 *fill*         0x40008316        0x2 
 .text          0x40008318       0x2e c:/nburn/gcc-m68k/bin/../m68k-unknown-elf/sysroot/lib/m54455\libc.a(lib_a-isattyr.o)
                0x40008318                _isatty_r
 *fill*         0x40008346        0x2 
 .text          0x40008348       0x38 c:/nburn/gcc-m68k/bin/../m68k-unknown-elf/sysroot/lib/m54455\libc.a(lib_a-lseekr.o)
                0x40008348                _lseek_r
 .text          0x40008380       0x38 c:/nburn/gcc-m68k/bin/../m68k-unknown-elf/sysroot/lib/m54455\libc.a(lib_a-readr.o)
                0x40008380                _read_r
 .text          0x400083b8       0x32 c:/nburn/gcc-m68k/bin/../lib/gcc/m68k-unknown-elf/5.2.0/m54455/crtend.o
                0x400083f0                . = ALIGN (0x10)
 *fill*         0x400083ea        0x6 
 *(.text.*)
 .text.WebGPS   0x400083f0       0xda webfuncs.o
                0x400083f0                WebGPS
 *fill*         0x400084ca        0x2 
 .text._Z9WriteLedsh
                0x400084cc      0x108 webfuncs.o
                0x400084cc                _Z9WriteLedsh
 .text.WebLeds  0x400085d4       0xe2 webfuncs.o
                0x400085d4                WebLeds
 *fill*         0x400086b6        0x2 
 .text._Z10ReadSwitchv
                0x400086b8       0xb2 webfuncs.o
                0x400086b8                _Z10ReadSwitchv
 *fill*         0x4000876a        0x2 
 .text.DoSwitches
                0x4000876c       0xd0 webfuncs.o
                0x4000876c                DoSwitches
 .text._Z6hewinsi
                0x4000883c       0x94 webfuncs.o
                0x4000883c                _Z6hewinsi
 .text._Z4movei
                0x400088d0      0x1bc webfuncs.o
                0x400088d0                _Z4movei
 .text.WebTickTacToe
                0x40008a8c      0x312 webfuncs.o
                0x40008a8c                WebTickTacToe
 *fill*         0x40008d9e        0x2 
 .text.DisplayFirmwareVersion
                0x40008da0       0x16 webfuncs.o
                0x40008da0                DisplayFirmwareVersion
 *fill*         0x40008db6        0x2 
 .text._Z20displayEffsErrorCodei
                0x40008db8       0x44 tests.o
                0x40008db8                _Z20displayEffsErrorCodei
 .text._Z19doSingleMemCardTesti
                0x40008dfc      0x1aa tests.o
                0x40008dfc                _Z19doSingleMemCardTesti
 *fill*         0x40008fa6        0x2 
 .text._Z17doDualMemCardTestv
                0x40008fa8       0x46 tests.o
                0x40008fa8                _Z17doDualMemCardTestv
 *fill*         0x40008fee        0x2 
 .text._Z10doManfTestv
                0x40008ff0       0x78 tests.o
                0x40008ff0                _Z10doManfTestv
 .text._Z11processPingPc
                0x40009068      0x13e main.o
                0x40009068                _Z11processPingPc
 *fill*         0x400091a6        0x2 
 .text._Z22showEthernetLinkStatusv
                0x400091a8       0x8c main.o
                0x400091a8                _Z22showEthernetLinkStatusv
 .text._Z11displayMenuv
                0x40009234       0x66 main.o
                0x40009234                _Z11displayMenuv
 *fill*         0x4000929a        0x2 
 .text._Z14processCommandPc
                0x4000929c      0x16a main.o
                0x4000929c                _Z14processCommandPc
 *fill*         0x40009406        0x2 
 .text.UserMain
                0x40009408      0x184 main.o
                0x40009408                UserMain
 .text.startup._GLOBAL__sub_I_AppName
                0x4000958c      0x130 main.o
 .text._Z15showIpAddressesv
                0x400096bc      0x2dc ip_util.o
                0x400096bc                _Z15showIpAddressesv
 .text._Z13FTPServerIniti
                0x40009998       0x1a ftps.o
                0x40009998                _Z13FTPServerIniti
 *fill*         0x400099b2        0x2 
 .text._Z12getDirStringPclS_
                0x400099b4       0xa8 ftps.o
                0x400099b4                _Z12getDirStringPclS_
 .text._Z13FTPD_ListFilePKcPvPFviS0_Ei
                0x40009a5c       0x7e ftps.o
                0x40009a5c                _Z13FTPD_ListFilePKcPvPFviS0_Ei
 *fill*         0x40009ada        0x2 
 .text._Z15FTPD_FileExistsPKcS0_Pv
                0x40009adc       0x60 ftps.o
                0x40009adc                _Z15FTPD_FileExistsPKcS0_Pv
 .text._Z16FTPD_GetFileSizePKcS0_
                0x40009b3c       0xa6 ftps.o
                0x40009b3c                _Z16FTPD_GetFileSizePKcS0_
 *fill*         0x40009be2        0x2 
 .text._Z11SendFullBini
                0x40009be4       0xb8 ftps.o
                0x40009be4                _Z11SendFullBini
 .text._Z21FTPD_SendFileToClientPKcS0_Pvi
                0x40009c9c       0xda ftps.o
                0x40009c9c                _Z21FTPD_SendFileToClientPKcS0_Pvi
 *fill*         0x40009d76        0x2 
 .text._Z22FTPD_GetFileFromClientPKcS0_Pvi
                0x40009d78        0xa ftps.o
                0x40009d78                _Z22FTPD_GetFileFromClientPKcS0_Pvi
 *fill*         0x40009d82        0x2 
 .text._Z21FTPD_AbleToCreateFilePKcS0_Pv
                0x40009d84        0xa ftps.o
                0x40009d84                _Z21FTPD_AbleToCreateFilePKcS0_Pv
 *fill*         0x40009d8e        0x2 
 .text._Z14FTPDSessionEndPv
                0x40009d90        0x8 ftps.o
                0x40009d90                _Z14FTPDSessionEndPv
 .text._Z23FTPD_ListSubDirectoriesPKcPvPFviS0_Ei
                0x40009d98        0xa ftps.o
                0x40009d98                _Z23FTPD_ListSubDirectoriesPKcPvPFviS0_Ei
 *fill*         0x40009da2        0x2 
 .text._Z20FTPD_DirectoryExistsPKcPv
                0x40009da4        0xa ftps.o
                0x40009da4                _Z20FTPD_DirectoryExistsPKcPv
 *fill*         0x40009dae        0x2 
 .text._Z23FTPD_CreateSubDirectoryPKcS0_Pv
                0x40009db0        0xa ftps.o
                0x40009db0                _Z23FTPD_CreateSubDirectoryPKcS0_Pv
 *fill*         0x40009dba        0x2 
 .text._Z23FTPD_DeleteSubDirectoryPKcS0_Pv
                0x40009dbc        0xa ftps.o
                0x40009dbc                _Z23FTPD_DeleteSubDirectoryPKcS0_Pv
 *fill*         0x40009dc6        0x2 
 .text._Z15FTPD_DeleteFilePKcS0_Pv
                0x40009dc8        0xa ftps.o
                0x40009dc8                _Z15FTPD_DeleteFilePKcS0_Pv
 *fill*         0x40009dd2        0x2 
 .text._Z11FTPD_RenamePKcS0_S0_Pv
                0x40009dd4        0xa ftps.o
                0x40009dd4                _Z11FTPD_RenamePKcS0_S0_Pv
 *fill*         0x40009dde        0x2 
 .text._Z16FTPDSessionStartPKcS0_7IPADDR4
                0x40009de0        0xa ftps.o
                0x40009de0                _Z16FTPDSessionStartPKcS0_7IPADDR4
 *fill*         0x40009dea        0x2 
 .text._Z15InitSingleEndADv
                0x40009dec       0xec SimpleAD.o
                0x40009dec                _Z15InitSingleEndADv
 .text._Z7StartADv
                0x40009ed8       0x26 SimpleAD.o
                0x40009ed8                _Z7StartADv
 *fill*         0x40009efe        0x2 
 .text._Z6ADDonev
                0x40009f00       0x20 SimpleAD.o
                0x40009f00                _Z6ADDonev
 .text._Z11GetADResulti
                0x40009f20       0x1c SimpleAD.o
                0x40009f20                _Z11GetADResulti
 .text._ZN7GPSTime19setTimeFromGPGGAStrEPKc
                0x40009f3c       0x64 GPS\GPSTime.o
                0x40009f3c                _ZN7GPSTime19setTimeFromGPGGAStrEPKc
 .text._ZN6GPSNtp19setTimeFromGPGGAStrEPc
                0x40009fa0       0x64 GPS\GPSNtp.o
                0x40009fa0                _ZN6GPSNtp19setTimeFromGPGGAStrEPc
 .text._ZN6GPSNtp19setDateFromGPGGAStrEPc
                0x4000a004       0x66 GPS\GPSNtp.o
                0x4000a004                _ZN6GPSNtp19setDateFromGPGGAStrEPc
 *fill*         0x4000a06a        0x2 
 .text._ZN6GPSNtp14ProcessNtpSecsEmmiiiiii
                0x4000a06c       0xc0 GPS\GPSNtp.o
                0x4000a06c                _ZN6GPSNtp14ProcessNtpSecsEmmiiiiii
 .text._ZN6GPSNtp6setLEDEh
                0x4000a12c        0x8 GPS\GPSNtp.o
                0x4000a12c                _ZN6GPSNtp6setLEDEh
 .text._ZN11GPSLocation20getFormattedLocationEPc
                0x4000a134       0x30 GPS\GPSLocation.o
                0x4000a134                _ZN11GPSLocation20getFormattedLocationEPc
 .text._ZN11GPSLocation10getDecimalEPc
                0x4000a164       0x8c GPS\GPSLocation.o
                0x4000a164                _ZN11GPSLocation10getDecimalEPc
 .text._ZN11GPSLocation23setLocationFromGPGGAStrEPKc
                0x4000a1f0       0x9a GPS\GPSLocation.o
                0x4000a1f0                _ZN11GPSLocation23setLocationFromGPGGAStrEPKc
 *fill*         0x4000a28a        0x2 
 .text._ZN7GPSCHIP5startEv
                0x4000a28c       0x3a GPS\GPSCHIP.o
                0x4000a28c                _ZN7GPSCHIP5startEv
 *fill*         0x4000a2c6        0x2 
 .text._ZN7GPSCHIP16CheckGPSCheckSumEPKc
                0x4000a2c8       0x52 GPS\GPSCHIP.o
                0x4000a2c8                _ZN7GPSCHIP16CheckGPSCheckSumEPKc
 *fill*         0x4000a31a        0x2 
 .text._ZN7GPSCHIP11DecodeGPGGAEPc
                0x4000a31c      0x2bc GPS\GPSCHIP.o
                0x4000a31c                _ZN7GPSCHIP11DecodeGPGGAEPc
 .text._ZN7GPSCHIP11DecodeGPGSVEPc
                0x4000a5d8      0x162 GPS\GPSCHIP.o
                0x4000a5d8                _ZN7GPSCHIP11DecodeGPGSVEPc
 *fill*         0x4000a73a        0x2 
 .text._ZN7GPSCHIP11DecodeGPRMCEPc
                0x4000a73c      0x18a GPS\GPSCHIP.o
                0x4000a73c                _ZN7GPSCHIP11DecodeGPRMCEPc
 *fill*         0x4000a8c6        0x2 
 .text._ZN7GPSCHIP11DecodeGPGSAEPc
                0x4000a8c8      0x12a GPS\GPSCHIP.o
                0x4000a8c8                _ZN7GPSCHIP11DecodeGPGSAEPc
 *fill*         0x4000a9f2        0x2 
 .text._ZN7GPSCHIP8readLoopEv
                0x4000a9f4      0x6c2 GPS\GPSCHIP.o
                0x4000a9f4                _ZN7GPSCHIP8readLoopEv
 *fill*         0x4000b0b6        0x2 
 .text._ZN7GPSCHIP14staticreadLoopEPv
                0x4000b0b8       0x38 GPS\GPSCHIP.o
                0x4000b0b8                _ZN7GPSCHIP14staticreadLoopEPv
 .text._Z14DoHtmlFunctioniPKct
                0x4000b0f0       0x42 htmldata.o
                0x4000b0f0                _Z14DoHtmlFunctioniPKct
 *fill*         0x4000b132        0x2 
 .text._Z14DoHtmlVariableit
                0x4000b134        0xa htmldata.o
                0x4000b134                _Z14DoHtmlVariableit
 *fill*         0x4000b13e        0x2 
 .text._Z5xTickv
                0x4000b140       0x1c C:\Nburn/lib/MOD5441X.a(bsp.o)
                0x4000b140                _Z5xTickv
                0x4000b144                Tick5441X
 .text._Z7SetIntcilii
                0x4000b15c       0x62 C:\Nburn/lib/MOD5441X.a(bsp.o)
                0x4000b15c                _Z7SetIntcilii
 *fill*         0x4000b1be        0x2 
 .text._Z11ForceRebootb
                0x4000b1c0       0x54 C:\Nburn/lib/MOD5441X.a(bsp.o)
                0x4000b1c0                _Z11ForceRebootb
 .text._Z12DisableCachev
                0x4000b214       0x56 C:\Nburn/lib/MOD5441X.a(bsp.o)
                0x4000b214                _Z12DisableCachev
 *fill*         0x4000b26a        0x2 
 .text._Z11EnableCachev
                0x4000b26c       0x42 C:\Nburn/lib/MOD5441X.a(bsp.o)
                0x4000b26c                _Z11EnableCachev
 *fill*         0x4000b2ae        0x2 
 .text._Z13HardwareSetupl
                0x4000b2b0      0x15e C:\Nburn/lib/MOD5441X.a(bsp.o)
                0x4000b2b0                _Z13HardwareSetupl
 *fill*         0x4000b40e        0x2 
 .text._sbrk_r  0x4000b410       0x48 C:\Nburn/lib/MOD5441X.a(bsp.o)
                0x4000b410                _sbrk_r
 .text.atexit   0x4000b458        0xa C:\Nburn/lib/MOD5441X.a(bsp.o)
                0x4000b458                atexit
 *fill*         0x4000b462        0x2 
 .text._Z18BspGetTickFractionv
                0x4000b464       0x18 C:\Nburn/lib/MOD5441X.a(bsp.o)
                0x4000b464                _Z18BspGetTickFractionv
 .text._ZL10mmc_getphyP8F_DRIVERP5F_PHY
                0x4000b47c       0x58 C:\Nburn/lib/MOD5441X.a(mmc.o)
 .text._ZL11mmc_releaseP8F_DRIVER
                0x4000b4d4        0x8 C:\Nburn/lib/MOD5441X.a(mmc.o)
 .text._ZL13mmc_cmd_fixedimm
                0x4000b4dc      0x116 C:\Nburn/lib/MOD5441X.a(mmc.o)
 *fill*         0x4000b5f2        0x2 
 .text._ZL8mmc_readP8F_DRIVERPhmi
                0x4000b5f4      0x2f4 C:\Nburn/lib/MOD5441X.a(mmc.o)
 .text._Z14mmc_readsectorP8F_DRIVERPvm
                0x4000b8e8       0x1e C:\Nburn/lib/MOD5441X.a(mmc.o)
                0x4000b8e8                _Z14mmc_readsectorP8F_DRIVERPvm
 *fill*         0x4000b906        0x2 
 .text._Z22mmc_readmultiplesectorP8F_DRIVERPvmi
                0x4000b908        0xc C:\Nburn/lib/MOD5441X.a(mmc.o)
                0x4000b908                _Z22mmc_readmultiplesectorP8F_DRIVERPvmi
 .text._ZL9mmc_writeP8F_DRIVERPhmi
                0x4000b914      0x36c C:\Nburn/lib/MOD5441X.a(mmc.o)
 .text._Z15mmc_writesectorP8F_DRIVERPvm
                0x4000bc80       0x1e C:\Nburn/lib/MOD5441X.a(mmc.o)
                0x4000bc80                _Z15mmc_writesectorP8F_DRIVERPvm
 *fill*         0x4000bc9e        0x2 
 .text._Z23mmc_writemultiplesectorP8F_DRIVERPvmi
                0x4000bca0        0xc C:\Nburn/lib/MOD5441X.a(mmc.o)
                0x4000bca0                _Z23mmc_writemultiplesectorP8F_DRIVERPvmi
 .text._Z13_get_csd_bitsPhhh
                0x4000bcac       0x86 C:\Nburn/lib/MOD5441X.a(mmc.o)
                0x4000bcac                _Z13_get_csd_bitsPhhh
 *fill*         0x4000bd32        0x2 
 .text._ZL12mmc_initcardi
                0x4000bd34      0x7e4 C:\Nburn/lib/MOD5441X.a(mmc.o)
 .text._ZL13mmc_getstatusP8F_DRIVER
                0x4000c518      0x106 C:\Nburn/lib/MOD5441X.a(mmc.o)
 *fill*         0x4000c61e        0x2 
 .text.mmc_initfunc
                0x4000c620       0xc8 C:\Nburn/lib/MOD5441X.a(mmc.o)
                0x4000c620                mmc_initfunc
 .text.startup._GLOBAL__sub_I__Z14mmc_readsectorP8F_DRIVERPvm
                0x4000c6e8       0x3c C:\Nburn/lib/MOD5441X.a(mmc.o)
 .text.__tcf_0  0x4000c724       0x38 C:\Nburn/lib/MOD5441X.a(serial.o)
 .text._Z11BaseGetChari
                0x4000c75c       0xac C:\Nburn/lib/MOD5441X.a(serial.o)
                0x4000c75c                _Z11BaseGetChari
 .text._Z14InitializeMapsv.part.1
                0x4000c808       0x76 C:\Nburn/lib/MOD5441X.a(serial.o)
 *fill*         0x4000c87e        0x2 
 .text._Z6WakeTxi
                0x4000c880       0x8c C:\Nburn/lib/MOD5441X.a(serial.o)
                0x4000c880                _Z6WakeTxi
 .text._Z11BasePutCharih
                0x4000c90c       0xf0 C:\Nburn/lib/MOD5441X.a(serial.o)
                0x4000c90c                _Z11BasePutCharih
 .text._Z8serwriteiPKci
                0x4000c9fc      0x156 C:\Nburn/lib/MOD5441X.a(serial.o)
                0x4000c9fc                _Z8serwriteiPKci
 *fill*         0x4000cb52        0x2 
 .text._Z8DoSerIsri
                0x4000cb54      0x302 C:\Nburn/lib/MOD5441X.a(serial.o)
                0x4000cb54                _Z8DoSerIsri
 *fill*         0x4000ce56        0x2 
 .text._Z14fake_SER_0_ISRv
                0x4000ce58       0x54 C:\Nburn/lib/MOD5441X.a(serial.o)
                0x4000ce58                _Z14fake_SER_0_ISRv
                0x4000ce5c                SER_0_ISR
 .text.real_SER_0_ISR
                0x4000ceac       0x12 C:\Nburn/lib/MOD5441X.a(serial.o)
                0x4000ceac                real_SER_0_ISR
 *fill*         0x4000cebe        0x2 
 .text._Z14fake_SER_1_ISRv
                0x4000cec0       0x54 C:\Nburn/lib/MOD5441X.a(serial.o)
                0x4000cec0                _Z14fake_SER_1_ISRv
                0x4000cec4                SER_1_ISR
 .text.real_SER_1_ISR
                0x4000cf14       0x14 C:\Nburn/lib/MOD5441X.a(serial.o)
                0x4000cf14                real_SER_1_ISR
 .text._Z14fake_SER_2_ISRv
                0x4000cf28       0x54 C:\Nburn/lib/MOD5441X.a(serial.o)
                0x4000cf28                _Z14fake_SER_2_ISRv
                0x4000cf2c                SER_2_ISR
 .text.real_SER_2_ISR
                0x4000cf7c       0x14 C:\Nburn/lib/MOD5441X.a(serial.o)
                0x4000cf7c                real_SER_2_ISR
 .text._Z14fake_SER_3_ISRv
                0x4000cf90       0x54 C:\Nburn/lib/MOD5441X.a(serial.o)
                0x4000cf90                _Z14fake_SER_3_ISRv
                0x4000cf94                SER_3_ISR
 .text.real_SER_3_ISR
                0x4000cfe4       0x14 C:\Nburn/lib/MOD5441X.a(serial.o)
                0x4000cfe4                real_SER_3_ISR
 .text._Z14fake_SER_4_ISRv
                0x4000cff8       0x54 C:\Nburn/lib/MOD5441X.a(serial.o)
                0x4000cff8                _Z14fake_SER_4_ISRv
                0x4000cffc                SER_4_ISR
 .text.real_SER_4_ISR
                0x4000d04c       0x14 C:\Nburn/lib/MOD5441X.a(serial.o)
                0x4000d04c                real_SER_4_ISR
 .text._Z14fake_SER_5_ISRv
                0x4000d060       0x54 C:\Nburn/lib/MOD5441X.a(serial.o)
                0x4000d060                _Z14fake_SER_5_ISRv
                0x4000d064                SER_5_ISR
 .text.real_SER_5_ISR
                0x4000d0b4       0x14 C:\Nburn/lib/MOD5441X.a(serial.o)
                0x4000d0b4                real_SER_5_ISR
 .text._Z14fake_SER_6_ISRv
                0x4000d0c8       0x54 C:\Nburn/lib/MOD5441X.a(serial.o)
                0x4000d0c8                _Z14fake_SER_6_ISRv
                0x4000d0cc                SER_6_ISR
 .text.real_SER_6_ISR
                0x4000d11c       0x14 C:\Nburn/lib/MOD5441X.a(serial.o)
                0x4000d11c                real_SER_6_ISR
 .text._Z14fake_SER_7_ISRv
                0x4000d130       0x54 C:\Nburn/lib/MOD5441X.a(serial.o)
                0x4000d130                _Z14fake_SER_7_ISRv
                0x4000d134                SER_7_ISR
 .text.real_SER_7_ISR
                0x4000d184       0x14 C:\Nburn/lib/MOD5441X.a(serial.o)
                0x4000d184                real_SER_7_ISR
 .text._Z14fake_SER_8_ISRv
                0x4000d198       0x54 C:\Nburn/lib/MOD5441X.a(serial.o)
                0x4000d198                _Z14fake_SER_8_ISRv
                0x4000d19c                SER_8_ISR
 .text.real_SER_8_ISR
                0x4000d1ec       0x14 C:\Nburn/lib/MOD5441X.a(serial.o)
                0x4000d1ec                real_SER_8_ISR
 .text._Z14fake_SER_9_ISRv
                0x4000d200       0x54 C:\Nburn/lib/MOD5441X.a(serial.o)
                0x4000d200                _Z14fake_SER_9_ISRv
                0x4000d204                SER_9_ISR
 .text.real_SER_9_ISR
                0x4000d254       0x14 C:\Nburn/lib/MOD5441X.a(serial.o)
                0x4000d254                real_SER_9_ISR
 .text._Z10serreadwtoiPcii
                0x4000d268      0x21a C:\Nburn/lib/MOD5441X.a(serial.o)
                0x4000d268                _Z10serreadwtoiPcii
 *fill*         0x4000d482        0x2 
 .text._Z7serreadiPci
                0x4000d484       0x1c C:\Nburn/lib/MOD5441X.a(serial.o)
                0x4000d484                _Z7serreadiPci
 .text._Z10OpenSerialijii11parity_mode
                0x4000d4a0      0x6f0 C:\Nburn/lib/MOD5441X.a(serial.o)
                0x4000d4a0                _Z10OpenSerialijii11parity_mode
 .text._Z11SerialClosei
                0x4000db90       0xda C:\Nburn/lib/MOD5441X.a(serial.o)
                0x4000db90                _Z11SerialClosei
 *fill*         0x4000dc6a        0x2 
 .text._Z16serexternalclosei
                0x4000dc6c       0x34 C:\Nburn/lib/MOD5441X.a(serial.o)
                0x4000dc6c                _Z16serexternalclosei
 .text.startup._GLOBAL__sub_I_Uarts
                0x4000dca0       0x5e C:\Nburn/lib/MOD5441X.a(serial.o)
 *fill*         0x4000dcfe        0x2 
 .text._Z9StopEnet0v
                0x4000dd00       0x4e C:\Nburn/lib/MOD5441X.a(ethernet.o)
                0x4000dd00                _Z9StopEnet0v
 *fill*         0x4000dd4e        0x2 
 .text._Z13EthMultifunc06MACADRh
                0x4000dd50       0x46 C:\Nburn/lib/MOD5441X.a(ethernet.o)
                0x4000dd50                _Z13EthMultifunc06MACADRh
 *fill*         0x4000dd96        0x2 
 .text._Z10EtherLink0v
                0x4000dd98       0x5c C:\Nburn/lib/MOD5441X.a(ethernet.o)
                0x4000dd98                _Z10EtherLink0v
 .text._ZN12EthernetVars15ProcessRxBufferEP11pool_buffer.part.1
                0x4000ddf4      0x21c C:\Nburn/lib/MOD5441X.a(ethernet.o)
 .text._ZN12EthernetVars16ReadyDescriptorsEv.part.2
                0x4000e010       0xd6 C:\Nburn/lib/MOD5441X.a(ethernet.o)
 *fill*         0x4000e0e6        0x2 
 .text._ZN12EthernetVars9RxIsrProcERVmmm
                0x4000e0e8      0x242 C:\Nburn/lib/MOD5441X.a(ethernet.o)
                0x4000e0e8                _ZN12EthernetVars9RxIsrProcERVmmm
 *fill*         0x4000e32a        0x2 
 .text._Z15fake_rxenetisr0v
                0x4000e32c       0x54 C:\Nburn/lib/MOD5441X.a(ethernet.o)
                0x4000e32c                _Z15fake_rxenetisr0v
                0x4000e330                rxenetisr0
 .text.real_rxenetisr0
                0x4000e380       0x6c C:\Nburn/lib/MOD5441X.a(ethernet.o)
                0x4000e380                real_rxenetisr0
 .text._Z15fake_txenetisr0v
                0x4000e3ec       0x54 C:\Nburn/lib/MOD5441X.a(ethernet.o)
                0x4000e3ec                _Z15fake_txenetisr0v
                0x4000e3f0                txenetisr0
 .text._Z15fake_rxenetisr1v
                0x4000e440       0x54 C:\Nburn/lib/MOD5441X.a(ethernet.o)
                0x4000e440                _Z15fake_rxenetisr1v
                0x4000e444                rxenetisr1
 .text.real_rxenetisr1
                0x4000e494       0x6c C:\Nburn/lib/MOD5441X.a(ethernet.o)
                0x4000e494                real_rxenetisr1
 .text._Z15fake_txenetisr1v
                0x4000e500       0x54 C:\Nburn/lib/MOD5441X.a(ethernet.o)
                0x4000e500                _Z15fake_txenetisr1v
                0x4000e504                txenetisr1
 .text._ZN12EthernetVars9TxIsrProcERVmmm
                0x4000e554      0x228 C:\Nburn/lib/MOD5441X.a(ethernet.o)
                0x4000e554                _ZN12EthernetVars9TxIsrProcERVmmm
 .text.real_txenetisr0
                0x4000e77c       0x34 C:\Nburn/lib/MOD5441X.a(ethernet.o)
                0x4000e77c                real_txenetisr0
 .text.real_txenetisr1
                0x4000e7b0       0x34 C:\Nburn/lib/MOD5441X.a(ethernet.o)
                0x4000e7b0                real_txenetisr1
 .text._ZN12EthernetVars17EthTransmitBufferEP11pool_buffer
                0x4000e7e4      0x18a C:\Nburn/lib/MOD5441X.a(ethernet.o)
                0x4000e7e4                _ZN12EthernetVars17EthTransmitBufferEP11pool_buffer
 *fill*         0x4000e96e        0x2 
 .text._Z18EthTransmitBuffer0P11pool_buffer
                0x4000e970       0x1a C:\Nburn/lib/MOD5441X.a(ethernet.o)
                0x4000e970                _Z18EthTransmitBuffer0P11pool_buffer
 *fill*         0x4000e98a        0x2 
 .text._ZN12EthernetVars6GetMIIEh
                0x4000e98c       0x84 C:\Nburn/lib/MOD5441X.a(ethernet.o)
                0x4000e98c                _ZN12EthernetVars6GetMIIEh
 .text._ZN12EthernetVars6GetMIIEhh
                0x4000ea10       0x80 C:\Nburn/lib/MOD5441X.a(ethernet.o)
                0x4000ea10                _ZN12EthernetVars6GetMIIEhh
 .text._ZN12EthernetVars6SetMIIEht
                0x4000ea90       0x8a C:\Nburn/lib/MOD5441X.a(ethernet.o)
                0x4000ea90                _ZN12EthernetVars6SetMIIEht
 *fill*         0x4000eb1a        0x2 
 .text._ZN12EthernetVars14ResetEnetPart2Ev
                0x4000eb1c      0x736 C:\Nburn/lib/MOD5441X.a(ethernet.o)
                0x4000eb1c                _ZN12EthernetVars14ResetEnetPart2Ev
 *fill*         0x4000f252        0x2 
 .text._ZN12EthernetVars9ResetEnetEv
                0x4000f254      0xb0e C:\Nburn/lib/MOD5441X.a(ethernet.o)
                0x4000f254                _ZN12EthernetVars9ResetEnetEv
 *fill*         0x4000fd62        0x2 
 .text._ZN12EthernetVars16ReadyDescriptorsEv
                0x4000fd64       0x1a C:\Nburn/lib/MOD5441X.a(ethernet.o)
                0x4000fd64                _ZN12EthernetVars16ReadyDescriptorsEv
 *fill*         0x4000fd7e        0x2 
 .text._ZN12EthernetVars13WarmEnetResetEv
                0x4000fd80       0xb0 C:\Nburn/lib/MOD5441X.a(ethernet.o)
                0x4000fd80                _ZN12EthernetVars13WarmEnetResetEv
 .text._ZN12EthernetVars19ProcessDuplexStatusEt
                0x4000fe30      0x5f8 C:\Nburn/lib/MOD5441X.a(ethernet.o)
                0x4000fe30                _ZN12EthernetVars19ProcessDuplexStatusEt
 .text._Z17Ether_ProcessTaskPv
                0x40010428      0x48c C:\Nburn/lib/MOD5441X.a(ethernet.o)
                0x40010428                _Z17Ether_ProcessTaskPv
 .text._ZN12EthernetVars8StopEnetEv
                0x400108b4       0x4e C:\Nburn/lib/MOD5441X.a(ethernet.o)
                0x400108b4                _ZN12EthernetVars8StopEnetEv
 *fill*         0x40010902        0x2 
 .text._ZN12EthernetVars18InitializeEthernetEiiR6MACADR
                0x40010904      0x3c0 C:\Nburn/lib/MOD5441X.a(ethernet.o)
                0x40010904                _ZN12EthernetVars18InitializeEthernetEiiR6MACADR
 .text._Z20AddEthernetInterfacev
                0x40010cc4      0x136 C:\Nburn/lib/MOD5441X.a(ethernet.o)
                0x40010cc4                _Z20AddEthernetInterfacev
 *fill*         0x40010dfa        0x2 
 .text._Z9EtherLinkv
                0x40010dfc       0x3c C:\Nburn/lib/MOD5441X.a(ethernet.o)
                0x40010dfc                _Z9EtherLinkv
 .text._Z11EtherDuplexv
                0x40010e38       0x3c C:\Nburn/lib/MOD5441X.a(ethernet.o)
                0x40010e38                _Z11EtherDuplexv
 .text._Z13EtherSpeed100v
                0x40010e74       0x3c C:\Nburn/lib/MOD5441X.a(ethernet.o)
                0x40010e74                _Z13EtherSpeed100v
 .text.startup._GLOBAL__sub_I_enet0
                0x40010eb0       0x7a C:\Nburn/lib/MOD5441X.a(ethernet.o)
 *fill*         0x40010f2a        0x2 
 .text._ZN12EthernetVars9EtherLinkEv
                0x40010f2c       0x10 C:\Nburn/lib/MOD5441X.a(etherprint.o)
                0x40010f2c                _ZN12EthernetVars9EtherLinkEv
 .text._ZN12EthernetVars13EtherSpeed100Ev
                0x40010f3c       0x10 C:\Nburn/lib/MOD5441X.a(etherprint.o)
                0x40010f3c                _ZN12EthernetVars13EtherSpeed100Ev
 .text._ZN12EthernetVars11EtherDuplexEv
                0x40010f4c       0x10 C:\Nburn/lib/MOD5441X.a(etherprint.o)
                0x40010f4c                _ZN12EthernetVars11EtherDuplexEv
 .text._Z10showbinarytt
                0x40010f5c       0x74 C:\Nburn/lib/MOD5441X.a(etherprint.o)
                0x40010f5c                _Z10showbinarytt
 .text._ZN12EthernetVars7ShowMIIEhhPKct
                0x40010fd0       0x6a C:\Nburn/lib/MOD5441X.a(etherprint.o)
                0x40010fd0                _ZN12EthernetVars7ShowMIIEhhPKct
 *fill*         0x4001103a        0x2 
 .text._ZN12EthernetVars13ShowPhyterMIIEv
                0x4001103c      0x296 C:\Nburn/lib/MOD5441X.a(etherprint.o)
                0x4001103c                _ZN12EthernetVars13ShowPhyterMIIEv
 *fill*         0x400112d2        0x2 
 .text._ZN12EthernetVars16ShowFECRegistersEv
                0x400112d4      0x4fa C:\Nburn/lib/MOD5441X.a(etherprint.o)
                0x400112d4                _ZN12EthernetVars16ShowFECRegistersEv
 *fill*         0x400117ce        0x2 
 .text._Z5dEnetv
                0x400117d0       0x16 C:\Nburn/lib/MOD5441X.a(etherprint.o)
                0x400117d0                _Z5dEnetv
 *fill*         0x400117e6        0x2 
 .text._ZN12EthernetVars18EthEnableMulticastE6MACADR
                0x400117e8      0x1a8 C:\Nburn/lib/MOD5441X.a(emulticast.o)
                0x400117e8                _ZN12EthernetVars18EthEnableMulticastE6MACADR
 .text._ZN12EthernetVars19EthDisableMulticastE6MACADR
                0x40011990      0x1f0 C:\Nburn/lib/MOD5441X.a(emulticast.o)
                0x40011990                _ZN12EthernetVars19EthDisableMulticastE6MACADR
 .text._ZN5PinIO3setEh
                0x40011b80      0xf24 C:\Nburn/lib/MOD5441X.a(pins.o)
                0x40011b80                _ZN5PinIO3setEh
 .text._ZN5PinIO8functionEi
                0x40012aa4      0x770 C:\Nburn/lib/MOD5441X.a(pins.o)
                0x40012aa4                _ZN5PinIO8functionEi
 .text.spi_tx1  0x40013214       0xa2 C:\Nburn/lib/MOD5441X.a(mmc_mcf.o)
                0x40013214                spi_tx1
 *fill*         0x400132b6        0x2 
 .text.spi_tx2  0x400132b8      0x100 C:\Nburn/lib/MOD5441X.a(mmc_mcf.o)
                0x400132b8                spi_tx2
 .text.spi_tx4  0x400133b8      0x1c2 C:\Nburn/lib/MOD5441X.a(mmc_mcf.o)
                0x400133b8                spi_tx4
 *fill*         0x4001357a        0x2 
 .text.spi_tx512
                0x4001357c       0xd2 C:\Nburn/lib/MOD5441X.a(mmc_mcf.o)
                0x4001357c                spi_tx512
 *fill*         0x4001364e        0x2 
 .text.spi_rx1  0x40013650      0x1f4 C:\Nburn/lib/MOD5441X.a(mmc_mcf.o)
                0x40013650                spi_rx1
 .text.spi_rx512
                0x40013844      0x2ac C:\Nburn/lib/MOD5441X.a(mmc_mcf.o)
                0x40013844                spi_rx512
 .text.spi_set_baudrate
                0x40013af0      0x482 C:\Nburn/lib/MOD5441X.a(mmc_mcf.o)
                0x40013af0                spi_set_baudrate
 *fill*         0x40013f72        0x2 
 .text.spi_get_baudrate
                0x40013f74       0x20 C:\Nburn/lib/MOD5441X.a(mmc_mcf.o)
                0x40013f74                spi_get_baudrate
 .text._Z12MMC_BaseIniti
                0x40013f94      0x100 C:\Nburn/lib/MOD5441X.a(mmc_mcf.o)
                0x40013f94                _Z12MMC_BaseIniti
 .text.get_cd   0x40014094       0x90 C:\Nburn/lib/MOD5441X.a(mmc_mcf.o)
                0x40014094                get_cd
 .text.get_wp   0x40014124       0x56 C:\Nburn/lib/MOD5441X.a(mmc_mcf.o)
                0x40014124                get_wp
 *fill*         0x4001417a        0x2 
 .text.spi_cs_lo
                0x4001417c       0xb8 C:\Nburn/lib/MOD5441X.a(mmc_mcf.o)
                0x4001417c                spi_cs_lo
 .text.spi_cs_hi
                0x40014234       0xb8 C:\Nburn/lib/MOD5441X.a(mmc_mcf.o)
                0x40014234                spi_cs_hi
 .text.spi_init
                0x400142ec      0x134 C:\Nburn/lib/MOD5441X.a(mmc_mcf.o)
                0x400142ec                spi_init
 .text._Z9StopEnet1v
                0x40014420       0x16 C:\Nburn/lib/MOD5441X.a(ether2nd.o)
                0x40014420                _Z9StopEnet1v
 *fill*         0x40014436        0x2 
 .text._Z10EtherLink1v
                0x40014438       0x26 C:\Nburn/lib/MOD5441X.a(ether2nd.o)
                0x40014438                _Z10EtherLink1v
 *fill*         0x4001445e        0x2 
 .text._Z18EthTransmitBuffer1P11pool_buffer
                0x40014460       0x2e C:\Nburn/lib/MOD5441X.a(ether2nd.o)
                0x40014460                _Z18EthTransmitBuffer1P11pool_buffer
 *fill*         0x4001448e        0x2 
 .text._Z13EthMultifunc16MACADRh
                0x40014490       0x46 C:\Nburn/lib/MOD5441X.a(ether2nd.o)
                0x40014490                _Z13EthMultifunc16MACADRh
 *fill*         0x400144d6        0x2 
 .text._Z14Add2ndEthernetv
                0x400144d8      0x1da C:\Nburn/lib/MOD5441X.a(ether2nd.o)
                0x400144d8                _Z14Add2ndEthernetv
 *fill*         0x400146b2        0x2 
 .text.startup._GLOBAL__sub_I_EthernetBlock1
                0x400146b4       0x26 C:\Nburn/lib/MOD5441X.a(ether2nd.o)
 *fill*         0x400146da        0x2 
 .text._Z14UpdateMacTableblPhjj
                0x400146dc      0x1dc C:\Nburn/lib/MOD5441X.a(etherswitch.o)
                0x400146dc                _Z14UpdateMacTableblPhjj
 .text._Z12InitMacTablev
                0x400148b8       0xaa C:\Nburn/lib/MOD5441X.a(etherswitch.o)
                0x400148b8                _Z12InitMacTablev
 *fill*         0x40014962        0x2 
 .text._Z17fake_rxeswitchisrv
                0x40014964       0x54 C:\Nburn/lib/MOD5441X.a(etherswitch.o)
                0x40014964                _Z17fake_rxeswitchisrv
                0x40014968                rxeswitchisr
 .text.real_rxeswitchisr
                0x400149b8       0x52 C:\Nburn/lib/MOD5441X.a(etherswitch.o)
                0x400149b8                real_rxeswitchisr
 *fill*         0x40014a0a        0x2 
 .text._Z17fake_txeswitchisrv
                0x40014a0c       0x54 C:\Nburn/lib/MOD5441X.a(etherswitch.o)
                0x40014a0c                _Z17fake_txeswitchisrv
                0x40014a10                txeswitchisr
 .text.real_txeswitchisr
                0x40014a60       0x52 C:\Nburn/lib/MOD5441X.a(etherswitch.o)
                0x40014a60                real_txeswitchisr
 *fill*         0x40014ab2        0x2 
 .text._Z14fake_eswlrnisrv
                0x40014ab4       0x54 C:\Nburn/lib/MOD5441X.a(etherswitch.o)
                0x40014ab4                _Z14fake_eswlrnisrv
                0x40014ab8                eswlrnisr
 .text.real_eswlrnisr
                0x40014b08       0x9e C:\Nburn/lib/MOD5441X.a(etherswitch.o)
                0x40014b08                real_eswlrnisr
 *fill*         0x40014ba6        0x2 
 .text._Z15EtherSwitchInitv
                0x40014ba8      0x210 C:\Nburn/lib/MOD5441X.a(etherswitch.o)
                0x40014ba8                _Z15EtherSwitchInitv
 .text._Z13GetUartRecordi
                0x40014db8       0x3a C:\Nburn/lib/MOD5441X.a(localio.o)
                0x40014db8                _Z13GetUartRecordi
 *fill*         0x40014df2        0x2 
 .text._Z11LocalInBytev
                0x40014df4       0x5e C:\Nburn/lib/MOD5441X.a(localio.o)
                0x40014df4                _Z11LocalInBytev
 *fill*         0x40014e52        0x2 
 .text._Z12LocalOutBytec
                0x40014e54       0x66 C:\Nburn/lib/MOD5441X.a(localio.o)
                0x40014e54                _Z12LocalOutBytec
 *fill*         0x40014eba        0x2 
 .text._Z14LocalCharAvailv
                0x40014ebc       0x58 C:\Nburn/lib/MOD5441X.a(localio.o)
                0x40014ebc                _Z14LocalCharAvailv
 .text.startup  0x40014f14        0xc C:\Nburn/lib/NetBurner.a(main.o)
                0x40014f14                main
 .text._Z22TopOfStackKillfunctionv
                0x40014f20        0xc C:\Nburn/lib/NetBurner.a(ucosmcfc.o)
                0x40014f20                _Z22TopOfStackKillfunctionv
                0x40014f24                KillFunctionLink
 .text._Z9OSTCBInithPvS_PlPKc
                0x40014f2c       0xc2 C:\Nburn/lib/NetBurner.a(ucosmcfc.o)
                0x40014f2c                _Z9OSTCBInithPvS_PlPKc
 *fill*         0x40014fee        0x2 
 .text._Z17OSTaskCreatewNamePFvPvES_S_S_hPKc.part.0
                0x40014ff0      0x1d2 C:\Nburn/lib/NetBurner.a(ucosmcfc.o)
 *fill*         0x400151c2        0x2 
 .text._Z17OSTaskCreatewNamePFvPvES_S_S_hPKc
                0x400151c4       0x44 C:\Nburn/lib/NetBurner.a(ucosmcfc.o)
                0x400151c4                _Z17OSTaskCreatewNamePFvPvES_S_S_hPKc
 .text._Z12OSTaskCreatePFvPvES_S_S_h
                0x40015208       0x48 C:\Nburn/lib/NetBurner.a(ucosmcfc.o)
                0x40015208                _Z12OSTaskCreatePFvPvES_S_S_h
 .text._ZL10OSTaskIdlePv
                0x40015250       0x2a C:\Nburn/lib/NetBurner.a(ucos.o)
 *fill*         0x4001527a        0x2 
 .text._Z6OSInitPvS_h
                0x4001527c      0x174 C:\Nburn/lib/NetBurner.a(ucos.o)
                0x4001527c                _Z6OSInitPvS_h
 .text._Z7OSStartv
                0x400153f0       0x7c C:\Nburn/lib/NetBurner.a(ucos.o)
                0x400153f0                _Z7OSStartv
 .text.OSSched  0x4001546c       0x92 C:\Nburn/lib/NetBurner.a(ucos.o)
                0x4001546c                OSSched
                0x400154f0                UCOSWAITS_HERE
 *fill*         0x400154fe        0x2 
 .text.OSIntExit
                0x40015500       0x94 C:\Nburn/lib/NetBurner.a(ucos.o)
                0x40015500                OSIntExit
 .text._Z9OSTimeDlyt
                0x40015594       0xb4 C:\Nburn/lib/NetBurner.a(ucos.o)
                0x40015594                _Z9OSTimeDlyt
 .text.OSTimeTick
                0x40015648      0x104 C:\Nburn/lib/NetBurner.a(ucos.o)
                0x40015648                OSTimeTick
 .text._Z12OSTCBGetFreev
                0x4001574c       0x2c C:\Nburn/lib/NetBurner.a(ucos.o)
                0x4001574c                _Z12OSTCBGetFreev
 .text._Z6OSLockv
                0x40015778       0x26 C:\Nburn/lib/NetBurner.a(ucos.o)
                0x40015778                _Z6OSLockv
 *fill*         0x4001579e        0x2 
 .text._Z8OSUnlockv
                0x400157a0       0x3e C:\Nburn/lib/NetBurner.a(ucos.o)
                0x400157a0                _Z8OSUnlockv
 *fill*         0x400157de        0x2 
 .text._Z12OSChangePrioh
                0x400157e0      0x100 C:\Nburn/lib/NetBurner.a(ucos.o)
                0x400157e0                _Z12OSChangePrioh
 .text._Z12OSTaskDeletev
                0x400158e0      0x112 C:\Nburn/lib/NetBurner.a(ucos.o)
                0x400158e0                _Z12OSTaskDeletev
 *fill*         0x400159f2        0x2 
 .text._ZN15OS_TASK_DLY_OBJC2Ev
                0x400159f4       0x30 C:\Nburn/lib/NetBurner.a(ucos.o)
                0x400159f4                _ZN15OS_TASK_DLY_OBJC2Ev
                0x400159f4                _ZN15OS_TASK_DLY_OBJC1Ev
 .text._ZN6OS_SEM5ClaimEv
                0x40015a24       0x52 C:\Nburn/lib/NetBurner.a(ucos.o)
                0x40015a24                _ZN6OS_SEM5ClaimEv
 *fill*         0x40015a76        0x2 
 .text._ZN6OS_SEM4InitEl
                0x40015a78       0x88 C:\Nburn/lib/NetBurner.a(ucos.o)
                0x40015a78                _ZN6OS_SEM4InitEl
 .text._ZN6OS_SEM4PendEm
                0x40015b00      0x1d6 C:\Nburn/lib/NetBurner.a(ucos.o)
                0x40015b00                _ZN6OS_SEM4PendEm
 *fill*         0x40015cd6        0x2 
 .text._ZN6OS_SEM10PendNoWaitEv
                0x40015cd8       0x3a C:\Nburn/lib/NetBurner.a(ucos.o)
                0x40015cd8                _ZN6OS_SEM10PendNoWaitEv
 *fill*         0x40015d12        0x2 
 .text._ZN6OS_SEM4PostEv
                0x40015d14      0x178 C:\Nburn/lib/NetBurner.a(ucos.o)
                0x40015d14                _ZN6OS_SEM4PostEv
 .text._ZN7OS_FIFO4InitEv
                0x40015e8c       0x48 C:\Nburn/lib/NetBurner.a(ucos.o)
                0x40015e8c                _ZN7OS_FIFO4InitEv
 .text._ZN7OS_FIFO4PendEPPV10os_fifo_elm
                0x40015ed4      0x1d6 C:\Nburn/lib/NetBurner.a(ucos.o)
                0x40015ed4                _ZN7OS_FIFO4PendEPPV10os_fifo_elm
 *fill*         0x400160aa        0x2 
 .text._ZN7OS_FIFO10PendNoWaitEPPV10os_fifo_el
                0x400160ac       0x66 C:\Nburn/lib/NetBurner.a(ucos.o)
                0x400160ac                _ZN7OS_FIFO10PendNoWaitEPPV10os_fifo_el
 *fill*         0x40016112        0x2 
 .text._ZN7OS_FIFO4PostEP10os_fifo_el
                0x40016114      0x160 C:\Nburn/lib/NetBurner.a(ucos.o)
                0x40016114                _ZN7OS_FIFO4PostEP10os_fifo_el
 .text._ZN7OS_CRIT4InitEv
                0x40016274       0x4c C:\Nburn/lib/NetBurner.a(ucos.o)
                0x40016274                _ZN7OS_CRIT4InitEv
 .text._ZN7OS_CRIT5EnterEm
                0x400162c0      0x208 C:\Nburn/lib/NetBurner.a(ucos.o)
                0x400162c0                _ZN7OS_CRIT5EnterEm
 .text._ZN7OS_CRIT11EnterNoWaitEv
                0x400164c8       0x70 C:\Nburn/lib/NetBurner.a(ucos.o)
                0x400164c8                _ZN7OS_CRIT11EnterNoWaitEv
 .text._ZN7OS_CRIT5LeaveEv
                0x40016538      0x19e C:\Nburn/lib/NetBurner.a(ucos.o)
                0x40016538                _ZN7OS_CRIT5LeaveEv
 *fill*         0x400166d6        0x2 
 .text._Z8OSTaskIDv
                0x400166d8       0x12 C:\Nburn/lib/NetBurner.a(ucos.o)
                0x400166d8                _Z8OSTaskIDv
 *fill*         0x400166ea        0x2 
 .text.cppmain  0x400166ec       0x40 C:\Nburn/lib/NetBurner.a(cppmain.o)
                0x400166ec                cppmain
 .text._Z23SetAddressReadRangeTrapmm
                0x4001672c       0xec C:\Nburn/lib/NetBurner.a(debugtrap.o)
                0x4001672c                _Z23SetAddressReadRangeTrapmm
 .text.UCosSetup
                0x40016818       0x80 C:\Nburn/lib/NetBurner.a(ucosmain.o)
                0x40016818                UCosSetup
 .text.__malloc_lock
                0x40016898       0x1c C:\Nburn/lib/NetBurner.a(ucosmain.o)
                0x40016898                __malloc_lock
 .text.__malloc_unlock
                0x400168b4       0x1c C:\Nburn/lib/NetBurner.a(ucosmain.o)
                0x400168b4                __malloc_unlock
 .text._Z9UCosBeginv
                0x400168d0       0xba C:\Nburn/lib/NetBurner.a(ucosmain.o)
                0x400168d0                _Z9UCosBeginv
 *fill*         0x4001698a        0x2 
 .text.startup._GLOBAL__sub_I_OSIdleTaskStk
                0x4001698c       0x22 C:\Nburn/lib/NetBurner.a(ucosmain.o)
 *fill*         0x400169ae        0x2 
 .text.ioctl    0x400169b0       0x76 C:\Nburn/lib/NetBurner.a(fileio.o)
                0x400169b0                ioctl
 *fill*         0x40016a26        0x2 
 .text.close    0x40016a28       0x4c C:\Nburn/lib/NetBurner.a(fileio.o)
                0x40016a28                close
 .text.write    0x40016a74      0x150 C:\Nburn/lib/NetBurner.a(fileio.o)
                0x40016a74                write
 .text._Z8rawwriteiPKci
                0x40016bc4       0x82 C:\Nburn/lib/NetBurner.a(fileio.o)
                0x40016bc4                _Z8rawwriteiPKci
 *fill*         0x40016c46        0x2 
 .text.isatty   0x40016c48       0x14 C:\Nburn/lib/NetBurner.a(fileio.o)
                0x40016c48                isatty
 .text.lseek    0x40016c5c       0x16 C:\Nburn/lib/NetBurner.a(fileio.o)
                0x40016c5c                lseek
 *fill*         0x40016c72        0x2 
 .text.fstat    0x40016c74       0x1c C:\Nburn/lib/NetBurner.a(fileio.o)
                0x40016c74                fstat
 .text._Z11stdioinbytei
                0x40016c90       0x76 C:\Nburn/lib/NetBurner.a(fileio.o)
                0x40016c90                _Z11stdioinbytei
 *fill*         0x40016d06        0x2 
 .text.read     0x40016d08      0x1aa C:\Nburn/lib/NetBurner.a(fileio.o)
                0x40016d08                read
 *fill*         0x40016eb2        0x2 
 .text.charavail
                0x40016eb4       0x2e C:\Nburn/lib/NetBurner.a(fileio.o)
                0x40016eb4                charavail
 *fill*         0x40016ee2        0x2 
 .text.ReplaceStdio
                0x40016ee4       0xa0 C:\Nburn/lib/NetBurner.a(fileio.o)
                0x40016ee4                ReplaceStdio
 .text.CurrentStdioFD
                0x40016f84       0x22 C:\Nburn/lib/NetBurner.a(fileio.o)
                0x40016f84                CurrentStdioFD
 *fill*         0x40016fa6        0x2 
 .text._Z9isvalidcrP12ConfigRecord
                0x40016fa8       0x46 C:\Nburn/lib/NetBurner.a(system.o)
                0x40016fa8                _Z9isvalidcrP12ConfigRecord
 *fill*         0x40016fee        0x2 
 .text._Z12RawGetConfigi
                0x40016ff0       0x24 C:\Nburn/lib/NetBurner.a(system.o)
                0x40016ff0                _Z12RawGetConfigi
 .text._Z22UpdateConfigRecord_NumP12ConfigRecordi
                0x40017014      0x184 C:\Nburn/lib/NetBurner.a(system.o)
                0x40017014                _Z22UpdateConfigRecord_NumP12ConfigRecordi
 .text._Z18UpdateConfigRecordP12ConfigRecord
                0x40017198       0x16 C:\Nburn/lib/NetBurner.a(system.o)
                0x40017198                _Z18UpdateConfigRecordP12ConfigRecord
 *fill*         0x400171ae        0x2 
 .text._Z8ReadLinePci
                0x400171b0      0x1bc C:\Nburn/lib/NetBurner.a(system.o)
                0x400171b0                _Z8ReadLinePci
 .text._Z10IpQuestionPKcP7IPADDR4
                0x4001736c       0xb8 C:\Nburn/lib/NetBurner.a(system.o)
                0x4001736c                _Z10IpQuestionPKcP7IPADDR4
 .text._Z10ShowChangePKcP7IPADDR4PKS1_
                0x40017424       0x5c C:\Nburn/lib/NetBurner.a(system.o)
                0x40017424                _Z10ShowChangePKcP7IPADDR4PKS1_
 .text._Z11SetupDialogv
                0x40017480      0x150 C:\Nburn/lib/NetBurner.a(system.o)
                0x40017480                _Z11SetupDialogv
 .text._Z12ShowCountersv
                0x400175d0       0xa8 C:\Nburn/lib/NetBurner.a(utils.o)
                0x400175d0                _Z12ShowCountersv
 .text._Z7ShowMacP6MACADR
                0x40017678       0x42 C:\Nburn/lib/NetBurner.a(utils.o)
                0x40017678                _Z7ShowMacP6MACADR
 *fill*         0x400176ba        0x2 
 .text._Z7ShowIP47IPADDR4
                0x400176bc       0x36 C:\Nburn/lib/NetBurner.a(utils.o)
                0x400176bc                _Z7ShowIP47IPADDR4
 *fill*         0x400176f2        0x2 
 .text._Z9snShowIP4Pcm7IPADDR4
                0x400176f4       0x3a C:\Nburn/lib/NetBurner.a(utils.o)
                0x400176f4                _Z9snShowIP4Pcm7IPADDR4
 *fill*         0x4001772e        0x2 
 .text._Z10AsciiToIp4PKc
                0x40017730       0x78 C:\Nburn/lib/NetBurner.a(utils.o)
                0x40017730                _Z10AsciiToIp4PKc
 .text._Z8ShowDataPKht
                0x400177a8      0x556 C:\Nburn/lib/NetBurner.a(utils.o)
                0x400177a8                _Z8ShowDataPKht
 *fill*         0x40017cfe        0x2 
 .text._Z11IsBroadCast7IPADDR4i.part.1
                0x40017d00       0x48 C:\Nburn/lib/NetBurner.a(ip.o)
 .text._Z12AddInterface7IPADDR4S_S_i
                0x40017d48      0x156 C:\Nburn/lib/NetBurner.a(ip.o)
                0x40017d48                _Z12AddInterface7IPADDR4S_S_i
 *fill*         0x40017e9e        0x2 
 .text._Z22GetMultiHomeInterface47IPADDR4i
                0x40017ea0       0x6e C:\Nburn/lib/NetBurner.a(ip.o)
                0x40017ea0                _Z22GetMultiHomeInterface47IPADDR4i
 *fill*         0x40017f0e        0x2 
 .text._Z10DoIPPacketP11pool_bufferP6EFRAMEt
                0x40017f10      0x1ae C:\Nburn/lib/NetBurner.a(ip.o)
                0x40017f10                _Z10DoIPPacketP11pool_bufferP6EFRAMEt
 *fill*         0x400180be        0x2 
 .text._Z20GetLocalIPInterface47IPADDR4
                0x400180c0       0x5e C:\Nburn/lib/NetBurner.a(ip.o)
                0x400180c0                _Z20GetLocalIPInterface47IPADDR4
 *fill*         0x4001811e        0x2 
 .text._Z8IsLocal47IPADDR4i
                0x40018120       0x44 C:\Nburn/lib/NetBurner.a(ip.o)
                0x40018120                _Z8IsLocal47IPADDR4i
 .text._Z11IsBroadCast7IPADDR4i
                0x40018164       0x1c C:\Nburn/lib/NetBurner.a(ip.o)
                0x40018164                _Z11IsBroadCast7IPADDR4i
 .text._Z7IsMyIp47IPADDR4
                0x40018180       0x20 C:\Nburn/lib/NetBurner.a(ip.o)
                0x40018180                _Z7IsMyIp47IPADDR4
 .text._Z16FixHeaderAndSendP11pool_bufferP5IPPKT
                0x400181a0      0x210 C:\Nburn/lib/NetBurner.a(ip.o)
                0x400181a0                _Z16FixHeaderAndSendP11pool_bufferP5IPPKT
 .text._Z28FixHeaderAndSendViaInterfaceP11pool_bufferP5IPPKTi
                0x400183b0      0x192 C:\Nburn/lib/NetBurner.a(ip.o)
                0x400183b0                _Z28FixHeaderAndSendViaInterfaceP11pool_bufferP5IPPKTi
 *fill*         0x40018542        0x2 
 .text._Z9SaveErrorP11pool_buffer
                0x40018544       0x42 C:\Nburn/lib/NetBurner.a(ip.o)
                0x40018544                _Z9SaveErrorP11pool_buffer
 *fill*         0x40018586        0x2 
 .text._Z13process_icmp4P11pool_bufferP5IPPKTt
                0x40018588      0x150 C:\Nburn/lib/NetBurner.a(ip.o)
                0x40018588                _Z13process_icmp4P11pool_bufferP5IPPKTt
 .text._Z6IPTaskPv
                0x400186d8      0x23a C:\Nburn/lib/NetBurner.a(ip.o)
                0x400186d8                _Z6IPTaskPv
 *fill*         0x40018912        0x2 
 .text._Z15InitializeStack7IPADDR4S_S_S_
                0x40018914      0x144 C:\Nburn/lib/NetBurner.a(ip.o)
                0x40018914                _Z15InitializeStack7IPADDR4S_S_S_
 .text._Z9FixUpICMPP5IPPKThhPht
                0x40018a58       0x68 C:\Nburn/lib/NetBurner.a(ip.o)
                0x40018a58                _Z9FixUpICMPP5IPPKThhPht
 .text._Z9SendPing47IPADDR4tti
                0x40018ac0       0xe2 C:\Nburn/lib/NetBurner.a(ip.o)
                0x40018ac0                _Z9SendPing47IPADDR4tti
 *fill*         0x40018ba2        0x2 
 .text._Z13SendICMPErrorP11pool_bufferhh
                0x40018ba4       0xa8 C:\Nburn/lib/NetBurner.a(ip.o)
                0x40018ba4                _Z13SendICMPErrorP11pool_bufferhh
 .text._Z17Ping4ViaInterface7IPADDR4ttti
                0x40018c4c      0x14c C:\Nburn/lib/NetBurner.a(ip.o)
                0x40018c4c                _Z17Ping4ViaInterface7IPADDR4ttti
 .text._Z5Ping47IPADDR4ttt
                0x40018d98       0x2e C:\Nburn/lib/NetBurner.a(ip.o)
                0x40018d98                _Z5Ping47IPADDR4ttt
 *fill*         0x40018dc6        0x2 
 .text._Z16GetEphemeralPortv
                0x40018dc8       0x40 C:\Nburn/lib/NetBurner.a(ip.o)
                0x40018dc8                _Z16GetEphemeralPortv
 .text.startup._GLOBAL__sub_I_wGlobalPktId
                0x40018e08       0x5c C:\Nburn/lib/NetBurner.a(ip.o)
 .text._Z13IncUsageCountP11pool_buffer
                0x40018e64       0x3e C:\Nburn/lib/NetBurner.a(buffers.o)
                0x40018e64                _Z13IncUsageCountP11pool_buffer
 *fill*         0x40018ea2        0x2 
 .text._Z12GetFreeCountv
                0x40018ea4       0x16 C:\Nburn/lib/NetBurner.a(buffers.o)
                0x40018ea4                _Z12GetFreeCountv
 *fill*         0x40018eba        0x2 
 .text._ZN11buffer_list10InsertHeadEP11pool_buffer
                0x40018ebc       0x6c C:\Nburn/lib/NetBurner.a(buffers.o)
                0x40018ebc                _ZN11buffer_list10InsertHeadEP11pool_buffer
 .text._Z10FreeBufferP11pool_buffer
                0x40018f28       0x8c C:\Nburn/lib/NetBurner.a(buffers.o)
                0x40018f28                _Z10FreeBufferP11pool_buffer
 .text._Z11InitBuffersv
                0x40018fb4       0xca C:\Nburn/lib/NetBurner.a(buffers.o)
                0x40018fb4                _Z11InitBuffersv
 *fill*         0x4001907e        0x2 
 .text._ZN11buffer_list10InsertTailEP11pool_buffer
                0x40019080       0x5e C:\Nburn/lib/NetBurner.a(buffers.o)
                0x40019080                _ZN11buffer_list10InsertTailEP11pool_buffer
 *fill*         0x400190de        0x2 
 .text._ZN11buffer_list10RemoveHeadEv
                0x400190e0       0x62 C:\Nburn/lib/NetBurner.a(buffers.o)
                0x400190e0                _ZN11buffer_list10RemoveHeadEv
 *fill*         0x40019142        0x2 
 .text._Z9GetBufferv
                0x40019144       0x44 C:\Nburn/lib/NetBurner.a(buffers.o)
                0x40019144                _Z9GetBufferv
 .text._ZN19fifo_buffer_storage14LongSpaceAvailEv
                0x40019188       0xc4 C:\Nburn/lib/NetBurner.a(buffers.o)
                0x40019188                _ZN19fifo_buffer_storage14LongSpaceAvailEv
 .text._ZN19fifo_buffer_storage10SpaceAvailEv
                0x4001924c       0x1e C:\Nburn/lib/NetBurner.a(buffers.o)
                0x4001924c                _ZN19fifo_buffer_storage10SpaceAvailEv
 *fill*         0x4001926a        0x2 
 .text._ZN19fifo_buffer_storage9SpaceUsedEv
                0x4001926c       0x10 C:\Nburn/lib/NetBurner.a(buffers.o)
                0x4001926c                _ZN19fifo_buffer_storage9SpaceUsedEv
 .text._ZN19fifo_buffer_storage8ReadDataEPhi
                0x4001927c      0x144 C:\Nburn/lib/NetBurner.a(buffers.o)
                0x4001927c                _ZN19fifo_buffer_storage8ReadDataEPhi
 .text._ZN19fifo_buffer_storage12ReadDatawSumEPhiRm
                0x400193c0      0x1aa C:\Nburn/lib/NetBurner.a(buffers.o)
                0x400193c0                _ZN19fifo_buffer_storage12ReadDatawSumEPhiRm
 *fill*         0x4001956a        0x2 
 .text._ZN19fifo_buffer_storage9WriteDataEPhi
                0x4001956c      0x274 C:\Nburn/lib/NetBurner.a(buffers.o)
                0x4001956c                _ZN19fifo_buffer_storage9WriteDataEPhi
 .text._ZN19fifo_buffer_storageC2Ehh
                0x400197e0       0x7c C:\Nburn/lib/NetBurner.a(buffers.o)
                0x400197e0                _ZN19fifo_buffer_storageC1Ehh
                0x400197e0                _ZN19fifo_buffer_storageC2Ehh
 .text._ZN19fifo_buffer_storage4InitEhh
                0x4001985c       0x6c C:\Nburn/lib/NetBurner.a(buffers.o)
                0x4001985c                _ZN19fifo_buffer_storage4InitEhh
 .text._ZN19fifo_buffer_storage5ResetEh
                0x400198c8       0xd4 C:\Nburn/lib/NetBurner.a(buffers.o)
                0x400198c8                _ZN19fifo_buffer_storage5ResetEh
 .text._ZN19fifo_buffer_storageD2Ev
                0x4001999c       0x16 C:\Nburn/lib/NetBurner.a(buffers.o)
                0x4001999c                _ZN19fifo_buffer_storageD1Ev
                0x4001999c                _ZN19fifo_buffer_storageD2Ev
 *fill*         0x400199b2        0x2 
 .text._ZN19fifo_buffer_storage5EmptyEv
                0x400199b4       0x14 C:\Nburn/lib/NetBurner.a(buffers.o)
                0x400199b4                _ZN19fifo_buffer_storage5EmptyEv
 .text._ZN19fifo_buffer_storage4FullEv
                0x400199c8       0x40 C:\Nburn/lib/NetBurner.a(buffers.o)
                0x400199c8                _ZN19fifo_buffer_storage4FullEv
 .text.startup._GLOBAL__sub_I_static_pool_buffers
                0x40019a08       0x2e C:\Nburn/lib/NetBurner.a(buffers.o)
 *fill*         0x40019a36        0x2 
 .text._Z6IsNullP9ArpRecord
                0x40019a38       0x24 C:\Nburn/lib/NetBurner.a(arp.o)
                0x40019a38                _Z6IsNullP9ArpRecord
 .text._Z25GetInterfaceForMyAddress47IPADDR4
                0x40019a5c       0x58 C:\Nburn/lib/NetBurner.a(arp.o)
                0x40019a5c                _Z25GetInterfaceForMyAddress47IPADDR4
 .text._Z13InitializeArpv
                0x40019ab4       0x88 C:\Nburn/lib/NetBurner.a(arp.o)
                0x40019ab4                _Z13InitializeArpv
 .text._Z7FindArp7IPADDR4
                0x40019b3c      0x118 C:\Nburn/lib/NetBurner.a(arp.o)
                0x40019b3c                _Z7FindArp7IPADDR4
 .text._Z9GetSrcIp47IPADDR4
                0x40019c54       0xf8 C:\Nburn/lib/NetBurner.a(arp.o)
                0x40019c54                _Z9GetSrcIp47IPADDR4
 .text._Z19GetProperInterface47IPADDR4
                0x40019d4c       0xbc C:\Nburn/lib/NetBurner.a(arp.o)
                0x40019d4c                _Z19GetProperInterface47IPADDR4
 .text._Z9DeleteArpP9ArpRecord
                0x40019e08      0x1d2 C:\Nburn/lib/NetBurner.a(arp.o)
                0x40019e08                _Z9DeleteArpP9ArpRecord
 *fill*         0x40019fda        0x2 
 .text._Z11GetFirstArpv
                0x40019fdc       0x62 C:\Nburn/lib/NetBurner.a(arp.o)
                0x40019fdc                _Z11GetFirstArpv
 *fill*         0x4001a03e        0x2 
 .text._Z10GetNextArpP9ArpRecord
                0x4001a040       0x78 C:\Nburn/lib/NetBurner.a(arp.o)
                0x4001a040                _Z10GetNextArpP9ArpRecord
 .text._Z7ShowArpv
                0x4001a0b8       0x9e C:\Nburn/lib/NetBurner.a(arp.o)
                0x4001a0b8                _Z7ShowArpv
 *fill*         0x4001a156        0x2 
 .text._Z10RawSendArpP9ArpRecord7IPADDR4i
                0x4001a158       0xea C:\Nburn/lib/NetBurner.a(arp.o)
                0x4001a158                _Z10RawSendArpP9ArpRecord7IPADDR4i
 *fill*         0x4001a242        0x2 
 .text._Z17sendGratuitousArpi
                0x4001a244       0xc8 C:\Nburn/lib/NetBurner.a(arp.o)
                0x4001a244                _Z17sendGratuitousArpi
 .text._Z7SendArpP9ArpRecordi
                0x4001a30c       0x70 C:\Nburn/lib/NetBurner.a(arp.o)
                0x4001a30c                _Z7SendArpP9ArpRecordi
 .text._Z6AgeArpv
                0x4001a37c      0x10e C:\Nburn/lib/NetBurner.a(arp.o)
                0x4001a37c                _Z6AgeArpv
 *fill*         0x4001a48a        0x2 
 .text._Z10FreeOneArpv
                0x4001a48c       0xa6 C:\Nburn/lib/NetBurner.a(arp.o)
                0x4001a48c                _Z10FreeOneArpv
 *fill*         0x4001a532        0x2 
 .text._Z10FindAddArp7IPADDR4
                0x4001a534      0x210 C:\Nburn/lib/NetBurner.a(arp.o)
                0x4001a534                _Z10FindAddArp7IPADDR4
 .text._Z6SetMacP9ArpRecord6MACADRi
                0x4001a744       0x8c C:\Nburn/lib/NetBurner.a(arp.o)
                0x4001a744                _Z6SetMacP9ArpRecord6MACADRi
 .text._Z10AddPendingP6MACADR7IPADDR4i
                0x4001a7d0       0x5a C:\Nburn/lib/NetBurner.a(arp.o)
                0x4001a7d0                _Z10AddPendingP6MACADR7IPADDR4i
 *fill*         0x4001a82a        0x2 
 .text._Z11AddCheckArpP6MACADR7IPADDR4i
                0x4001a82c       0xa2 C:\Nburn/lib/NetBurner.a(arp.o)
                0x4001a82c                _Z11AddCheckArpP6MACADR7IPADDR4i
 *fill*         0x4001a8ce        0x2 
 .text._Z10processArpP11pool_bufferP6EFRAME
                0x4001a8d0      0x2d6 C:\Nburn/lib/NetBurner.a(arp.o)
                0x4001a8d0                _Z10processArpP11pool_bufferP6EFRAME
 *fill*         0x4001aba6        0x2 
 .text._Z8NeedsArpi
                0x4001aba8       0x32 C:\Nburn/lib/NetBurner.a(arp.o)
                0x4001aba8                _Z8NeedsArpi
 *fill*         0x4001abda        0x2 
 .text._Z8RouteOutP6EFRAME7IPADDR4P11pool_buffer
                0x4001abdc      0x272 C:\Nburn/lib/NetBurner.a(arp.o)
                0x4001abdc                _Z8RouteOutP6EFRAME7IPADDR4P11pool_buffer
 *fill*         0x4001ae4e        0x2 
 .text._Z11RouteOutViaP6EFRAME7IPADDR4P11pool_bufferi
                0x4001ae50      0x22c C:\Nburn/lib/NetBurner.a(arp.o)
                0x4001ae50                _Z11RouteOutViaP6EFRAME7IPADDR4P11pool_bufferi
 .text._Z8MacEqual6MACADRS_
                0x4001b07c       0x3e C:\Nburn/lib/NetBurner.a(arp.o)
                0x4001b07c                _Z8MacEqual6MACADRS_
 *fill*         0x4001b0ba        0x2 
 .text.startup._GLOBAL__sub_I_ARP_critical_section
                0x4001b0bc       0x38 C:\Nburn/lib/NetBurner.a(arp.o)
 .text._Z13GetUdpFifoRecti
                0x4001b0f4       0xcc C:\Nburn/lib/NetBurner.a(udp.o)
                0x4001b0f4                _Z13GetUdpFifoRecti
 .text._ZN9UDPPacketC2EP11pool_buffer
                0x4001b1c0       0x28 C:\Nburn/lib/NetBurner.a(udp.o)
                0x4001b1c0                _ZN9UDPPacketC1EP11pool_buffer
                0x4001b1c0                _ZN9UDPPacketC2EP11pool_buffer
 .text._ZN9UDPPacketC2ERS_
                0x4001b1e8       0x28 C:\Nburn/lib/NetBurner.a(udp.o)
                0x4001b1e8                _ZN9UDPPacketC1ERS_
                0x4001b1e8                _ZN9UDPPacketC2ERS_
 .text._ZN9UDPPacketC2Eb
                0x4001b210       0x5a C:\Nburn/lib/NetBurner.a(udp.o)
                0x4001b210                _ZN9UDPPacketC2Eb
                0x4001b210                _ZN9UDPPacketC1Eb
 *fill*         0x4001b26a        0x2 
 .text._ZN9UDPPacketD2Ev
                0x4001b26c       0x1c C:\Nburn/lib/NetBurner.a(udp.o)
                0x4001b26c                _ZN9UDPPacketD1Ev
                0x4001b26c                _ZN9UDPPacketD2Ev
 .text._ZN9UDPPacket13SetSourcePortEt
                0x4001b288       0x1a C:\Nburn/lib/NetBurner.a(udp.o)
                0x4001b288                _ZN9UDPPacket13SetSourcePortEt
 *fill*         0x4001b2a2        0x2 
 .text._ZNK9UDPPacket13GetSourcePortEv
                0x4001b2a4       0x1c C:\Nburn/lib/NetBurner.a(udp.o)
                0x4001b2a4                _ZNK9UDPPacket13GetSourcePortEv
 .text._ZN9UDPPacket17GetSourceAddress4Ev
                0x4001b2c0       0x2c C:\Nburn/lib/NetBurner.a(udp.o)
                0x4001b2c0                _ZN9UDPPacket17GetSourceAddress4Ev
 .text._ZN9UDPPacket22GetDestinationAddress4Ev
                0x4001b2ec       0x2c C:\Nburn/lib/NetBurner.a(udp.o)
                0x4001b2ec                _ZN9UDPPacket22GetDestinationAddress4Ev
 .text._ZN9UDPPacket18SetDestinationPortEt
                0x4001b318       0x1c C:\Nburn/lib/NetBurner.a(udp.o)
                0x4001b318                _ZN9UDPPacket18SetDestinationPortEt
 .text._ZNK9UDPPacket18GetDestinationPortEv
                0x4001b334       0x1e C:\Nburn/lib/NetBurner.a(udp.o)
                0x4001b334                _ZNK9UDPPacket18GetDestinationPortEv
 *fill*         0x4001b352        0x2 
 .text._ZN9UDPPacket13GetDataBufferEb
                0x4001b354       0x62 C:\Nburn/lib/NetBurner.a(udp.o)
                0x4001b354                _ZN9UDPPacket13GetDataBufferEb
 *fill*         0x4001b3b6        0x2 
 .text._ZN9UDPPacket11SetDataSizeEt
                0x4001b3b8       0x1e C:\Nburn/lib/NetBurner.a(udp.o)
                0x4001b3b8                _ZN9UDPPacket11SetDataSizeEt
 *fill*         0x4001b3d6        0x2 
 .text._ZNK9UDPPacket11GetDataSizeEv
                0x4001b3d8       0x20 C:\Nburn/lib/NetBurner.a(udp.o)
                0x4001b3d8                _ZNK9UDPPacket11GetDataSizeEv
 .text._ZN9UDPPacket7AddDataEPKht
                0x4001b3f8       0x98 C:\Nburn/lib/NetBurner.a(udp.o)
                0x4001b3f8                _ZN9UDPPacket7AddDataEPKht
 .text._ZN9UDPPacket7AddDataEPKc
                0x4001b490       0x30 C:\Nburn/lib/NetBurner.a(udp.o)
                0x4001b490                _ZN9UDPPacket7AddDataEPKc
 .text._ZN9UDPPacket11AddDataByteEh
                0x4001b4c0       0x24 C:\Nburn/lib/NetBurner.a(udp.o)
                0x4001b4c0                _ZN9UDPPacket11AddDataByteEh
 .text._ZN9UDPPacket9ResetDataEv
                0x4001b4e4       0x1a C:\Nburn/lib/NetBurner.a(udp.o)
                0x4001b4e4                _ZN9UDPPacket9ResetDataEv
 *fill*         0x4001b4fe        0x2 
 .text._ZN9UDPPacket5Send4E7IPADDR4h