Archive member included to satisfy reference by file (symbol)

C:\Nburn/lib/MOD5441X.a(bsp.o)
                              c:/nburn/gcc-m68k/bin/../lib/gcc/m68k-unknown-elf/5.2.0/m54455\nb-crt0.o (atexit)
C:\Nburn/lib/MOD5441X.a(mmc.o)
                              tests.o (mmc_initfunc)
C:\Nburn/lib/MOD5441X.a(serial.o)
                              tests.o (_Z10OpenSerialijii11parity_mode)
C:\Nburn/lib/MOD5441X.a(ethernet.o)
                              main.o (_Z9EtherLinkv)
C:\Nburn/lib/MOD5441X.a(etherprint.o)
                              C:\Nburn/lib/MOD5441X.a(ethernet.o) (_ZN12EthernetVars9EtherLinkEv)
C:\Nburn/lib/MOD5441X.a(emulticast.o)
                              C:\Nburn/lib/MOD5441X.a(ethernet.o) (_ZN12EthernetVars18EthEnableMulticastE6MACADR)
C:\Nburn/lib/MOD5441X.a(pins.o)
                              webfuncs.o (_ZN5PinIO3setEh)
C:\Nburn/lib/MOD5441X.a(mmc_mcf.o)
                              C:\Nburn/lib/MOD5441X.a(mmc.o) (spi_tx1)
C:\Nburn/lib/MOD5441X.a(ether2nd.o)
                              C:\Nburn/lib/MOD5441X.a(ethernet.o) (_Z14Add2ndEthernetv)
C:\Nburn/lib/MOD5441X.a(etherswitch.o)
                              C:\Nburn/lib/MOD5441X.a(emulticast.o) (_Z14UpdateMacTableblPhjj)
C:\Nburn/lib/MOD5441X.a(weak_autoenet_var.o)
                              C:\Nburn/lib/MOD5441X.a(ethernet.o) (bAutomatic2ndEther)
C:\Nburn/lib/MOD5441X.a(bspa.o)
                              C:\Nburn/lib/MOD5441X.a(bsp.o) (CatchNullWrites)
C:\Nburn/lib/MOD5441X.a(localio.o)
                              C:\Nburn/lib/MOD5441X.a(serial.o) (_Z13GetUartRecordi)
C:\Nburn/lib/NetBurner.a(ucosmcfa.o)
                              C:\Nburn/lib/MOD5441X.a(bsp.o) (OSCtxSw)
C:\Nburn/lib/NetBurner.a(software_init.o)
                              c:/nburn/gcc-m68k/bin/../lib/gcc/m68k-unknown-elf/5.2.0/m54455\nb-crt0.o (software_init_hook)
C:\Nburn/lib/NetBurner.a(main.o)
                              c:/nburn/gcc-m68k/bin/../lib/gcc/m68k-unknown-elf/5.2.0/m54455\nb-crt0.o (main)
C:\Nburn/lib/NetBurner.a(ucosmcfc.o)
                              C:\Nburn/lib/MOD5441X.a(ethernet.o) (_Z17OSTaskCreatewNamePFvPvES_S_S_hPKc)
C:\Nburn/lib/NetBurner.a(ucos.o)
                              C:\Nburn/lib/NetBurner.a(ucosmcfc.o) (OSRdyTbl)
C:\Nburn/lib/NetBurner.a(cppmain.o)
                              C:\Nburn/lib/NetBurner.a(main.o) (cppmain)
C:\Nburn/lib/NetBurner.a(debugtrap.o)
                              C:\Nburn/lib/MOD5441X.a(bsp.o) (_Z23SetAddressReadRangeTrapmm)
C:\Nburn/lib/NetBurner.a(ucosmain.o)
                              C:\Nburn/lib/NetBurner.a(software_init.o) (UCosSetup)
C:\Nburn/lib/NetBurner.a(fileio.o)
                              C:\Nburn/lib/NetBurner.a(ucosmain.o) (ioctl)
C:\Nburn/lib/NetBurner.a(system.o)
                              C:\Nburn/lib/MOD5441X.a(ether2nd.o) (_Z12RawGetConfigi)
C:\Nburn/lib/NetBurner.a(utils.o)
                              C:\Nburn/lib/MOD5441X.a(ethernet.o) (frames_tx)
C:\Nburn/lib/NetBurner.a(ip.o)
                              main.o (_Z15InitializeStack7IPADDR4S_S_S_)
C:\Nburn/lib/NetBurner.a(buffers.o)
                              C:\Nburn/lib/NetBurner.a(utils.o) (_Z12GetFreeCountv)
C:\Nburn/lib/NetBurner.a(arp.o)
                              C:\Nburn/lib/NetBurner.a(ip.o) (_Z25GetInterfaceForMyAddress47IPADDR4)
C:\Nburn/lib/NetBurner.a(udp.o)
                              C:\Nburn/lib/NetBurner.a(ip.o) (_Z12process_udp4P11pool_bufferP5IPPKTt)
C:\Nburn/lib/NetBurner.a(ftpd.o)
                              ftps.o (_Z9FTPDStartth)
C:\Nburn/lib/NetBurner.a(tcp.o)
                              C:\Nburn/lib/NetBurner.a(ip.o) (_Z7InitTCPv)
C:\Nburn/lib/NetBurner.a(extraio.o)
                              C:\Nburn/lib/MOD5441X.a(serial.o) (_Z10GetExtraFDPvP14IoExpandStruct)
C:\Nburn/lib/NetBurner.a(http.o)
                              main.o (_Z9StartHTTPt)
C:\Nburn/lib/NetBurner.a(httpinternal.o)
                              C:\Nburn/lib/NetBurner.a(http.o) (_ZN12HTTP_Request11ProcessLineEPc)
C:\Nburn/lib/NetBurner.a(httpstricmp.o)
                              C:\Nburn/lib/NetBurner.a(httpinternal.o) (_Z11httpstricmpPKcS0_)
C:\Nburn/lib/NetBurner.a(htmldecomp.o)
                              C:\Nburn/lib/NetBurner.a(httpinternal.o) (_Z16SendFullResponsePKci)
C:\Nburn/lib/NetBurner.a(iosys.o)
                              C:\Nburn/lib/MOD5441X.a(serial.o) (_Z12SetDataAvaili)
C:\Nburn/lib/NetBurner.a(autoip.o)
                              C:\Nburn/lib/NetBurner.a(arp.o) (_ZN12AutoIPClient16addressCollisionEv)
C:\Nburn/lib/NetBurner.a(dhcpc.o)
                              main.o (_Z25GetDHCPAddressIfNecessaryib)
C:\Nburn/lib/NetBurner.a(netrx.o)
                              C:\Nburn/lib/MOD5441X.a(ethernet.o) (_Z7NetDoRXP11pool_bufferti)
C:\Nburn/lib/NetBurner.a(netinterface.o)
                              C:\Nburn/lib/NetBurner.a(arp.o) (_Z14TransmitBufferP11pool_bufferi)
C:\Nburn/lib/NetBurner.a(multiconfig.o)
[...]
Memory Configuration

Name             Origin             Length             Attributes
ram              0x40000400         0x03fffcff         xrw
SRAM             0x80000400         0x0000fbf0         xrw
Cold_SRAM        0x8000fff0         0x00000010         xrw
*default*        0x00000000         0xffffffff

Linker script and memory map

LOAD c:/nburn/gcc-m68k/bin/../lib/gcc/m68k-unknown-elf/5.2.0/m54455\nb-crt0.o
LOAD c:/nburn/gcc-m68k/bin/../lib/gcc/m68k-unknown-elf/5.2.0/m54455/crtbegin.o
LOAD webfuncs.o
LOAD tests.o
LOAD main.o
LOAD ip_util.o
LOAD ftps.o
LOAD SimpleAD.o
LOAD GPS\ntpconstants.o
LOAD GPS\GPSTime.o
LOAD GPS\GPSSat.o
LOAD GPS\GPSNtp.o
LOAD GPS\GPSLocation.o
LOAD GPS\GPSCHIP.o
LOAD htmldata.o
LOAD C:\Nburn/MOD5441X/lib/sys.ld
                0x40000000                ovector_base = 0x40000000
                0x80000000                vector_base = 0x80000000
                0x80000400                SRAM_START_ADDR = 0x80000400
                0x8000fff0                SRAM_END_ADDR = 0x8000fff0
                0xc0000000                gConfigRec = 0xc0000000
                0xc0020000                UserParamBase = 0xc0020000
                0xc0040000                FlashAppBase = 0xc0040000
                0x8c000000                sim_rgpio = 0x8c000000
                0xec008000                sim1 = 0xec008000
                0xfc004000                sim2 = 0xfc004000
                0xfc0d4008                DBETHER_EMIR_REG = 0xfc0d4008
                0x8000d000                comm_loc = 0x8000d000
START GROUP
LOAD C:\Nburn/lib/MOD5441X.a
LOAD C:\Nburn/lib/NetBurner.a
LOAD C:\Nburn/lib/FatFile.a
LOAD c:/nburn/gcc-m68k/bin/../m68k-unknown-elf/sysroot/lib/m54455\libstdc++.a
LOAD C:\Nburn\lib\cryptolib.a
LOAD C:\Nburn\lib\debugLibrary.a
LOAD C:\Nburn\lib\Lua_Full.a
LOAD C:\Nburn\lib\nb-libxively.a
LOAD C:\Nburn\lib\nbwifilib.a
LOAD C:\Nburn\lib\sshLibrary.a
LOAD C:\Nburn\lib\webclient.a
END GROUP
LOAD c:/nburn/gcc-m68k/bin/../m68k-unknown-elf/sysroot/lib/m54455\libstdc++.a
LOAD c:/nburn/gcc-m68k/bin/../m68k-unknown-elf/sysroot/lib/m54455\libm.a
LOAD c:/nburn/gcc-m68k/bin/../lib/gcc/m68k-unknown-elf/5.2.0/m54455\libgcc.a
LOAD c:/nburn/gcc-m68k/bin/../m68k-unknown-elf/sysroot/lib/m54455\libc.a
LOAD c:/nburn/gcc-m68k/bin/../lib/gcc/m68k-unknown-elf/5.2.0/m54455\libgcc.a
LOAD c:/nburn/gcc-m68k/bin/../lib/gcc/m68k-unknown-elf/5.2.0/m54455/crtend.o
START GROUP
LOAD c:/nburn/gcc-m68k/bin/../m68k-unknown-elf/sysroot/lib/m54455\libc.a
LOAD c:/nburn/gcc-m68k/bin/../lib/gcc/m68k-unknown-elf/5.2.0/m54455\libgcc.a
LOAD c:/nburn/gcc-m68k/bin/../m68k-unknown-elf/sysroot/lib/m54455\libm.a
END GROUP
                0x00000000                __DYNAMIC = 0x0
                0x44000000                PROVIDE (__stack, 0x44000000)
                0x00000000                PROVIDE (hardware_init_hook, 0x0)
                [!provide]                PROVIDE (_hardware_init_hook, 0x0)
                [!provide]                PROVIDE (software_init_hook, 0x0)
                [!provide]                PROVIDE (_software_init_hook, 0x0)

.gcc_except_table._Znam
                0x40000400       0x16
 .gcc_except_table._Znam
                0x40000400       0x16 c:/nburn/gcc-m68k/bin/../m68k-unknown-elf/sysroot/lib/m54455\libstdc++.a(new_opv.o)

.gcc_except_table.__gxx_personality_v0
                0x40000418       0x1c
 .gcc_except_table.__gxx_personality_v0
                0x40000418       0x1c c:/nburn/gcc-m68k/bin/../m68k-unknown-elf/sysroot/lib/m54455\libstdc++.a(eh_personality.o)

.gcc_except_table.__cxa_call_unexpected
                0x40000434       0x1c
 .gcc_except_table.__cxa_call_unexpected
                0x40000434       0x1c c:/nburn/gcc-m68k/bin/../m68k-unknown-elf/sysroot/lib/m54455\libstdc++.a(eh_personality.o)

.gcc_except_table._ZN10__cxxabiv111__terminateEPFvvE
                0x40000450       0x1d
 .gcc_except_table._ZN10__cxxabiv111__terminateEPFvvE
                0x40000450       0x1d c:/nburn/gcc-m68k/bin/../m68k-unknown-elf/sysroot/lib/m54455\libstdc++.a(eh_terminate.o)

.gcc_except_table._ZN9__gnu_cxx27__verbose_terminate_handlerEv
                0x40000470       0x2c
 .gcc_except_table._ZN9__gnu_cxx27__verbose_terminate_handlerEv
                0x40000470       0x2c c:/nburn/gcc-m68k/bin/../m68k-unknown-elf/sysroot/lib/m54455\libstdc++.a(vterminate.o)

.SRAM_SECT      0x80000400     0xab80
                0x80000400                SRAM_START = .
 *(SYS_VAR_SECT)
 SYS_VAR_SECT   0x80000400        0x4 C:\Nburn/lib/MOD5441X.a(bsp.o)
                0x80000400                cacrMirror
 SYS_VAR_SECT   0x80000404      0x238 C:\Nburn/lib/NetBurner.a(ucos.o)
                0x80000404                OSRunning
                0x80000406                OSISRLevel
                0x80000408                OSRdyGrp
                0x8000040c                OSLockNesting
                0x80000410                OSIntNesting
                0x80000414                OSTCBFreeList
                0x80000418                OSTCBList
                0x8000041c                OSTCBHighRdy
                0x80000420                OSTCBCur
                0x80000424                OSRdyTbl
                0x8000042c                OSTCBPrioTbl
                0x8000052c                OSUnMapTbl
                0x8000062c                OSMapTbl
                0x80000634                Secs
                0x80000638                TimeTick
 SYS_VAR_SECT   0x8000063c      0x272 C:\Nburn/lib/NetBurner.a(ucosmain.o)
                0x8000064e                critical_count
                0x80000652                OSTcbStructSize
                0x80000656                OSTCBTbl
 SYS_VAR_SECT   0x800008ae       0x1c C:\Nburn/lib/NetBurner.a(fileio.o)
                0x800008ae                fd_map
                0x800008c6                pExtraFdFunc
 SYS_VAR_SECT   0x800008ca       0x20 C:\Nburn/lib/NetBurner.a(iosys.o)
                0x800008d2                error_file_sets
                0x800008da                write_file_sets
                0x800008e2                read_file_sets
                0x800008ea                SYS_VAR_SECT_END = .
                0x800008f0                . = ALIGN (0x10)
 *fill*         0x800008ea        0x6 
 *(IDLE_STK_SECT)
                0x800008f0                IDLE_STK_SECT_END = .
                0x800008f0                . = ALIGN (0x10)
 *(MAIN_STK_SECT)
 MAIN_STK_SECT  0x800008f0     0x3000 C:\Nburn/lib/NetBurner.a(cppmain.o)
                0x800008f0                MainStk
                0x800038f0                MAIN_STK_SECT_END = .
                0x800038f0                . = ALIGN (0x4)
 *(ETHER_VAR_SECT)
 ETHER_VAR_SECT
                0x800038f0      0x280 C:\Nburn/lib/MOD5441X.a(ethernet.o)
                0x800038f0                FecFifo
                0x80003910                enet1
                0x80003a40                enet0
                0x80003b70                ETHER_VAR_SECT_END = .
                0x80003b70                . = ALIGN (0x10)
 *(ETHER_STK_SECT)
 ETHER_STK_SECT
                0x80003b70     0x2000 C:\Nburn/lib/MOD5441X.a(ethernet.o)
                0x80003b70                EtherSendStk
                0x80005b70                ETHER_STK_SECT_END = .
                0x80005b70                . = ALIGN (0x4)
 *(IP_VAR_SECT)
 IP_VAR_SECT    0x80005b70      0x32a C:\Nburn/lib/NetBurner.a(ip.o)
                0x80005b70                delay
                0x80005b74                next_arp_time
                0x80005b78                multi_if_block
                0x80005e34                multi_home_if_record
                0x80005e5c                nAdditional_Homes
                0x80005e60                pFragFunc
                0x80005e64                pMultiCastFunc
                0x80005e68                pPromisciousPacketFunc
                0x80005e6c                pIpv6Tick
                0x80005e70                pAutoIPTick
                0x80005e74                pMultiTick
                0x80005e78                pDHCPServerTick
                0x80005e7c                pDHCPTick
                0x80005e80                IcmpFifo
                0x80005e84                ipRxFifo
                0x80005e96                bTTL_Default
                0x80005e98                wGlobalPktId
 IP_VAR_SECT    0x80005e9a       0xa4 C:\Nburn/lib/NetBurner.a(udp.o)
                0x80005e9a                UdpNetbiosNameServicePtr
                0x80005e9e                pTaskPacketFunc
                0x80005ea2                pDHCPv6ClientProcessFunction
                0x80005ea6                pDHCPServerProcessFunction
                0x80005eaa                pDHCPProcessFunction
                0x80005eae                UDP_fifos_used
                0x80005eb2                udp_fifos
                0x80005f3e                IP_VAR_SECT_END = .
                0x80005f40                . = ALIGN (0x10)
 *fill*         0x80005f3e        0x2 
 *(IP_STK_SECT)
 IP_STK_SECT    0x80005f40     0x2000 C:\Nburn/lib/NetBurner.a(ip.o)
                0x80005f40                IPStk
                0x80007f40                IP_STK_SECT_END = .
                0x80007f40                . = ALIGN (0x4)
 *(TCP_VAR_SECT)
 TCP_VAR_SECT   0x80007f40       0x20 C:\Nburn/lib/NetBurner.a(tcp.o)
                0x80007f40                TCP_TimerSemaphore
                0x80007f52                TCP_critical_section
                0x80007f60                TCP_VAR_SECT_END = .
                0x80007f60                . = ALIGN (0x10)
 *(TCP_STK_SECT)
 TCP_STK_SECT   0x80007f60     0x3000 C:\Nburn/lib/NetBurner.a(tcp.o)
                0x80007f60                TCPStk
                0x8000af60                TCP_STK_SECT_END = .
                0x8000af60                . = ALIGN (0x10)
 *(HTTP_STK_SECT)
                0x8000af60                HTTP_STK_SECT_END = .
                0x8000af60                . = ALIGN (0x10)
 *(FTP_STK_SECT)
                0x8000af60                FTP_STK_SECT_END = .
                0x8000af60                . = ALIGN (0x10)
 *(WIFI_STK_SECT)
                0x8000af60                WIFI_STK_SECT_END = .
                0x8000af60                . = ALIGN (0x10)
 *(PPP_STK_SECT)
                0x8000af60                PPP_STK_SECT_END = .
                0x8000af60                . = ALIGN (0x10)
 *(COMMAND_STK_SECT)
                0x8000af60                COMMAND_STK_SECT_END = .
                0x8000af60                . = ALIGN (0x4)
 *(USER_VAR_SECT)
                0x8000af60                USER_VAR_SECT_END = .
                0x8000af60                . = ALIGN (0x10)
 *(USER_STK_SECT)
                0x8000af60                USER_STK_SECT_END = .
                0x8000af60                . = ALIGN (0x4)
 *(TLS_VAR_SECT)
                0x8000af60                TLS_VAR_SECT_END = .
                0x8000af60                BUFFERS_SECT_START = .
                0x8000af60                . = ALIGN (0x10)
 *(BUFFERS_VAR_SECT)
 BUFFERS_VAR_SECT
                0x8000af60       0x1c C:\Nburn/lib/NetBurner.a(buffers.o)
                0x8000af60                free_list_is_initialized
                0x8000af64                free_fast_list
                0x8000af6e                free_list
                0x8000af78                FAST_BUFFER_POOL_SIZE
                0x8000af80                . = ALIGN (0x10)
 *fill*         0x8000af7c        0x4 
                0x8000af80                BUFFERS_VAR_SECT_END = .
                0x8000af80                . = ALIGN (0x10)
                0x8000af80                SRAM_END = .

COLD_SRAM_SECT  0x8000fff0        0x2
 *(COLD_SRAM_VAR)
 COLD_SRAM_VAR  0x8000fff0        0x2 C:\Nburn/lib/NetBurner.a(ip.o)

.text           0x400004a0    0x7e690
 nb-crt0.o()
 .text          0x400004a0       0xaa c:/nburn/gcc-m68k/bin/../lib/gcc/m68k-unknown-elf/5.2.0/m54455\nb-crt0.o
                0x400004a0                start
 *fill*         0x4000054a        0x2 
 .data          0x4000054c        0x4 c:/nburn/gcc-m68k/bin/../lib/gcc/m68k-unknown-elf/5.2.0/m54455\nb-crt0.o
 .bss           0x40000550        0x0 c:/nburn/gcc-m68k/bin/../lib/gcc/m68k-unknown-elf/5.2.0/m54455\nb-crt0.o
 *(.text)
 .text          0x40000550      0x12c c:/nburn/gcc-m68k/bin/../lib/gcc/m68k-unknown-elf/5.2.0/m54455/crtbegin.o
 *fill*         0x4000067c        0x4 
 .text          0x40000680      0x19c C:\Nburn/lib/MOD5441X.a(bspa.o)
                0x40000680                CatchNullWrites
                0x40000690                _cache_inval
                0x400006b0                _cache_push
                0x400006d0                _cache_flush
                0x40000710                PushCacheLines
                0x40000760                InvalidateCacheLines
                0x400007b0                FlushCacheLines
 *fill*         0x4000081c        0x4 
 .text          0x40000820      0x41a C:\Nburn/lib/NetBurner.a(ucosmcfa.o)
                0x40000820                OSStartHighRdy
                0x40000840                OSCtxSw
                0x40000870                OSIntCtxSw
                0x400008a0                OSTickISR
                0x400008e0                OSSetupVBR
                0x40000900                OSDebugTraceHalt
                0x40000910                memcpy
                0x40000910                fmemcpy
                0x400009e0                memcpysum
                0x40000b70                memset
                0x40000b70                fmemset
                0x40000c10                GetSR_IntLevel
                0x40000c20                SetSR_IntLevel
 *fill*         0x40000c3a        0x2 
 .text          0x40000c3c        0x8 C:\Nburn/lib/NetBurner.a(software_init.o)
                0x40000c3c                software_init_hook
 .text          0x40000c44      0x1c0 C:\Nburn/lib/NetBurner.a(ip.o)
                0x40000c44                GetSum
                0x40000d00                GetSum20
                0x40000d38                GetSumHdr
 .text          0x40000e04     0x440e c:/nburn/gcc-m68k/bin/../m68k-unknown-elf/sysroot/lib/m54455\libstdc++.a(cp-demangle.o)
                0x400050fc                __cxa_demangle
                0x400051dc                __gcclibcxx_demangle_callback
 *fill*         0x40005212        0x2 
 .text          0x40005214       0x6c c:/nburn/gcc-m68k/bin/../m68k-unknown-elf/sysroot/lib/m54455\libm.a(lib_a-s_fpclassify.o)
                0x40005214                __fpclassifyd
 .text          0x40005280       0xda c:/nburn/gcc-m68k/bin/../m68k-unknown-elf/sysroot/lib/m54455\libm.a(lib_a-s_modf.o)
                0x40005280                modf
 *fill*         0x4000535a        0x2 
 .text          0x4000535c      0xba0 c:/nburn/gcc-m68k/bin/../lib/gcc/m68k-unknown-elf/5.2.0/m54455\libgcc.a(_double.o)
                0x400053b6                __subdf3
                0x400053bc                __adddf3
                0x40005858                __muldf3
                0x40005a34                __divdf3
                0x40005d24                __negdf2
                0x40005d82                __cmpdf2_internal
                0x40005e5a                __cmpdf2
 .text          0x40005efc      0x7ca c:/nburn/gcc-m68k/bin/../lib/gcc/m68k-unknown-elf/5.2.0/m54455\libgcc.a(_float.o)
                0x40005f44                __subsf3
                0x40005f4a                __addsf3
                0x4000622c                __mulsf3
                0x4000636e                __divsf3
                0x40006562                __negsf2
                0x400065b4                __cmpsf2_internal
                0x40006654                __cmpsf2
 *fill*         0x400066c6        0x2 
 .text          0x400066c8       0x74 c:/nburn/gcc-m68k/bin/../lib/gcc/m68k-unknown-elf/5.2.0/m54455\libgcc.a(_floatex.o)
                0x400066c8                __clear_sticky_bit
                0x400066d4                $_exception_handler
 .text          0x4000673c       0x22 c:/nburn/gcc-m68k/bin/../lib/gcc/m68k-unknown-elf/5.2.0/m54455\libgcc.a(_eqdf2.o)
                0x4000673c                __eqdf2
 *fill*         0x4000675e        0x2 
 .text          0x40006760       0x22 c:/nburn/gcc-m68k/bin/../lib/gcc/m68k-unknown-elf/5.2.0/m54455\libgcc.a(_nedf2.o)
                0x40006760                __nedf2
 *fill*         0x40006782        0x2 
 .text          0x40006784       0x22 c:/nburn/gcc-m68k/bin/../lib/gcc/m68k-unknown-elf/5.2.0/m54455\libgcc.a(_gtdf2.o)
                0x40006784                __gtdf2
 *fill*         0x400067a6        0x2 
 .text          0x400067a8       0x22 c:/nburn/gcc-m68k/bin/../lib/gcc/m68k-unknown-elf/5.2.0/m54455\libgcc.a(_gedf2.o)
                0x400067a8                __gedf2
 *fill*         0x400067ca        0x2 
 .text          0x400067cc       0x22 c:/nburn/gcc-m68k/bin/../lib/gcc/m68k-unknown-elf/5.2.0/m54455\libgcc.a(_ltdf2.o)
                0x400067cc                __ltdf2
 *fill*         0x400067ee        0x2 
 .text          0x400067f0       0x22 c:/nburn/gcc-m68k/bin/../lib/gcc/m68k-unknown-elf/5.2.0/m54455\libgcc.a(_ledf2.o)
                0x400067f0                __ledf2
 *fill*         0x40006812        0x2 
 .text          0x40006814       0x66 c:/nburn/gcc-m68k/bin/../lib/gcc/m68k-unknown-elf/5.2.0/m54455\libgcc.a(_muldi3.o)
                0x40006814                __muldi3
 *fill*         0x4000687a        0x2 
 .text          0x4000687c       0x76 c:/nburn/gcc-m68k/bin/../lib/gcc/m68k-unknown-elf/5.2.0/m54455\libgcc.a(_fixunsdfsi.o)
                0x4000687c                __fixunsdfsi
 *fill*         0x400068f2        0x2 
 .text          0x400068f4       0x7a c:/nburn/gcc-m68k/bin/../lib/gcc/m68k-unknown-elf/5.2.0/m54455\libgcc.a(_fixunsdfdi.o)
                0x400068f4                __fixunsdfdi
 *fill*         0x4000696e        0x2 
 .text          0x40006970      0x3fe c:/nburn/gcc-m68k/bin/../lib/gcc/m68k-unknown-elf/5.2.0/m54455\libgcc.a(_udivdi3.o)
                0x40006970                __udivdi3
 *fill*         0x40006d6e        0x2 
 .text          0x40006d70      0x372 c:/nburn/gcc-m68k/bin/../lib/gcc/m68k-unknown-elf/5.2.0/m54455\libgcc.a(_umoddi3.o)
                0x40006d70                __umoddi3
 *fill*         0x400070e2        0x2 
 .text          0x400070e4      0x442 c:/nburn/gcc-m68k/bin/../lib/gcc/m68k-unknown-elf/5.2.0/m54455\libgcc.a(fpgnulib.o)
                0x400070e4                __unordsf2
                0x4000713c                __unorddf2
                0x400071a6                __floatunsidf
                0x4000720a                __floatsidf
                0x400072b6                __floatunsisf
                0x400072d0                __floatsisf
                0x400072ea                __extendsfdf2
                0x40007356                __truncdfsf2
                0x40007480                __fixdfsi
                0x4000750c                __fixsfsi
 *fill*         0x40007526        0x2 
 .text          0x40007528     0x21b4 c:/nburn/gcc-m68k/bin/../lib/gcc/m68k-unknown-elf/5.2.0/m54455\libgcc.a(unwind-dw2.o)
                0x40009102                _Unwind_GetGR
                0x40009168                _Unwind_GetCFA
                0x40009178                _Unwind_SetGR
                0x400091e2                _Unwind_GetIP
                0x400091f2                _Unwind_GetIPInfo
                0x40009212                _Unwind_SetIP
                0x40009224                _Unwind_GetLanguageSpecificData
                0x40009234                _Unwind_GetRegionStart
                0x40009244                _Unwind_FindEnclosingFunction
                0x4000926e                _Unwind_GetDataRelBase
                0x4000927e                _Unwind_GetTextRelBase
                0x4000928e                __frame_state_for
                0x4000935a                _Unwind_RaiseException
                0x40009474                _Unwind_ForcedUnwind
                0x40009508                _Unwind_Resume
                0x4000959e                _Unwind_Resume_or_Rethrow
                0x40009638                _Unwind_DeleteException
                0x40009656                _Unwind_Backtrace
 .text          0x400096dc     0x126e c:/nburn/gcc-m68k/bin/../lib/gcc/m68k-unknown-elf/5.2.0/m54455\libgcc.a(unwind-dw2-fde.o)
                0x4000a530                __register_frame_info_bases
                0x4000a578                __register_frame_info
                0x4000a5c0                __register_frame
                0x4000a618                __register_frame_info_table_bases
                0x4000a662                __register_frame_info_table
                0x4000a6a8                __register_frame_table
                0x4000a6f8                __deregister_frame_info_bases
                0x4000a7ce                __deregister_frame_info
                0x4000a7d8                __deregister_frame
                0x4000a7fc                _Unwind_Find_FDE
 *fill*         0x4000a94a        0x2 
 .text          0x4000a94c       0x18 c:/nburn/gcc-m68k/bin/../m68k-unknown-elf/sysroot/lib/m54455\libc.a(lib_a-abort.o)
                0x4000a94c                abort
 .text          0x4000a964       0x34 c:/nburn/gcc-m68k/bin/../m68k-unknown-elf/sysroot/lib/m54455\libc.a(lib_a-atoi.o)
                0x4000a964                atoi
                0x4000a97c                _atoi_r
 .text          0x4000a998       0x5c c:/nburn/gcc-m68k/bin/../m68k-unknown-elf/sysroot/lib/m54455\libc.a(lib_a-bsearch.o)
                0x4000a998                bsearch
 .text          0x4000a9f4       0x1e c:/nburn/gcc-m68k/bin/../m68k-unknown-elf/sysroot/lib/m54455\libc.a(lib_a-cxa_atexit.o)
                0x4000a9f4                __cxa_atexit
 *fill*         0x4000aa12        0x2 
 .text          0x4000aa14        0xe c:/nburn/gcc-m68k/bin/../m68k-unknown-elf/sysroot/lib/m54455\libc.a(lib_a-errno.o)
                0x4000aa14                __errno
 *fill*         0x4000aa22        0x2 
 .text          0x4000aa24       0x5c c:/nburn/gcc-m68k/bin/../m68k-unknown-elf/sysroot/lib/m54455\libc.a(lib_a-fputc.o)
                0x4000aa24                _fputc_r
                0x4000aa66                fputc
 .text          0x4000aa80       0xa4 c:/nburn/gcc-m68k/bin/../m68k-unknown-elf/sysroot/lib/m54455\libc.a(lib_a-fputs.o)
                0x4000aa80                _fputs_r
                0x4000ab0a                fputs
 .text          0x4000ab24      0x366 c:/nburn/gcc-m68k/bin/../m68k-unknown-elf/sysroot/lib/m54455\libc.a(lib_a-fvwrite.o)
                0x4000ab24                __sfvwrite_r
 *fill*         0x4000ae8a        0x2 
 .text          0x4000ae8c       0x80 c:/nburn/gcc-m68k/bin/../m68k-unknown-elf/sysroot/lib/m54455\libc.a(lib_a-gets.o)
                0x4000ae8c                _gets_r
                0x4000aef6                gets
 .text          0x4000af0c       0x1a c:/nburn/gcc-m68k/bin/../m68k-unknown-elf/sysroot/lib/m54455\libc.a(lib_a-isspace.o)
                0x4000af0c                isspace
 *fill*         0x4000af26        0x2 
 .text          0x4000af28      0x272 c:/nburn/gcc-m68k/bin/../m68k-unknown-elf/sysroot/lib/m54455\libc.a(lib_a-lcltime_r.o)
                0x4000af28                localtime_r
 *fill*         0x4000b19a        0x2 
 .text          0x4000b19c       0x32 c:/nburn/gcc-m68k/bin/../m68k-unknown-elf/sysroot/lib/m54455\libc.a(lib_a-malloc.o)
                0x4000b19c                malloc
                0x4000b1b4                free
 *fill*         0x4000b1ce        0x2 
 .text          0x4000b1d0      0x584 c:/nburn/gcc-m68k/bin/../m68k-unknown-elf/sysroot/lib/m54455\libc.a(lib_a-mallocr.o)
                0x4000b1d0                _malloc_r
 .text          0x4000b754       0x32 c:/nburn/gcc-m68k/bin/../m68k-unknown-elf/sysroot/lib/m54455\libc.a(lib_a-memchr.o)
                0x4000b754                memchr
 *fill*         0x4000b786        0x2 
 .text          0x4000b788       0x32 c:/nburn/gcc-m68k/bin/../m68k-unknown-elf/sysroot/lib/m54455\libc.a(lib_a-memcmp.o)
                0x4000b788                memcmp
 *fill*         0x4000b7ba        0x2 
 .text          0x4000b7bc       0x54 c:/nburn/gcc-m68k/bin/../m68k-unknown-elf/sysroot/lib/m54455\libc.a(lib_a-memmove.o)
                0x4000b7bc                memmove
 .text          0x4000b810       0xa0 c:/nburn/gcc-m68k/bin/../m68k-unknown-elf/sysroot/lib/m54455\libc.a(lib_a-putc.o)
                0x4000b810                _putc_r
                0x4000b896                putc
 .text          0x4000b8b0       0xac c:/nburn/gcc-m68k/bin/../m68k-unknown-elf/sysroot/lib/m54455\libc.a(lib_a-puts.o)
                0x4000b8b0                _puts_r
                0x4000b946                puts
 .text          0x4000b95c       0x62 c:/nburn/gcc-m68k/bin/../m68k-unknown-elf/sysroot/lib/m54455\libc.a(lib_a-rand.o)
                0x4000b95c                srand
                0x4000b974                rand
 *fill*         0x4000b9be        0x2 
 .text          0x4000b9c0       0x1c c:/nburn/gcc-m68k/bin/../m68k-unknown-elf/sysroot/lib/m54455\libc.a(lib_a-realloc.o)
                0x4000b9c0                realloc
 .text          0x4000b9dc      0x456 c:/nburn/gcc-m68k/bin/../m68k-unknown-elf/sysroot/lib/m54455\libc.a(lib_a-reallocr.o)
                0x4000b9dc                _realloc_r
 *fill*         0x4000be32        0x2 
 .text          0x4000be34       0x68 c:/nburn/gcc-m68k/bin/../m68k-unknown-elf/sysroot/lib/m54455\libc.a(lib_a-rget.o)
                0x4000be34                __srget_r
                0x4000be86                __srget
 .text          0x4000be9c      0x146 c:/nburn/gcc-m68k/bin/../m68k-unknown-elf/sysroot/lib/m54455\libc.a(lib_a-setvbuf.o)
                0x4000be9c                setvbuf
 *fill*         0x4000bfe2        0x2 
 .text          0x4000bfe4      0x1ce c:/nburn/gcc-m68k/bin/../m68k-unknown-elf/sysroot/lib/m54455\libc.a(lib_a-signal.o)
                0x4000bfe4                _init_signal_r
                0x4000c02c                _signal_r
                0x4000c078                _raise_r
                0x4000c0ec                __sigtramp_r
                0x4000c15a                raise
                0x4000c170                signal
                0x4000c18a                _init_signal
                0x4000c19c                __sigtramp
 *fill*         0x4000c1b2        0x2 
 .text          0x4000c1b4       0x3e c:/nburn/gcc-m68k/bin/../m68k-unknown-elf/sysroot/lib/m54455\libc.a(lib_a-signalr.o)
                0x4000c1b4                _kill_r
                0x4000c1e6                _getpid_r
 *fill*         0x4000c1f2        0x2 
 .text          0x4000c1f4       0x18 c:/nburn/gcc-m68k/bin/../m68k-unknown-elf/sysroot/lib/m54455\libc.a(lib_a-stpcpy.o)
                0x4000c1f4                stpcpy
 .text          0x4000c20c       0x2e c:/nburn/gcc-m68k/bin/../m68k-unknown-elf/sysroot/lib/m54455\libc.a(lib_a-strcat.o)
                0x4000c20c                strcat
 *fill*         0x4000c23a        0x2 
 .text          0x4000c23c       0x2e c:/nburn/gcc-m68k/bin/../m68k-unknown-elf/sysroot/lib/m54455\libc.a(lib_a-strchr.o)
                0x4000c23c                strchr
 *fill*         0x4000c26a        0x2 
 .text          0x4000c26c       0x2e c:/nburn/gcc-m68k/bin/../m68k-unknown-elf/sysroot/lib/m54455\libc.a(lib_a-strcmp.o)
                0x4000c26c                strcmp
 *fill*         0x4000c29a        0x2 
 .text          0x4000c29c       0x1c c:/nburn/gcc-m68k/bin/../m68k-unknown-elf/sysroot/lib/m54455\libc.a(lib_a-strcpy.o)
                0x4000c29c                strcpy
 .text          0x4000c2b8       0x1a c:/nburn/gcc-m68k/bin/../m68k-unknown-elf/sysroot/lib/m54455\libc.a(lib_a-strlen.o)
                0x4000c2b8                strlen
 *fill*         0x4000c2d2        0x2 
 .text          0x4000c2d4       0x4e c:/nburn/gcc-m68k/bin/../m68k-unknown-elf/sysroot/lib/m54455\libc.a(lib_a-strncmp.o)
                0x4000c2d4                strncmp
 *fill*         0x4000c322        0x2 
 .text          0x4000c324       0x30 c:/nburn/gcc-m68k/bin/../m68k-unknown-elf/sysroot/lib/m54455\libc.a(lib_a-strncpy.o)
                0x4000c324                strncpy
 .text          0x4000c354       0x1c c:/nburn/gcc-m68k/bin/../m68k-unknown-elf/sysroot/lib/m54455\libc.a(lib_a-strsep.o)
                0x4000c354                strsep
 .text          0x4000c370       0x4a c:/nburn/gcc-m68k/bin/../m68k-unknown-elf/sysroot/lib/m54455\libc.a(lib_a-strstr.o)
                0x4000c370                strstr
 *fill*         0x4000c3ba        0x2 
 .text          0x4000c3bc     0x1168 c:/nburn/gcc-m68k/bin/../m68k-unknown-elf/sysroot/lib/m54455\libc.a(lib_a-strtod.o)
                0x4000c460                _strtod_r
                0x4000d4ae                strtod
                0x4000d4c8                strtof
 .text          0x4000d524       0x94 c:/nburn/gcc-m68k/bin/../m68k-unknown-elf/sysroot/lib/m54455\libc.a(lib_a-strtok_r.o)
                0x4000d524                __strtok_r
                0x4000d59c                strtok_r
 .text          0x4000d5b8      0x16e c:/nburn/gcc-m68k/bin/../m68k-unknown-elf/sysroot/lib/m54455\libc.a(lib_a-strtol.o)
                0x4000d5b8                _strtol_r
                0x4000d708                strtol
 *fill*         0x4000d726        0x2 
 .text          0x4000d728      0x150 c:/nburn/gcc-m68k/bin/../m68k-unknown-elf/sysroot/lib/m54455\libc.a(lib_a-strtoul.o)
                0x4000d728                _strtoul_r
                0x4000d85a                strtoul
 .text          0x4000d878       0x2a c:/nburn/gcc-m68k/bin/../m68k-unknown-elf/sysroot/lib/m54455\libc.a(lib_a-tolower.o)
                0x4000d878                tolower
 *fill*         0x4000d8a2        0x2 
 .text          0x4000d8a4       0x2a c:/nburn/gcc-m68k/bin/../m68k-unknown-elf/sysroot/lib/m54455\libc.a(lib_a-toupper.o)
                0x4000d8a4                toupper
 *fill*         0x4000d8ce        0x2 
 .text          0x4000d8d0      0x176 c:/nburn/gcc-m68k/bin/../m68k-unknown-elf/sysroot/lib/m54455\libc.a(lib_a-tzcalc_limits.o)
                0x4000d8d0                __tzcalc_limits
 *fill*         0x4000da46        0x2 
 .text          0x4000da48       0x10 c:/nburn/gcc-m68k/bin/../m68k-unknown-elf/sysroot/lib/m54455\libc.a(lib_a-tzlock.o)
                0x4000da48                __tz_lock
                0x4000da50                __tz_unlock
 .text          0x4000da58       0xf4 c:/nburn/gcc-m68k/bin/../m68k-unknown-elf/sysroot/lib/m54455\libc.a(lib_a-wbuf.o)
                0x4000da58                __swbuf_r
                0x4000db32                __swbuf
 .text          0x4000db4c      0x116 c:/nburn/gcc-m68k/bin/../m68k-unknown-elf/sysroot/lib/m54455\libc.a(lib_a-wsetup.o)
                0x4000db4c                __swsetup_r
 *fill*         0x4000dc62        0x2 
 .text          0x4000dc64       0xa0 c:/nburn/gcc-m68k/bin/../m68k-unknown-elf/sysroot/lib/m54455\libc.a(lib_a-__atexit.o)
                0x4000dc64                __register_exitproc
 .text          0x4000dd04      0x204 c:/nburn/gcc-m68k/bin/../m68k-unknown-elf/sysroot/lib/m54455\libc.a(lib_a-fflush.o)
                0x4000dd04                __sflush_r
                0x4000de8c                _fflush_r
                0x4000deda                fflush
 .text          0x4000df08      0x28c c:/nburn/gcc-m68k/bin/../m68k-unknown-elf/sysroot/lib/m54455\libc.a(lib_a-findfp.o)
                0x4000df12                _cleanup_r
                0x4000dfae                __sfmoreglue
                0x4000e00a                _cleanup
                0x4000e01e                __sinit
                0x4000e08e                __sfp
                0x4000e140                __sfp_lock_acquire
                0x4000e148                __sfp_lock_release
                0x4000e150                __sinit_lock_acquire
                0x4000e158                __sinit_lock_release
                0x4000e160                __fp_lock_all
                0x4000e17a                __fp_unlock_all
 .text          0x4000e194      0x2ec c:/nburn/gcc-m68k/bin/../m68k-unknown-elf/sysroot/lib/m54455\libc.a(lib_a-freer.o)
                0x4000e194                _malloc_trim_r
                0x4000e268                _free_r
 .text          0x4000e480       0xb4 c:/nburn/gcc-m68k/bin/../m68k-unknown-elf/sysroot/lib/m54455\libc.a(lib_a-fwalk.o)
                0x4000e480                _fwalk
                0x4000e4d8                _fwalk_reent
 .text          0x4000e534      0x648 c:/nburn/gcc-m68k/bin/../m68k-unknown-elf/sysroot/lib/m54455\libc.a(lib_a-gdtoa-gethex.o)
                0x4000e5b2                __hexdig_fun
                0x4000e60c                __gethex
 .text          0x4000eb7c      0x166 c:/nburn/gcc-m68k/bin/../m68k-unknown-elf/sysroot/lib/m54455\libc.a(lib_a-gdtoa-hexnan.o)
                0x4000ebb4                __hexnan
 *fill*         0x4000ece2        0x2 
 .text          0x4000ece4        0xe c:/nburn/gcc-m68k/bin/../m68k-unknown-elf/sysroot/lib/m54455\libc.a(lib_a-gettzinfo.o)
                0x4000ece4                __gettzinfo
 *fill*         0x4000ecf2        0x2 
 .text          0x4000ecf4      0x172 c:/nburn/gcc-m68k/bin/../m68k-unknown-elf/sysroot/lib/m54455\libc.a(lib_a-gmtime_r.o)
                0x4000ecf4                gmtime_r
 *fill*         0x4000ee66        0x2 
 .text          0x4000ee68       0xc4 c:/nburn/gcc-m68k/bin/../m68k-unknown-elf/sysroot/lib/m54455\libc.a(lib_a-locale.o)
                0x4000ee68                _setlocale_r
                0x4000eec2                __locale_charset
                0x4000eed0                __locale_mb_cur_max
                0x4000eede                __locale_msgcharset
                0x4000eeec                __locale_cjk_lang
                0x4000eef6                _localeconv_r
                0x4000ef04                setlocale
                0x4000ef1e                localeconv
 .text          0x4000ef2c      0x152 c:/nburn/gcc-m68k/bin/../m68k-unknown-elf/sysroot/lib/m54455\libc.a(lib_a-makebuf.o)
                0x4000ef2c                __smakebuf_r
 *fill*         0x4000f07e        0x2 
 .text          0x4000f080      0xa56 c:/nburn/gcc-m68k/bin/../m68k-unknown-elf/sysroot/lib/m54455\libc.a(lib_a-mprec.o)
                0x4000f080                _Balloc
                0x4000f108                _Bfree
                0x4000f12c                __multadd
                0x4000f1d6                __s2b
                0x4000f288                __hi0bits
                0x4000f2e8                __lo0bits
                0x4000f35c                __i2b
                0x4000f37e                __multiply
                0x4000f4d8                __pow5mult
                0x4000f57e                __lshift
                0x4000f630                __mcmp
                0x4000f67a                __mdiff
                0x4000f770                __ulp
                0x4000f7ce                __b2d
                0x4000f87c                __d2b
                0x4000f96a                __ratio
                0x4000f9e2                _mprec_log10
                0x4000fa3e                __copybits
                0x4000fa80                __any_on
 *fill*         0x4000fad6        0x2 
 .text          0x4000fad8      0x1a2 c:/nburn/gcc-m68k/bin/../m68k-unknown-elf/sysroot/lib/m54455\libc.a(lib_a-refill.o)
                0x4000fafa                __srefill_r
 *fill*         0x4000fc7a        0x2 
 .text          0x4000fc7c        0xe c:/nburn/gcc-m68k/bin/../m68k-unknown-elf/sysroot/lib/m54455\libc.a(lib_a-sf_nan.o)
                0x4000fc7c                nanf
 *fill*         0x4000fc8a        0x2 
 .text          0x4000fc8c      0x126 c:/nburn/gcc-m68k/bin/../m68k-unknown-elf/sysroot/lib/m54455\libc.a(lib_a-stdio.o)
                0x4000fc8c                __sread
                0x4000fcd0                __seofread
                0x4000fcda                __swrite
                0x4000fd46                __sseek
                0x4000fd9a                __sclose
 *fill*         0x4000fdb2        0x2 
 .text          0x4000fdb4       0x38 c:/nburn/gcc-m68k/bin/../m68k-unknown-elf/sysroot/lib/m54455\libc.a(lib_a-writer.o)
                0x4000fdb4                _write_r
 .text          0x4000fdec       0x9a c:/nburn/gcc-m68k/bin/../m68k-unknown-elf/sysroot/lib/m54455\libc.a(lib_a-callocr.o)
                0x4000fdec                _calloc_r
 *fill*         0x4000fe86        0x2 
 .text          0x4000fe88       0x2e c:/nburn/gcc-m68k/bin/../m68k-unknown-elf/sysroot/lib/m54455\libc.a(lib_a-closer.o)
                0x4000fe88                _close_r
 *fill*         0x4000feb6        0x2 
 .text          0x4000feb8       0xe2 c:/nburn/gcc-m68k/bin/../m68k-unknown-elf/sysroot/lib/m54455\libc.a(lib_a-fclose.o)
                0x4000feb8                _fclose_r
                0x4000ff84                fclose
 *fill*         0x4000ff9a        0x2 
 .text          0x4000ff9c       0x32 c:/nburn/gcc-m68k/bin/../m68k-unknown-elf/sysroot/lib/m54455\libc.a(lib_a-fstatr.o)
                0x4000ff9c                _fstat_r
 *fill*         0x4000ffce        0x2 
 .text          0x4000ffd0       0x2e c:/nburn/gcc-m68k/bin/../m68k-unknown-elf/sysroot/lib/m54455\libc.a(lib_a-isattyr.o)
                0x4000ffd0                _isatty_r
 *fill*         0x4000fffe        0x2 
 .text          0x40010000       0x38 c:/nburn/gcc-m68k/bin/../m68k-unknown-elf/sysroot/lib/m54455\libc.a(lib_a-lseekr.o)
                0x40010000                _lseek_r
 .text          0x40010038       0x38 c:/nburn/gcc-m68k/bin/../m68k-unknown-elf/sysroot/lib/m54455\libc.a(lib_a-readr.o)
                0x40010038                _read_r
 .text          0x40010070       0x32 c:/nburn/gcc-m68k/bin/../lib/gcc/m68k-unknown-elf/5.2.0/m54455/crtend.o
                0x400100b0                . = ALIGN (0x10)
 *fill*         0x400100a2        0xe 
 *(.text.*)
 .text.WebGPS   0x400100b0      0x16e webfuncs.o
                0x400100b0                WebGPS
 *fill*         0x4001021e        0x2 
 .text._Z9WriteLedsh
                0x40010220      0x108 webfuncs.o
                0x40010220                _Z9WriteLedsh
 .text.WebLeds  0x40010328       0xe2 webfuncs.o
                0x40010328                WebLeds
 *fill*         0x4001040a        0x2 
 .text._Z10ReadSwitchv
                0x4001040c       0xb2 webfuncs.o
                0x4001040c                _Z10ReadSwitchv
 *fill*         0x400104be        0x2 
 .text.DoSwitches
                0x400104c0       0xd0 webfuncs.o
                0x400104c0                DoSwitches
 .text._Z6hewinsi
                0x40010590       0x94 webfuncs.o
                0x40010590                _Z6hewinsi
 .text._Z4movei
                0x40010624      0x1bc webfuncs.o
                0x40010624                _Z4movei
 .text.WebTickTacToe
                0x400107e0      0x312 webfuncs.o
                0x400107e0                WebTickTacToe
 *fill*         0x40010af2        0x2 
 .text.DisplayFirmwareVersion
                0x40010af4       0x16 webfuncs.o
                0x40010af4                DisplayFirmwareVersion
 *fill*         0x40010b0a        0x2 
 .text._Z20displayEffsErrorCodei
                0x40010b0c       0x44 tests.o
                0x40010b0c                _Z20displayEffsErrorCodei
 .text._Z19doSingleMemCardTesti
                0x40010b50      0x1aa tests.o
                0x40010b50                _Z19doSingleMemCardTesti
 *fill*         0x40010cfa        0x2 
 .text._Z17doDualMemCardTestv
                0x40010cfc       0x46 tests.o
                0x40010cfc                _Z17doDualMemCardTestv
 *fill*         0x40010d42        0x2 
 .text._Z10doManfTestv
                0x40010d44       0x78 tests.o
                0x40010d44                _Z10doManfTestv
 .text._Z11processPingPc
                0x40010dbc      0x13e main.o
                0x40010dbc                _Z11processPingPc
 *fill*         0x40010efa        0x2 
 .text._Z22showEthernetLinkStatusv
                0x40010efc       0x8c main.o
                0x40010efc                _Z22showEthernetLinkStatusv
 .text._Z11displayMenuv
                0x40010f88       0x66 main.o
                0x40010f88                _Z11displayMenuv
 *fill*         0x40010fee        0x2 
 .text._Z14processCommandPc
                0x40010ff0      0x16a main.o
                0x40010ff0                _Z14processCommandPc
 *fill*         0x4001115a        0x2 
 .text.UserMain
                0x4001115c      0x1ec main.o
                0x4001115c                UserMain
 .text._Z15showIpAddressesv
                0x40011348      0x2dc ip_util.o
                0x40011348                _Z15showIpAddressesv
 .text._Z13FTPServerIniti
                0x40011624       0x1a ftps.o
                0x40011624                _Z13FTPServerIniti
 *fill*         0x4001163e        0x2 
 .text._Z12getDirStringPclS_
                0x40011640       0xa8 ftps.o
                0x40011640                _Z12getDirStringPclS_
 .text._Z13FTPD_ListFilePKcPvPFviS0_Ei
                0x400116e8       0x7e ftps.o
                0x400116e8                _Z13FTPD_ListFilePKcPvPFviS0_Ei
 *fill*         0x40011766        0x2 
 .text._Z15FTPD_FileExistsPKcS0_Pv
                0x40011768       0x60 ftps.o
                0x40011768                _Z15FTPD_FileExistsPKcS0_Pv
 .text._Z16FTPD_GetFileSizePKcS0_
                0x400117c8       0xa6 ftps.o
                0x400117c8                _Z16FTPD_GetFileSizePKcS0_
 *fill*         0x4001186e        0x2 
 .text._Z11SendFullBini
                0x40011870       0xb8 ftps.o
                0x40011870                _Z11SendFullBini
 .text._Z21FTPD_SendFileToClientPKcS0_Pvi
                0x40011928       0xda ftps.o
                0x40011928                _Z21FTPD_SendFileToClientPKcS0_Pvi
 *fill*         0x40011a02        0x2 
 .text._Z22FTPD_GetFileFromClientPKcS0_Pvi
                0x40011a04        0xa ftps.o
                0x40011a04                _Z22FTPD_GetFileFromClientPKcS0_Pvi
 *fill*         0x40011a0e        0x2 
 .text._Z21FTPD_AbleToCreateFilePKcS0_Pv
                0x40011a10        0xa ftps.o
                0x40011a10                _Z21FTPD_AbleToCreateFilePKcS0_Pv
 *fill*         0x40011a1a        0x2 
 .text._Z14FTPDSessionEndPv
                0x40011a1c        0x8 ftps.o
                0x40011a1c                _Z14FTPDSessionEndPv
 .text._Z23FTPD_ListSubDirectoriesPKcPvPFviS0_Ei
                0x40011a24        0xa ftps.o
                0x40011a24                _Z23FTPD_ListSubDirectoriesPKcPvPFviS0_Ei
 *fill*         0x40011a2e        0x2 
 .text._Z20FTPD_DirectoryExistsPKcPv
                0x40011a30        0xa ftps.o
                0x40011a30                _Z20FTPD_DirectoryExistsPKcPv
 *fill*         0x40011a3a        0x2 
 .text._Z23FTPD_CreateSubDirectoryPKcS0_Pv
                0x40011a3c        0xa ftps.o
                0x40011a3c                _Z23FTPD_CreateSubDirectoryPKcS0_Pv
 *fill*         0x40011a46        0x2 
 .text._Z23FTPD_DeleteSubDirectoryPKcS0_Pv
                0x40011a48        0xa ftps.o
                0x40011a48                _Z23FTPD_DeleteSubDirectoryPKcS0_Pv
 *fill*         0x40011a52        0x2 
 .text._Z15FTPD_DeleteFilePKcS0_Pv
                0x40011a54        0xa ftps.o
                0x40011a54                _Z15FTPD_DeleteFilePKcS0_Pv
 *fill*         0x40011a5e        0x2 
 .text._Z11FTPD_RenamePKcS0_S0_Pv
                0x40011a60        0xa ftps.o
                0x40011a60                _Z11FTPD_RenamePKcS0_S0_Pv
 *fill*         0x40011a6a        0x2 
 .text._Z16FTPDSessionStartPKcS0_7IPADDR4
                0x40011a6c        0xa ftps.o
                0x40011a6c                _Z16FTPDSessionStartPKcS0_7IPADDR4
 *fill*         0x40011a76        0x2 
 .text._Z15InitSingleEndADv
                0x40011a78       0xec SimpleAD.o
                0x40011a78                _Z15InitSingleEndADv
 .text._Z7StartADv
                0x40011b64       0x26 SimpleAD.o
                0x40011b64                _Z7StartADv
 *fill*         0x40011b8a        0x2 
 .text._Z6ADDonev
                0x40011b8c       0x20 SimpleAD.o
                0x40011b8c                _Z6ADDonev
 .text._Z11GetADResulti
                0x40011bac       0x1c SimpleAD.o
                0x40011bac                _Z11GetADResulti
 .text._ZN7GPSTime19setTimeFromGPGGAStrEPKc
                0x40011bc8       0x64 GPS\GPSTime.o
                0x40011bc8                _ZN7GPSTime19setTimeFromGPGGAStrEPKc
 .text._ZN6GPSNtp19setTimeFromGPGGAStrEPc
                0x40011c2c       0x64 GPS\GPSNtp.o
                0x40011c2c                _ZN6GPSNtp19setTimeFromGPGGAStrEPc
 .text._ZN6GPSNtp19setDateFromGPGGAStrEPc
                0x40011c90       0x66 GPS\GPSNtp.o
                0x40011c90                _ZN6GPSNtp19setDateFromGPGGAStrEPc
 *fill*         0x40011cf6        0x2 
 .text._ZN6GPSNtp14ProcessNtpSecsEmmiiiiii
                0x40011cf8       0xc0 GPS\GPSNtp.o
                0x40011cf8                _ZN6GPSNtp14ProcessNtpSecsEmmiiiiii
 .text._ZN6GPSNtp6setLEDEh
                0x40011db8        0x8 GPS\GPSNtp.o
                0x40011db8                _ZN6GPSNtp6setLEDEh
 .text._ZN11GPSLocation20getFormattedLocationEPc
                0x40011dc0       0x30 GPS\GPSLocation.o
                0x40011dc0                _ZN11GPSLocation20getFormattedLocationEPc
 .text._ZN11GPSLocation23setLocationFromGPGGAStrEPKc
                0x40011df0       0x9a GPS\GPSLocation.o
                0x40011df0                _ZN11GPSLocation23setLocationFromGPGGAStrEPKc
 *fill*         0x40011e8a        0x2 
 .text._ZN7GPSCHIP5startEv
                0x40011e8c       0x2c GPS\GPSCHIP.o
                0x40011e8c                _ZN7GPSCHIP5startEv
 .text._ZN7GPSCHIP16CheckGPSCheckSumEPKc
                0x40011eb8       0x52 GPS\GPSCHIP.o
                0x40011eb8                _ZN7GPSCHIP16CheckGPSCheckSumEPKc
 *fill*         0x40011f0a        0x2 
 .text._ZN7GPSCHIP11DecodeGPGGAEPc
                0x40011f0c      0x2bc GPS\GPSCHIP.o
                0x40011f0c                _ZN7GPSCHIP11DecodeGPGGAEPc
 .text._ZN7GPSCHIP11DecodeGPGSVEPc
                0x400121c8      0x162 GPS\GPSCHIP.o
                0x400121c8                _ZN7GPSCHIP11DecodeGPGSVEPc
 *fill*         0x4001232a        0x2 
 .text._ZN7GPSCHIP11DecodeGPRMCEPc
                0x4001232c      0x18a GPS\GPSCHIP.o
                0x4001232c                _ZN7GPSCHIP11DecodeGPRMCEPc
 *fill*         0x400124b6        0x2 
 .text._ZN7GPSCHIP11DecodeGPGSAEPc
                0x400124b8      0x12a GPS\GPSCHIP.o
                0x400124b8                _ZN7GPSCHIP11DecodeGPGSAEPc
 *fill*         0x400125e2        0x2 
 .text._ZN7GPSCHIP8readLoopEv
                0x400125e4      0x506 GPS\GPSCHIP.o
                0x400125e4                _ZN7GPSCHIP8readLoopEv
 *fill*         0x40012aea        0x2 
 .text._ZN7GPSCHIP14staticreadLoopEPv
                0x40012aec        0xc GPS\GPSCHIP.o
                0x40012aec                _ZN7GPSCHIP14staticreadLoopEPv
 .text._ZN7GPSCHIP6getGPSEv
                0x40012af8       0x64 GPS\GPSCHIP.o
                0x40012af8                _ZN7GPSCHIP6getGPSEv
 .text._Z14DoHtmlFunctioniPKct
                0x40012b5c       0x42 htmldata.o
                0x40012b5c                _Z14DoHtmlFunctioniPKct
 *fill*         0x40012b9e        0x2 
 .text._Z14DoHtmlVariableit
                0x40012ba0        0xa htmldata.o
                0x40012ba0                _Z14DoHtmlVariableit
 *fill*         0x40012baa        0x2 
 .text._Z5xTickv
                0x40012bac       0x1c C:\Nburn/lib/MOD5441X.a(bsp.o)
                0x40012bac                _Z5xTickv
                0x40012bb0                Tick5441X
 .text._Z7SetIntcilii
                0x40012bc8       0x62 C:\Nburn/lib/MOD5441X.a(bsp.o)
                0x40012bc8                _Z7SetIntcilii
 *fill*         0x40012c2a        0x2 
 .text._Z11ForceRebootb
                0x40012c2c       0x54 C:\Nburn/lib/MOD5441X.a(bsp.o)
                0x40012c2c                _Z11ForceRebootb
 .text._Z12DisableCachev
                0x40012c80       0x56 C:\Nburn/lib/MOD5441X.a(bsp.o)
                0x40012c80                _Z12DisableCachev
 *fill*         0x40012cd6        0x2 
 .text._Z11EnableCachev
                0x40012cd8       0x42 C:\Nburn/lib/MOD5441X.a(bsp.o)
                0x40012cd8                _Z11EnableCachev
 *fill*         0x40012d1a        0x2 
 .text._Z13HardwareSetupl
                0x40012d1c      0x15e C:\Nburn/lib/MOD5441X.a(bsp.o)
                0x40012d1c                _Z13HardwareSetupl
 *fill*         0x40012e7a        0x2 
 .text._sbrk_r  0x40012e7c       0x48 C:\Nburn/lib/MOD5441X.a(bsp.o)
                0x40012e7c                _sbrk_r
 .text.atexit   0x40012ec4        0xa C:\Nburn/lib/MOD5441X.a(bsp.o)
                0x40012ec4                atexit
 *fill*         0x40012ece        0x2 
 .text._Z18BspGetTickFractionv
                0x40012ed0       0x18 C:\Nburn/lib/MOD5441X.a(bsp.o)
                0x40012ed0                _Z18BspGetTickFractionv
 .text._ZL10mmc_getphyP8F_DRIVERP5F_PHY
                0x40012ee8       0x58 C:\Nburn/lib/MOD5441X.a(mmc.o)
 .text._ZL11mmc_releaseP8F_DRIVER
                0x40012f40        0x8 C:\Nburn/lib/MOD5441X.a(mmc.o)
 .text._ZL13mmc_cmd_fixedimm
                0x40012f48      0x116 C:\Nburn/lib/MOD5441X.a(mmc.o)
 *fill*         0x4001305e        0x2 
 .text._ZL8mmc_readP8F_DRIVERPhmi
                0x40013060      0x2f4 C:\Nburn/lib/MOD5441X.a(mmc.o)
 .text._Z14mmc_readsectorP8F_DRIVERPvm
                0x40013354       0x1e C:\Nburn/lib/MOD5441X.a(mmc.o)
                0x40013354                _Z14mmc_readsectorP8F_DRIVERPvm
 *fill*         0x40013372        0x2 
 .text._Z22mmc_readmultiplesectorP8F_DRIVERPvmi
                0x40013374        0xc C:\Nburn/lib/MOD5441X.a(mmc.o)
                0x40013374                _Z22mmc_readmultiplesectorP8F_DRIVERPvmi
 .text._ZL9mmc_writeP8F_DRIVERPhmi
                0x40013380      0x36c C:\Nburn/lib/MOD5441X.a(mmc.o)
 .text._Z15mmc_writesectorP8F_DRIVERPvm
                0x400136ec       0x1e C:\Nburn/lib/MOD5441X.a(mmc.o)
                0x400136ec                _Z15mmc_writesectorP8F_DRIVERPvm
 *fill*         0x4001370a        0x2 
 .text._Z23mmc_writemultiplesectorP8F_DRIVERPvmi
                0x4001370c        0xc C:\Nburn/lib/MOD5441X.a(mmc.o)
                0x4001370c                _Z23mmc_writemultiplesectorP8F_DRIVERPvmi
 .text._Z13_get_csd_bitsPhhh
                0x40013718       0x86 C:\Nburn/lib/MOD5441X.a(mmc.o)
                0x40013718                _Z13_get_csd_bitsPhhh
 *fill*         0x4001379e        0x2 
 .text._ZL12mmc_initcardi
                0x400137a0      0x7e4 C:\Nburn/lib/MOD5441X.a(mmc.o)
 .text._ZL13mmc_getstatusP8F_DRIVER
                0x40013f84      0x106 C:\Nburn/lib/MOD5441X.a(mmc.o)
 *fill*         0x4001408a        0x2 
 .text.mmc_initfunc
                0x4001408c       0xc8 C:\Nburn/lib/MOD5441X.a(mmc.o)
                0x4001408c                mmc_initfunc
 .text.startup._GLOBAL__sub_I__Z14mmc_readsectorP8F_DRIVERPvm
                0x40014154       0x3c C:\Nburn/lib/MOD5441X.a(mmc.o)
 .text.__tcf_0  0x40014190       0x38 C:\Nburn/lib/MOD5441X.a(serial.o)
 .text._Z11BaseGetChari
                0x400141c8       0xac C:\Nburn/lib/MOD5441X.a(serial.o)
                0x400141c8                _Z11BaseGetChari
 .text._Z14InitializeMapsv.part.1
                0x40014274       0x76 C:\Nburn/lib/MOD5441X.a(serial.o)
 *fill*         0x400142ea        0x2 
 .text._Z6WakeTxi
                0x400142ec       0x8c C:\Nburn/lib/MOD5441X.a(serial.o)
                0x400142ec                _Z6WakeTxi
 .text._Z11BasePutCharih
                0x40014378       0xf0 C:\Nburn/lib/MOD5441X.a(serial.o)
                0x40014378                _Z11BasePutCharih
 .text._Z8serwriteiPKci
                0x40014468      0x156 C:\Nburn/lib/MOD5441X.a(serial.o)
                0x40014468                _Z8serwriteiPKci
 *fill*         0x400145be        0x2 
 .text._Z8DoSerIsri
                0x400145c0      0x302 C:\Nburn/lib/MOD5441X.a(serial.o)
                0x400145c0                _Z8DoSerIsri
 *fill*         0x400148c2        0x2 
 .text._Z14fake_SER_0_ISRv
                0x400148c4       0x54 C:\Nburn/lib/MOD5441X.a(serial.o)
                0x400148c4                _Z14fake_SER_0_ISRv
                0x400148c8                SER_0_ISR
 .text.real_SER_0_ISR
                0x40014918       0x12 C:\Nburn/lib/MOD5441X.a(serial.o)
                0x40014918                real_SER_0_ISR
 *fill*         0x4001492a        0x2 
 .text._Z14fake_SER_1_ISRv
                0x4001492c       0x54 C:\Nburn/lib/MOD5441X.a(serial.o)
                0x4001492c                _Z14fake_SER_1_ISRv
                0x40014930                SER_1_ISR
 .text.real_SER_1_ISR
                0x40014980       0x14 C:\Nburn/lib/MOD5441X.a(serial.o)
                0x40014980                real_SER_1_ISR
 .text._Z14fake_SER_2_ISRv
                0x40014994       0x54 C:\Nburn/lib/MOD5441X.a(serial.o)
                0x40014994                _Z14fake_SER_2_ISRv
                0x40014998                SER_2_ISR
 .text.real_SER_2_ISR
                0x400149e8       0x14 C:\Nburn/lib/MOD5441X.a(serial.o)
                0x400149e8                real_SER_2_ISR
 .text._Z14fake_SER_3_ISRv
                0x400149fc       0x54 C:\Nburn/lib/MOD5441X.a(serial.o)
                0x400149fc                _Z14fake_SER_3_ISRv
                0x40014a00                SER_3_ISR
 .text.real_SER_3_ISR
                0x40014a50       0x14 C:\Nburn/lib/MOD5441X.a(serial.o)
                0x40014a50                real_SER_3_ISR
 .text._Z14fake_SER_4_ISRv
                0x40014a64       0x54 C:\Nburn/lib/MOD5441X.a(serial.o)
                0x40014a64                _Z14fake_SER_4_ISRv
                0x40014a68                SER_4_ISR
 .text.real_SER_4_ISR
                0x40014ab8       0x14 C:\Nburn/lib/MOD5441X.a(serial.o)
                0x40014ab8                real_SER_4_ISR
 .text._Z14fake_SER_5_ISRv
                0x40014acc       0x54 C:\Nburn/lib/MOD5441X.a(serial.o)
                0x40014acc                _Z14fake_SER_5_ISRv
                0x40014ad0                SER_5_ISR
 .text.real_SER_5_ISR
                0x40014b20       0x14 C:\Nburn/lib/MOD5441X.a(serial.o)
                0x40014b20                real_SER_5_ISR
 .text._Z14fake_SER_6_ISRv
                0x40014b34       0x54 C:\Nburn/lib/MOD5441X.a(serial.o)
                0x40014b34                _Z14fake_SER_6_ISRv
                0x40014b38                SER_6_ISR
 .text.real_SER_6_ISR
                0x40014b88       0x14 C:\Nburn/lib/MOD5441X.a(serial.o)
                0x40014b88                real_SER_6_ISR
 .text._Z14fake_SER_7_ISRv
                0x40014b9c       0x54 C:\Nburn/lib/MOD5441X.a(serial.o)
                0x40014b9c                _Z14fake_SER_7_ISRv
                0x40014ba0                SER_7_ISR
 .text.real_SER_7_ISR
                0x40014bf0       0x14 C:\Nburn/lib/MOD5441X.a(serial.o)
                0x40014bf0                real_SER_7_ISR
 .text._Z14fake_SER_8_ISRv
                0x40014c04       0x54 C:\Nburn/lib/MOD5441X.a(serial.o)
                0x40014c04                _Z14fake_SER_8_ISRv
                0x40014c08                SER_8_ISR
 .text.real_SER_8_ISR
                0x40014c58       0x14 C:\Nburn/lib/MOD5441X.a(serial.o)
                0x40014c58                real_SER_8_ISR
 .text._Z14fake_SER_9_ISRv
                0x40014c6c       0x54 C:\Nburn/lib/MOD5441X.a(serial.o)
                0x40014c6c                _Z14fake_SER_9_ISRv
                0x40014c70                SER_9_ISR
 .text.real_SER_9_ISR
                0x40014cc0       0x14 C:\Nburn/lib/MOD5441X.a(serial.o)
                0x40014cc0                real_SER_9_ISR
 .text._Z10serreadwtoiPcii
                0x40014cd4      0x21a C:\Nburn/lib/MOD5441X.a(serial.o)
                0x40014cd4                _Z10serreadwtoiPcii
 *fill*         0x40014eee        0x2 
 .text._Z7serreadiPci
                0x40014ef0       0x1c C:\Nburn/lib/MOD5441X.a(serial.o)
                0x40014ef0                _Z7serreadiPci
 .text._Z10OpenSerialijii11parity_mode
                0x40014f0c      0x6f0 C:\Nburn/lib/MOD5441X.a(serial.o)
                0x40014f0c                _Z10OpenSerialijii11parity_mode
 .text._Z11SerialClosei
                0x400155fc       0xda C:\Nburn/lib/MOD5441X.a(serial.o)
                0x400155fc                _Z11SerialClosei
 *fill*         0x400156d6        0x2 
 .text._Z16serexternalclosei
                0x400156d8       0x34 C:\Nburn/lib/MOD5441X.a(serial.o)
                0x400156d8                _Z16serexternalclosei
 .text.startup._GLOBAL__sub_I_Uarts
                0x4001570c       0x5e C:\Nburn/lib/MOD5441X.a(serial.o)
 *fill*         0x4001576a        0x2 
 .text._Z9StopEnet0v
                0x4001576c       0x4e C:\Nburn/lib/MOD5441X.a(ethernet.o)
                0x4001576c                _Z9StopEnet0v
 *fill*         0x400157ba        0x2 
 .text._Z13EthMultifunc06MACADRh
                0x400157bc       0x46 C:\Nburn/lib/MOD5441X.a(ethernet.o)
                0x400157bc                _Z13EthMultifunc06MACADRh
 *fill*         0x40015802        0x2 
 .text._Z10EtherLink0v
                0x40015804       0x5c C:\Nburn/lib/MOD5441X.a(ethernet.o)
                0x40015804                _Z10EtherLink0v
 .text._ZN12EthernetVars15ProcessRxBufferEP11pool_buffer.part.1
                0x40015860      0x21c C:\Nburn/lib/MOD5441X.a(ethernet.o)
 .text._ZN12EthernetVars16ReadyDescriptorsEv.part.2
                0x40015a7c       0xd6 C:\Nburn/lib/MOD5441X.a(ethernet.o)
 *fill*         0x40015b52        0x2 
 .text._ZN12EthernetVars9RxIsrProcERVmmm
                0x40015b54      0x242 C:\Nburn/lib/MOD5441X.a(ethernet.o)
                0x40015b54                _ZN12EthernetVars9RxIsrProcERVmmm
 *fill*         0x40015d96        0x2 
 .text._Z15fake_rxenetisr0v
                0x40015d98       0x54 C:\Nburn/lib/MOD5441X.a(ethernet.o)
                0x40015d98                _Z15fake_rxenetisr0v
                0x40015d9c                rxenetisr0
 .text.real_rxenetisr0
                0x40015dec       0x6c C:\Nburn/lib/MOD5441X.a(ethernet.o)
                0x40015dec                real_rxenetisr0
 .text._Z15fake_txenetisr0v
                0x40015e58       0x54 C:\Nburn/lib/MOD5441X.a(ethernet.o)
                0x40015e58                _Z15fake_txenetisr0v
                0x40015e5c                txenetisr0
 .text._Z15fake_rxenetisr1v
                0x40015eac       0x54 C:\Nburn/lib/MOD5441X.a(ethernet.o)
                0x40015eac                _Z15fake_rxenetisr1v
                0x40015eb0                rxenetisr1
 .text.real_rxenetisr1
                0x40015f00       0x6c C:\Nburn/lib/MOD5441X.a(ethernet.o)
                0x40015f00                real_rxenetisr1
 .text._Z15fake_txenetisr1v
                0x40015f6c       0x54 C:\Nburn/lib/MOD5441X.a(ethernet.o)
                0x40015f6c                _Z15fake_txenetisr1v
                0x40015f70                txenetisr1
 .text._ZN12EthernetVars9TxIsrProcERVmmm
                0x40015fc0      0x228 C:\Nburn/lib/MOD5441X.a(ethernet.o)
                0x40015fc0                _ZN12EthernetVars9TxIsrProcERVmmm
 .text.real_txenetisr0
                0x400161e8       0x34 C:\Nburn/lib/MOD5441X.a(ethernet.o)
                0x400161e8                real_txenetisr0
 .text.real_txenetisr1
                0x4001621c       0x34 C:\Nburn/lib/MOD5441X.a(ethernet.o)
                0x4001621c                real_txenetisr1
 .text._ZN12EthernetVars17EthTransmitBufferEP11pool_buffer
                0x40016250      0x18a C:\Nburn/lib/MOD5441X.a(ethernet.o)
                0x40016250                _ZN12EthernetVars17EthTransmitBufferEP11pool_buffer
 *fill*         0x400163da        0x2 
 .text._Z18EthTransmitBuffer0P11pool_buffer
                0x400163dc       0x1a C:\Nburn/lib/MOD5441X.a(ethernet.o)
                0x400163dc                _Z18EthTransmitBuffer0P11pool_buffer
 *fill*         0x400163f6        0x2 
 .text._ZN12EthernetVars6GetMIIEh
                0x400163f8       0x84 C:\Nburn/lib/MOD5441X.a(ethernet.o)
                0x400163f8                _ZN12EthernetVars6GetMIIEh
 .text._ZN12EthernetVars6GetMIIEhh
                0x4001647c       0x80 C:\Nburn/lib/MOD5441X.a(ethernet.o)
                0x4001647c                _ZN12EthernetVars6GetMIIEhh
 .text._ZN12EthernetVars6SetMIIEht
                0x400164fc       0x8a C:\Nburn/lib/MOD5441X.a(ethernet.o)
                0x400164fc                _ZN12EthernetVars6SetMIIEht
 *fill*         0x40016586        0x2 
 .text._ZN12EthernetVars14ResetEnetPart2Ev
                0x40016588      0x736 C:\Nburn/lib/MOD5441X.a(ethernet.o)
                0x40016588                _ZN12EthernetVars14ResetEnetPart2Ev
 *fill*         0x40016cbe        0x2 
 .text._ZN12EthernetVars9ResetEnetEv
                0x40016cc0      0xb0e C:\Nburn/lib/MOD5441X.a(ethernet.o)
                0x40016cc0                _ZN12EthernetVars9ResetEnetEv
 *fill*         0x400177ce        0x2 
 .text._ZN12EthernetVars16ReadyDescriptorsEv
                0x400177d0       0x1a C:\Nburn/lib/MOD5441X.a(ethernet.o)
                0x400177d0                _ZN12EthernetVars16ReadyDescriptorsEv
 *fill*         0x400177ea        0x2 
 .text._ZN12EthernetVars13WarmEnetResetEv
                0x400177ec       0xb0 C:\Nburn/lib/MOD5441X.a(ethernet.o)
                0x400177ec                _ZN12EthernetVars13WarmEnetResetEv
 .text._ZN12EthernetVars19ProcessDuplexStatusEt
                0x4001789c      0x5f8 C:\Nburn/lib/MOD5441X.a(ethernet.o)
                0x4001789c                _ZN12EthernetVars19ProcessDuplexStatusEt
 .text._Z17Ether_ProcessTaskPv
                0x40017e94      0x48c C:\Nburn/lib/MOD5441X.a(ethernet.o)
                0x40017e94                _Z17Ether_ProcessTaskPv
 .text._ZN12EthernetVars8StopEnetEv
                0x40018320       0x4e C:\Nburn/lib/MOD5441X.a(ethernet.o)
                0x40018320                _ZN12EthernetVars8StopEnetEv
 *fill*         0x4001836e        0x2 
 .text._ZN12EthernetVars18InitializeEthernetEiiR6MACADR
                0x40018370      0x3c0 C:\Nburn/lib/MOD5441X.a(ethernet.o)
                0x40018370                _ZN12EthernetVars18InitializeEthernetEiiR6MACADR
 .text._Z20AddEthernetInterfacev
                0x40018730      0x136 C:\Nburn/lib/MOD5441X.a(ethernet.o)
                0x40018730                _Z20AddEthernetInterfacev
 *fill*         0x40018866        0x2 
 .text._Z9EtherLinkv
                0x40018868       0x3c C:\Nburn/lib/MOD5441X.a(ethernet.o)
                0x40018868                _Z9EtherLinkv
 .text._Z11EtherDuplexv
                0x400188a4       0x3c C:\Nburn/lib/MOD5441X.a(ethernet.o)
                0x400188a4                _Z11EtherDuplexv
 .text._Z13EtherSpeed100v
                0x400188e0       0x3c C:\Nburn/lib/MOD5441X.a(ethernet.o)
                0x400188e0                _Z13EtherSpeed100v
 .text.startup._GLOBAL__sub_I_enet0
                0x4001891c       0x7a C:\Nburn/lib/MOD5441X.a(ethernet.o)
 *fill*         0x40018996        0x2 
 .text._ZN12EthernetVars9EtherLinkEv
                0x40018998       0x10 C:\Nburn/lib/MOD5441X.a(etherprint.o)
                0x40018998                _ZN12EthernetVars9EtherLinkEv
 .text._ZN12EthernetVars13EtherSpeed100Ev
                0x400189a8       0x10 C:\Nburn/lib/MOD5441X.a(etherprint.o)
                0x400189a8                _ZN12EthernetVars13EtherSpeed100Ev
 .text._ZN12EthernetVars11EtherDuplexEv
                0x400189b8       0x10 C:\Nburn/lib/MOD5441X.a(etherprint.o)
                0x400189b8                _ZN12EthernetVars11EtherDuplexEv
 .text._Z10showbinarytt
                0x400189c8       0x74 C:\Nburn/lib/MOD5441X.a(etherprint.o)
                0x400189c8                _Z10showbinarytt
 .text._ZN12EthernetVars7ShowMIIEhhPKct
                0x40018a3c       0x6a C:\Nburn/lib/MOD5441X.a(etherprint.o)
                0x40018a3c                _ZN12EthernetVars7ShowMIIEhhPKct
 *fill*         0x40018aa6        0x2 
 .text._ZN12EthernetVars13ShowPhyterMIIEv
                0x40018aa8      0x296 C:\Nburn/lib/MOD5441X.a(etherprint.o)
                0x40018aa8                _ZN12EthernetVars13ShowPhyterMIIEv
 *fill*         0x40018d3e        0x2 
 .text._ZN12EthernetVars16ShowFECRegistersEv
                0x40018d40      0x4fa C:\Nburn/lib/MOD5441X.a(etherprint.o)
                0x40018d40                _ZN12EthernetVars16ShowFECRegistersEv
 *fill*         0x4001923a        0x2 
 .text._Z5dEnetv
                0x4001923c       0x16 C:\Nburn/lib/MOD5441X.a(etherprint.o)
                0x4001923c                _Z5dEnetv
 *fill*         0x40019252        0x2 
 .text._ZN12EthernetVars18EthEnableMulticastE6MACADR
                0x40019254      0x1a8 C:\Nburn/lib/MOD5441X.a(emulticast.o)
                0x40019254                _ZN12EthernetVars18EthEnableMulticastE6MACADR
 .text._ZN12EthernetVars19EthDisableMulticastE6MACADR
                0x400193fc      0x1f0 C:\Nburn/lib/MOD5441X.a(emulticast.o)
                0x400193fc                _ZN12EthernetVars19EthDisableMulticastE6MACADR
 .text._ZN5PinIO3setEh
                0x400195ec      0xf24 C:\Nburn/lib/MOD5441X.a(pins.o)
                0x400195ec                _ZN5PinIO3setEh
 .text._ZN5PinIO8functionEi
                0x4001a510      0x770 C:\Nburn/lib/MOD5441X.a(pins.o)
                0x4001a510                _ZN5PinIO8functionEi
 .text.spi_tx1  0x4001ac80       0xa2 C:\Nburn/lib/MOD5441X.a(mmc_mcf.o)
                0x4001ac80                spi_tx1
 *fill*         0x4001ad22        0x2 
 .text.spi_tx2  0x4001ad24      0x100 C:\Nburn/lib/MOD5441X.a(mmc_mcf.o)
                0x4001ad24                spi_tx2
 .text.spi_tx4  0x4001ae24      0x1c2 C:\Nburn/lib/MOD5441X.a(mmc_mcf.o)
                0x4001ae24                spi_tx4
 *fill*         0x4001afe6        0x2 
 .text.spi_tx512
                0x4001afe8       0xd2 C:\Nburn/lib/MOD5441X.a(mmc_mcf.o)
                0x4001afe8                spi_tx512
 *fill*         0x4001b0ba        0x2 
 .text.spi_rx1  0x4001b0bc      0x1f4 C:\Nburn/lib/MOD5441X.a(mmc_mcf.o)
                0x4001b0bc                spi_rx1
 .text.spi_rx512
                0x4001b2b0      0x2ac C:\Nburn/lib/MOD5441X.a(mmc_mcf.o)
                0x4001b2b0                spi_rx512
 .text.spi_set_baudrate
                0x4001b55c      0x482 C:\Nburn/lib/MOD5441X.a(mmc_mcf.o)
                0x4001b55c                spi_set_baudrate
 *fill*         0x4001b9de        0x2 
 .text.spi_get_baudrate
                0x4001b9e0       0x20 C:\Nburn/lib/MOD5441X.a(mmc_mcf.o)
                0x4001b9e0                spi_get_baudrate
 .text._Z12MMC_BaseIniti
                0x4001ba00      0x100 C:\Nburn/lib/MOD5441X.a(mmc_mcf.o)
                0x4001ba00                _Z12MMC_BaseIniti
 .text.get_cd   0x4001bb00       0x90 C:\Nburn/lib/MOD5441X.a(mmc_mcf.o)
                0x4001bb00                get_cd
 .text.get_wp   0x4001bb90       0x56 C:\Nburn/lib/MOD5441X.a(mmc_mcf.o)
                0x4001bb90                get_wp
 *fill*         0x4001bbe6        0x2 
 .text.spi_cs_lo
                0x4001bbe8       0xb8 C:\Nburn/lib/MOD5441X.a(mmc_mcf.o)
                0x4001bbe8                spi_cs_lo
 .text.spi_cs_hi
                0x4001bca0       0xb8 C:\Nburn/lib/MOD5441X.a(mmc_mcf.o)
                0x4001bca0                spi_cs_hi
 .text.spi_init
                0x4001bd58      0x134 C:\Nburn/lib/MOD5441X.a(mmc_mcf.o)
                0x4001bd58                spi_init
 .text._Z9StopEnet1v
                0x4001be8c       0x16 C:\Nburn/lib/MOD5441X.a(ether2nd.o)
                0x4001be8c                _Z9StopEnet1v
 *fill*         0x4001bea2        0x2 
 .text._Z10EtherLink1v
                0x4001bea4       0x26 C:\Nburn/lib/MOD5441X.a(ether2nd.o)
                0x4001bea4                _Z10EtherLink1v
 *fill*         0x4001beca        0x2 
 .text._Z18EthTransmitBuffer1P11pool_buffer
                0x4001becc       0x2e C:\Nburn/lib/MOD5441X.a(ether2nd.o)
                0x4001becc                _Z18EthTransmitBuffer1P11pool_buffer
 *fill*         0x4001befa        0x2 
 .text._Z13EthMultifunc16MACADRh
                0x4001befc       0x46 C:\Nburn/lib/MOD5441X.a(ether2nd.o)
                0x4001befc                _Z13EthMultifunc16MACADRh
 *fill*         0x4001bf42        0x2 
 .text._Z14Add2ndEthernetv
                0x4001bf44      0x1da C:\Nburn/lib/MOD5441X.a(ether2nd.o)
                0x4001bf44                _Z14Add2ndEthernetv
 *fill*         0x4001c11e        0x2 
 .text.startup._GLOBAL__sub_I_EthernetBlock1
                0x4001c120       0x26 C:\Nburn/lib/MOD5441X.a(ether2nd.o)
 *fill*         0x4001c146        0x2 
 .text._Z14UpdateMacTableblPhjj
                0x4001c148      0x1dc C:\Nburn/lib/MOD5441X.a(etherswitch.o)
                0x4001c148                _Z14UpdateMacTableblPhjj
 .text._Z12InitMacTablev
                0x4001c324       0xaa C:\Nburn/lib/MOD5441X.a(etherswitch.o)
                0x4001c324                _Z12InitMacTablev
 *fill*         0x4001c3ce        0x2 
 .text._Z17fake_rxeswitchisrv
                0x4001c3d0       0x54 C:\Nburn/lib/MOD5441X.a(etherswitch.o)
                0x4001c3d0                _Z17fake_rxeswitchisrv
                0x4001c3d4                rxeswitchisr
 .text.real_rxeswitchisr
                0x4001c424       0x52 C:\Nburn/lib/MOD5441X.a(etherswitch.o)
                0x4001c424                real_rxeswitchisr
 *fill*         0x4001c476        0x2 
 .text._Z17fake_txeswitchisrv
                0x4001c478       0x54 C:\Nburn/lib/MOD5441X.a(etherswitch.o)
                0x4001c478                _Z17fake_txeswitchisrv
                0x4001c47c                txeswitchisr
 .text.real_txeswitchisr
                0x4001c4cc       0x52 C:\Nburn/lib/MOD5441X.a(etherswitch.o)
                0x4001c4cc                real_txeswitchisr
 *fill*         0x4001c51e        0x2 
 .text._Z14fake_eswlrnisrv
                0x4001c520       0x54 C:\Nburn/lib/MOD5441X.a(etherswitch.o)
                0x4001c520                _Z14fake_eswlrnisrv
                0x4001c524                eswlrnisr
 .text.real_eswlrnisr
                0x4001c574       0x9e C:\Nburn/lib/MOD5441X.a(etherswitch.o)
                0x4001c574                real_eswlrnisr
 *fill*         0x4001c612        0x2 
 .text._Z15EtherSwitchInitv
                0x4001c614      0x210 C:\Nburn/lib/MOD5441X.a(etherswitch.o)
                0x4001c614                _Z15EtherSwitchInitv
 .text._Z13GetUartRecordi
                0x4001c824       0x3a C:\Nburn/lib/MOD5441X.a(localio.o)
                0x4001c824                _Z13GetUartRecordi
 *fill*         0x4001c85e        0x2 
 .text._Z11LocalInBytev
                0x4001c860       0x5e C:\Nburn/lib/MOD5441X.a(localio.o)
                0x4001c860                _Z11LocalInBytev
 *fill*         0x4001c8be        0x2 
 .text._Z12LocalOutBytec
                0x4001c8c0       0x66 C:\Nburn/lib/MOD5441X.a(localio.o)
                0x4001c8c0                _Z12LocalOutBytec
 *fill*         0x4001c926        0x2 
 .text._Z14LocalCharAvailv
                0x4001c928       0x58 C:\Nburn/lib/MOD5441X.a(localio.o)
                0x4001c928                _Z14LocalCharAvailv
 .text.startup  0x4001c980        0xc C:\Nburn/lib/NetBurner.a(main.o)
                0x4001c980                main
 .text._Z22TopOfStackKillfunctionv
                0x4001c98c        0xc C:\Nburn/lib/NetBurner.a(ucosmcfc.o)
                0x4001c98c                _Z22TopOfStackKillfunctionv
                0x4001c990                KillFunctionLink
 .text._Z9OSTCBInithPvS_PlPKc
                0x4001c998       0xc2 C:\Nburn/lib/NetBurner.a(ucosmcfc.o)
                0x4001c998                _Z9OSTCBInithPvS_PlPKc
 *fill*         0x4001ca5a        0x2 
 .text._Z17OSTaskCreatewNamePFvPvES_S_S_hPKc.part.0
                0x4001ca5c      0x1d2 C:\Nburn/lib/NetBurner.a(ucosmcfc.o)
 *fill*         0x4001cc2e        0x2 
 .text._Z17OSTaskCreatewNamePFvPvES_S_S_hPKc
                0x4001cc30       0x44 C:\Nburn/lib/NetBurner.a(ucosmcfc.o)
                0x4001cc30                _Z17OSTaskCreatewNamePFvPvES_S_S_hPKc
 .text._Z12OSTaskCreatePFvPvES_S_S_h
                0x4001cc74       0x48 C:\Nburn/lib/NetBurner.a(ucosmcfc.o)
                0x4001cc74                _Z12OSTaskCreatePFvPvES_S_S_h
 .text._ZL10OSTaskIdlePv
                0x4001ccbc       0x2a C:\Nburn/lib/NetBurner.a(ucos.o)
 *fill*         0x4001cce6        0x2 
 .text._Z6OSInitPvS_h
                0x4001cce8      0x174 C:\Nburn/lib/NetBurner.a(ucos.o)
                0x4001cce8                _Z6OSInitPvS_h
 .text._Z7OSStartv
                0x4001ce5c       0x7c C:\Nburn/lib/NetBurner.a(ucos.o)
                0x4001ce5c                _Z7OSStartv
 .text.OSSched  0x4001ced8       0x92 C:\Nburn/lib/NetBurner.a(ucos.o)
                0x4001ced8                OSSched
                0x4001cf5c                UCOSWAITS_HERE
 *fill*         0x4001cf6a        0x2 
 .text.OSIntExit
                0x4001cf6c       0x94 C:\Nburn/lib/NetBurner.a(ucos.o)
                0x4001cf6c                OSIntExit
 .text._Z9OSTimeDlyt
                0x4001d000       0xb4 C:\Nburn/lib/NetBurner.a(ucos.o)
                0x4001d000                _Z9OSTimeDlyt
 .text.OSTimeTick
                0x4001d0b4      0x104 C:\Nburn/lib/NetBurner.a(ucos.o)
                0x4001d0b4                OSTimeTick
 .text._Z12OSTCBGetFreev
                0x4001d1b8       0x2c C:\Nburn/lib/NetBurner.a(ucos.o)
                0x4001d1b8                _Z12OSTCBGetFreev
 .text._Z6OSLockv
                0x4001d1e4       0x26 C:\Nburn/lib/NetBurner.a(ucos.o)
                0x4001d1e4                _Z6OSLockv
 *fill*         0x4001d20a        0x2 
 .text._Z8OSUnlockv
                0x4001d20c       0x3e C:\Nburn/lib/NetBurner.a(ucos.o)
                0x4001d20c                _Z8OSUnlockv
 *fill*         0x4001d24a        0x2 
 .text._Z12OSChangePrioh
                0x4001d24c      0x100 C:\Nburn/lib/NetBurner.a(ucos.o)
                0x4001d24c                _Z12OSChangePrioh
 .text._Z12OSTaskDeletev
                0x4001d34c      0x112 C:\Nburn/lib/NetBurner.a(ucos.o)
                0x4001d34c                _Z12OSTaskDeletev
 *fill*         0x4001d45e        0x2 
 .text._ZN15OS_TASK_DLY_OBJC2Ev
                0x4001d460       0x30 C:\Nburn/lib/NetBurner.a(ucos.o)
                0x4001d460                _ZN15OS_TASK_DLY_OBJC2Ev
                0x4001d460                _ZN15OS_TASK_DLY_OBJC1Ev
 .text._ZN6OS_SEM5ClaimEv
                0x4001d490       0x52 C:\Nburn/lib/NetBurner.a(ucos.o)
                0x4001d490                _ZN6OS_SEM5ClaimEv
 *fill*         0x4001d4e2        0x2 
 .text._ZN6OS_SEM4InitEl
                0x4001d4e4       0x88 C:\Nburn/lib/NetBurner.a(ucos.o)
                0x4001d4e4                _ZN6OS_SEM4InitEl
 .text._ZN6OS_SEM4PendEm
                0x4001d56c      0x1d6 C:\Nburn/lib/NetBurner.a(ucos.o)
                0x4001d56c                _ZN6OS_SEM4PendEm
 *fill*         0x4001d742        0x2 
 .text._ZN6OS_SEM10PendNoWaitEv
                0x4001d744       0x3a C:\Nburn/lib/NetBurner.a(ucos.o)
                0x4001d744                _ZN6OS_SEM10PendNoWaitEv
 *fill*         0x4001d77e        0x2 
 .text._ZN6OS_SEM4PostEv
                0x4001d780      0x178 C:\Nburn/lib/NetBurner.a(ucos.o)
                0x4001d780                _ZN6OS_SEM4PostEv
 .text._ZN7OS_FIFO4InitEv
                0x4001d8f8       0x48 C:\Nburn/lib/NetBurner.a(ucos.o)
                0x4001d8f8                _ZN7OS_FIFO4InitEv
 .text._ZN7OS_FIFO4PendEPPV10os_fifo_elm
                0x4001d940      0x1d6 C:\Nburn/lib/NetBurner.a(ucos.o)
                0x4001d940                _ZN7OS_FIFO4PendEPPV10os_fifo_elm
 *fill*         0x4001db16        0x2 
 .text._ZN7OS_FIFO10PendNoWaitEPPV10os_fifo_el
                0x4001db18       0x66 C:\Nburn/lib/NetBurner.a(ucos.o)
                0x4001db18                _ZN7OS_FIFO10PendNoWaitEPPV10os_fifo_el
 *fill*         0x4001db7e        0x2 
 .text._ZN7OS_FIFO4PostEP10os_fifo_el
                0x4001db80      0x160 C:\Nburn/lib/NetBurner.a(ucos.o)
                0x4001db80                _ZN7OS_FIFO4PostEP10os_fifo_el
 .text.getpid   0x4001dce0       0x18 C:\Nburn/lib/NetBurner.a(ucos.o)
                0x4001dce0                getpid
 .text._ZN7OS_CRIT4InitEv
                0x4001dcf8       0x4c C:\Nburn/lib/NetBurner.a(ucos.o)
                0x4001dcf8                _ZN7OS_CRIT4InitEv
 .text._ZN7OS_CRIT5EnterEm
                0x4001dd44      0x208 C:\Nburn/lib/NetBurner.a(ucos.o)
                0x4001dd44                _ZN7OS_CRIT5EnterEm
 .text._ZN7OS_CRIT11EnterNoWaitEv
                0x4001df4c       0x70 C:\Nburn/lib/NetBurner.a(ucos.o)
                0x4001df4c                _ZN7OS_CRIT11EnterNoWaitEv
 .text._ZN7OS_CRIT5LeaveEv
                0x4001dfbc      0x19e C:\Nburn/lib/NetBurner.a(ucos.o)
                0x4001dfbc                _ZN7OS_CRIT5LeaveEv
 *fill*         0x4001e15a        0x2 
 .text._Z8OSTaskIDv
                0x4001e15c       0x12 C:\Nburn/lib/NetBurner.a(ucos.o)
                0x4001e15c                _Z8OSTaskIDv
 *fill*         0x4001e16e        0x2 
 .text.cppmain  0x4001e170       0x40 C:\Nburn/lib/NetBurner.a(cppmain.o)
                0x4001e170                cppmain
 .text._Z23SetAddressReadRangeTrapmm
                0x4001e1b0       0xec C:\Nburn/lib/NetBurner.a(debugtrap.o)
                0x4001e1b0                _Z23SetAddressReadRangeTrapmm
 .text.UCosSetup
                0x4001e29c       0x80 C:\Nburn/lib/NetBurner.a(ucosmain.o)
                0x4001e29c                UCosSetup
 .text.__malloc_lock
                0x4001e31c       0x1c C:\Nburn/lib/NetBurner.a(ucosmain.o)
                0x4001e31c                __malloc_lock
 .text.__malloc_unlock
                0x4001e338       0x1c C:\Nburn/lib/NetBurner.a(ucosmain.o)
                0x4001e338                __malloc_unlock
 .text._Z9UCosBeginv
                0x4001e354       0xba C:\Nburn/lib/NetBurner.a(ucosmain.o)
                0x4001e354                _Z9UCosBeginv
 *fill*         0x4001e40e        0x2 
 .text.startup._GLOBAL__sub_I_OSIdleTaskStk
                0x4001e410       0x22 C:\Nburn/lib/NetBurner.a(ucosmain.o)
 *fill*         0x4001e432        0x2 
 .text.ioctl    0x4001e434       0x76 C:\Nburn/lib/NetBurner.a(fileio.o)
                0x4001e434                ioctl
 *fill*         0x4001e4aa        0x2 
 .text.close    0x4001e4ac       0x4c C:\Nburn/lib/NetBurner.a(fileio.o)
                0x4001e4ac                close
 .text.write    0x4001e4f8      0x150 C:\Nburn/lib/NetBurner.a(fileio.o)
                0x4001e4f8                write
 .text._Z8rawwriteiPKci
                0x4001e648       0x82 C:\Nburn/lib/NetBurner.a(fileio.o)
                0x4001e648                _Z8rawwriteiPKci
 *fill*         0x4001e6ca        0x2 
 .text.isatty   0x4001e6cc       0x14 C:\Nburn/lib/NetBurner.a(fileio.o)
                0x4001e6cc                isatty
 .text.lseek    0x4001e6e0       0x16 C:\Nburn/lib/NetBurner.a(fileio.o)
                0x4001e6e0                lseek
 *fill*         0x4001e6f6        0x2 
 .text.fstat    0x4001e6f8       0x1c C:\Nburn/lib/NetBurner.a(fileio.o)
                0x4001e6f8                fstat
 .text._Z11stdioinbytei
                0x4001e714       0x76 C:\Nburn/lib/NetBurner.a(fileio.o)
                0x4001e714                _Z11stdioinbytei
 *fill*         0x4001e78a        0x2 
 .text.read     0x4001e78c      0x1aa C:\Nburn/lib/NetBurner.a(fileio.o)
                0x4001e78c                read
 *fill*         0x4001e936        0x2 
 .text.charavail
                0x4001e938       0x2e C:\Nburn/lib/NetBurner.a(fileio.o)
                0x4001e938                charavail
 *fill*         0x4001e966        0x2 
 .text.ReplaceStdio
                0x4001e968       0xa0 C:\Nburn/lib/NetBurner.a(fileio.o)
                0x4001e968                ReplaceStdio
 .text.CurrentStdioFD
                0x4001ea08       0x22 C:\Nburn/lib/NetBurner.a(fileio.o)
                0x4001ea08                CurrentStdioFD
 *fill*         0x4001ea2a        0x2 
 .text._Z9isvalidcrP12ConfigRecord
                0x4001ea2c       0x46 C:\Nburn/lib/NetBurner.a(system.o)
                0x4001ea2c                _Z9isvalidcrP12ConfigRecord
 *fill*         0x4001ea72        0x2 
 .text._Z12RawGetConfigi
                0x4001ea74       0x24 C:\Nburn/lib/NetBurner.a(system.o)
                0x4001ea74                _Z12RawGetConfigi
 .text._Z22UpdateConfigRecord_NumP12ConfigRecordi
                0x4001ea98      0x184 C:\Nburn/lib/NetBurner.a(system.o)
                0x4001ea98                _Z22UpdateConfigRecord_NumP12ConfigRecordi
 .text._Z18UpdateConfigRecordP12ConfigRecord
                0x4001ec1c       0x16 C:\Nburn/lib/NetBurner.a(system.o)
                0x4001ec1c                _Z18UpdateConfigRecordP12ConfigRecord
 *fill*         0x4001ec32        0x2 
 .text._Z8ReadLinePci
                0x4001ec34      0x1bc C:\Nburn/lib/NetBurner.a(system.o)
                0x4001ec34                _Z8ReadLinePci
 .text._Z10IpQuestionPKcP7IPADDR4
                0x4001edf0       0xb8 C:\Nburn/lib/NetBurner.a(system.o)
                0x4001edf0                _Z10IpQuestionPKcP7IPADDR4
 .text._Z10ShowChangePKcP7IPADDR4PKS1_
                0x4001eea8       0x5c C:\Nburn/lib/NetBurner.a(system.o)
                0x4001eea8                _Z10ShowChangePKcP7IPADDR4PKS1_
 .text._Z11SetupDialogv
                0x4001ef04      0x150 C:\Nburn/lib/NetBurner.a(system.o)
                0x4001ef04                _Z11SetupDialogv
 .text.kill     0x4001f054        0x8 C:\Nburn/lib/NetBurner.a(utils.o)
                0x4001f054                kill
 .text._exit    0x4001f05c        0x6 C:\Nburn/lib/NetBurner.a(utils.o)
                0x4001f05c                _exit
 *fill*         0x4001f062        0x2 
 .text._Z12ShowCountersv
                0x4001f064       0xa8 C:\Nburn/lib/NetBurner.a(utils.o)
                0x4001f064                _Z12ShowCountersv
 .text._Z7ShowMacP6MACADR
                0x4001f10c       0x42 C:\Nburn/lib/NetBurner.a(utils.o)
                0x4001f10c                _Z7ShowMacP6MACADR
 *fill*         0x4001f14e        0x2 
 .text._Z7ShowIP47IPADDR4
                0x4001f150       0x36 C:\Nburn/lib/NetBurner.a(utils.o)
                0x4001f150                _Z7ShowIP47IPADDR4
 *fill*         0x4001f186        0x2 
 .text._Z9snShowIP4Pcm7IPADDR4
                0x4001f188       0x3a C:\Nburn/lib/NetBurner.a(utils.o)
                0x4001f188                _Z9snShowIP4Pcm7IPADDR4
 *fill*         0x4001f1c2        0x2 
 .text._Z10AsciiToIp4PKc
                0x4001f1c4       0x78 C:\Nburn/lib/NetBurner.a(utils.o)
                0x4001f1c4                _Z10AsciiToIp4PKc
 .text._Z8ShowDataPKht
                0x4001f23c      0x556 C:\Nburn/lib/NetBurner.a(utils.o)
                0x4001f23c                _Z8ShowDataPKht
 *fill*         0x4001f792        0x2 
 .text._Z11IsBroadCast7IPADDR4i.part.1
                0x4001f794       0x48 C:\Nburn/lib/NetBurner.a(ip.o)
 .text._Z12AddInterface7IPADDR4S_S_i
                0x4001f7dc      0x156 C:\Nburn/lib/NetBurner.a(ip.o)
                0x4001f7dc                _Z12AddInterface7IPADDR4S_S_i
 *fill*         0x4001f932        0x2 
 .text._Z22GetMultiHomeInterface47IPADDR4i
                0x4001f934       0x6e C:\Nburn/lib/NetBurner.a(ip.o)
                0x4001f934                _Z22GetMultiHomeInterface47IPADDR4i
 *fill*         0x4001f9a2        0x2 
 .text._Z10DoIPPacketP11pool_bufferP6EFRAMEt
                0x4001f9a4      0x1ae C:\Nburn/lib/NetBurner.a(ip.o)
                0x4001f9a4                _Z10DoIPPacketP11pool_bufferP6EFRAMEt
 *fill*         0x4001fb52        0x2 
 .text._Z20GetLocalIPInterface47IPADDR4
                0x4001fb54       0x5e C:\Nburn/lib/NetBurner.a(ip.o)
                0x4001fb54                _Z20GetLocalIPInterface47IPADDR4
 *fill*         0x4001fbb2        0x2 
 .text._Z8IsLocal47IPADDR4i
                0x4001fbb4       0x44 C:\Nburn/lib/NetBurner.a(ip.o)
                0x4001fbb4                _Z8IsLocal47IPADDR4i
 .text._Z11IsBroadCast7IPADDR4i
                0x4001fbf8       0x1c C:\Nburn/lib/NetBurner.a(ip.o)
                0x4001fbf8                _Z11IsBroadCast7IPADDR4i
 .text._Z7IsMyIp47IPADDR4
                0x4001fc14       0x20 C:\Nburn/lib/NetBurner.a(ip.o)
                0x4001fc14                _Z7IsMyIp47IPADDR4
 .text._Z16FixHeaderAndSendP11pool_bufferP5IPPKT
                0x4001fc34      0x210 C:\Nburn/lib/NetBurner.a(ip.o)
                0x4001fc34                _Z16FixHeaderAndSendP11pool_bufferP5IPPKT
 .text._Z28FixHeaderAndSendViaInterfaceP11pool_bufferP5IPPKTi
                0x4001fe44      0x192 C:\Nburn/lib/NetBurner.a(ip.o)
                0x4001fe44                _Z28FixHeaderAndSendViaInterfaceP11pool_bufferP5IPPKTi
 *fill*         0x4001ffd6        0x2 
 .text._Z9SaveErrorP11pool_buffer
                0x4001ffd8       0x42 C:\Nburn/lib/NetBurner.a(ip.o)
                0x4001ffd8                _Z9SaveErrorP11pool_buffer
 *fill*         0x4002001a        0x2 
 .text._Z13process_icmp4P11pool_bufferP5IPPKTt
                0x4002001c      0x150 C:\Nburn/lib/NetBurner.a(ip.o)
                0x4002001c                _Z13process_icmp4P11pool_bufferP5IPPKTt
 .text._Z6IPTaskPv
                0x4002016c      0x23a C:\Nburn/lib/NetBurner.a(ip.o)
                0x4002016c                _Z6IPTaskPv
 *fill*         0x400203a6        0x2 
 .text._Z15InitializeStack7IPADDR4S_S_S_
                0x400203a8      0x144 C:\Nburn/lib/NetBurner.a(ip.o)
                0x400203a8                _Z15InitializeStack7IPADDR4S_S_S_
 .text._Z9FixUpICMPP5IPPKThhPht
                0x400204ec       0x68 C:\Nburn/lib/NetBurner.a(ip.o)
                0x400204ec                _Z9FixUpICMPP5IPPKThhPht
 .text._Z9SendPing47IPADDR4tti
                0x40020554       0xe2 C:\Nburn/lib/NetBurner.a(ip.o)
                0x40020554                _Z9SendPing47IPADDR4tti
 *fill*         0x40020636        0x2 
 .text._Z13SendICMPErrorP11pool_bufferhh
                0x40020638       0xa8 C:\Nburn/lib/NetBurner.a(ip.o)
                0x40020638                _Z13SendICMPErrorP11pool_bufferhh
 .text._Z17Ping4ViaInterface7IPADDR4ttti
                0x400206e0      0x14c C:\Nburn/lib/NetBurner.a(ip.o)
                0x400206e0                _Z17Ping4ViaInterface7IPADDR4ttti
 .text._Z5Ping47IPADDR4ttt
                0x4002082c       0x2e C:\Nburn/lib/NetBurner.a(ip.o)
                0x4002082c                _Z5Ping47IPADDR4ttt
 *fill*         0x4002085a        0x2 
 .text._Z16GetEphemeralPortv
                0x4002085c       0x40 C:\Nburn/lib/NetBurner.a(ip.o)
                0x4002085c                _Z16GetEphemeralPortv
 .text.startup._GLOBAL__sub_I_wGlobalPktId
                0x4002089c       0x5c C:\Nburn/lib/NetBurner.a(ip.o)
 .text._Z13IncUsageCountP11pool_buffer
                0x400208f8       0x3e C:\Nburn/lib/NetBurner.a(buffers.o)
                0x400208f8                _Z13IncUsageCountP11pool_buffer
 *fill*         0x40020936        0x2 
 .text._Z12GetFreeCountv
                0x40020938       0x16 C:\Nburn/lib/NetBurner.a(buffers.o)
                0x40020938                _Z12GetFreeCountv
 *fill*         0x4002094e        0x2 
 .text._ZN11buffer_list10InsertHeadEP11pool_buffer
                0x40020950       0x6c C:\Nburn/lib/NetBurner.a(buffers.o)
                0x40020950                _ZN11buffer_list10InsertHeadEP11pool_buffer
 .text._Z10FreeBufferP11pool_buffer
                0x400209bc       0x8c C:\Nburn/lib/NetBurner.a(buffers.o)
                0x400209bc                _Z10FreeBufferP11pool_buffer
 .text._Z11InitBuffersv
                0x40020a48       0xca C:\Nburn/lib/NetBurner.a(buffers.o)
                0x40020a48                _Z11InitBuffersv
 *fill*         0x40020b12        0x2 
 .text._ZN11buffer_list10InsertTailEP11pool_buffer
                0x40020b14       0x5e C:\Nburn/lib/NetBurner.a(buffers.o)
                0x40020b14                _ZN11buffer_list10InsertTailEP11pool_buffer
 *fill*         0x40020b72        0x2 
 .text._ZN11buffer_list10RemoveHeadEv
                0x40020b74       0x62 C:\Nburn/lib/NetBurner.a(buffers.o)
                0x40020b74                _ZN11buffer_list10RemoveHeadEv
 *fill*         0x40020bd6        0x2 
 .text._Z9GetBufferv
                0x40020bd8       0x44 C:\Nburn/lib/NetBurner.a(buffers.o)
                0x40020bd8                _Z9GetBufferv
 .text._ZN19fifo_buffer_storage14LongSpaceAvailEv
                0x40020c1c       0xc4 C:\Nburn/lib/NetBurner.a(buffers.o)
                0x40020c1c                _ZN19fifo_buffer_storage14LongSpaceAvailEv
 .text._ZN19fifo_buffer_storage10SpaceAvailEv
                0x40020ce0       0x1e C:\Nburn/lib/NetBurner.a(buffers.o)
                0x40020ce0                _ZN19fifo_buffer_storage10SpaceAvailEv
 *fill*         0x40020cfe        0x2 
 .text._ZN19fifo_buffer_storage9SpaceUsedEv
                0x40020d00       0x10 C:\Nburn/lib/NetBurner.a(buffers.o)
                0x40020d00                _ZN19fifo_buffer_storage9SpaceUsedEv
 .text._ZN19fifo_buffer_storage8ReadDataEPhi
                0x40020d10      0x144 C:\Nburn/lib/NetBurner.a(buffers.o)
                0x40020d10                _ZN19fifo_buffer_storage8ReadDataEPhi
 .text._ZN19fifo_buffer_storage12ReadDatawSumEPhiRm
                0x40020e54      0x1aa C:\Nburn/lib/NetBurner.a(buffers.o)
                0x40020e54                _ZN19fifo_buffer_storage12ReadDatawSumEPhiRm
 *fill*         0x40020ffe        0x2 
 .text._ZN19fifo_buffer_storage9WriteDataEPhi
                0x40021000      0x274 C:\Nburn/lib/NetBurner.a(buffers.o)
                0x40021000                _ZN19fifo_buffer_storage9WriteDataEPhi
 .text._ZN19fifo_buffer_storageC2Ehh
                0x40021274       0x7c C:\Nburn/lib/NetBurner.a(buffers.o)
                0x40021274                _ZN19fifo_buffer_storageC1Ehh
                0x40021274                _ZN19fifo_buffer_storageC2Ehh
 .text._ZN19fifo_buffer_storage4InitEhh
                0x400212f0       0x6c C:\Nburn/lib/NetBurner.a(buffers.o)
                0x400212f0                _ZN19fifo_buffer_storage4InitEhh
 .text._ZN19fifo_buffer_storage5ResetEh
                0x4002135c       0xd4 C:\Nburn/lib/NetBurner.a(buffers.o)
                0x4002135c                _ZN19fifo_buffer_storage5ResetEh
 .text._ZN19fifo_buffer_storageD2Ev
                0x40021430       0x16 C:\Nburn/lib/NetBurner.a(buffers.o)
                0x40021430                _ZN19fifo_buffer_storageD1Ev
                0x40021430                _ZN19fifo_buffer_storageD2Ev
 *fill*         0x40021446        0x2 
 .text._ZN19fifo_buffer_storage5EmptyEv
                0x40021448       0x14 C:\Nburn/lib/NetBurner.a(buffers.o)
                0x40021448                _ZN19fifo_buffer_storage5EmptyEv
 .text._ZN19fifo_buffer_storage4FullEv
                0x4002145c       0x40 C:\Nburn/lib/NetBurner.a(buffers.o)
                0x4002145c                _ZN19fifo_buffer_storage4FullEv
 .text.startup._GLOBAL__sub_I_static_pool_buffers
                0x4002149c       0x2e C:\Nburn/lib/NetBurner.a(buffers.o)
 *fill*         0x400214ca        0x2 
 .text._Z6IsNullP9ArpRecord
                0x400214cc       0x24 C:\Nburn/lib/NetBurner.a(arp.o)
                0x400214cc                _Z6IsNullP9ArpRecord
 .text._Z25GetInterfaceForMyAddress47IPADDR4
                0x400214f0       0x58 C:\Nburn/lib/NetBurner.a(arp.o)
                0x400214f0                _Z25GetInterfaceForMyAddress47IPADDR4
 .text._Z13InitializeArpv
                0x40021548       0x88 C:\Nburn/lib/NetBurner.a(arp.o)
                0x40021548                _Z13InitializeArpv
 .text._Z7FindArp7IPADDR4
                0x400215d0      0x118 C:\Nburn/lib/NetBurner.a(arp.o)
                0x400215d0                _Z7FindArp7IPADDR4
 .text._Z9GetSrcIp47IPADDR4
                0x400216e8       0xf8 C:\Nburn/lib/NetBurner.a(arp.o)
                0x400216e8                _Z9GetSrcIp47IPADDR4
 .text._Z19GetProperInterface47IPADDR4
                0x400217e0       0xbc C:\Nburn/lib/NetBurner.a(arp.o)
                0x400217e0                _Z19GetProperInterface47IPADDR4
 .text._Z9DeleteArpP9ArpRecord
                0x4002189c      0x1d2 C:\Nburn/lib/NetBurner.a(arp.o)
                0x4002189c                _Z9DeleteArpP9ArpRecord
 *fill*         0x40021a6e        0x2 
 .text._Z11GetFirstArpv
                0x40021a70       0x62 C:\Nburn/lib/NetBurner.a(arp.o)
                0x40021a70                _Z11GetFirstArpv
 *fill*         0x40021ad2        0x2 
 .text._Z10GetNextArpP9ArpRecord
                0x40021ad4       0x78 C:\Nburn/lib/NetBurner.a(arp.o)
                0x40021ad4                _Z10GetNextArpP9ArpRecord
 .text._Z7ShowArpv
                0x40021b4c       0x9e C:\Nburn/lib/NetBurner.a(arp.o)
                0x40021b4c                _Z7ShowArpv
 *fill*         0x40021bea        0x2 
 .text._Z10RawSendArpP9ArpRecord7IPADDR4i
                0x40021bec       0xea C:\Nburn/lib/NetBurner.a(arp.o)
                0x40021bec                _Z10RawSendArpP9ArpRecord7IPADDR4i
 *fill*         0x40021cd6        0x2 
 .text._Z17sendGratuitousArpi
                0x40021cd8       0xc8 C:\Nburn/lib/NetBurner.a(arp.o)
                0x40021cd8                _Z17sendGratuitousArpi
 .text._Z7SendArpP9ArpRecordi
                0x40021da0       0x70 C:\Nburn/lib/NetBurner.a(arp.o)
                0x40021da0                _Z7SendArpP9ArpRecordi
 .text._Z6AgeArpv
                0x40021e10      0x10e C:\Nburn/lib/NetBurner.a(arp.o)
                0x40021e10                _Z6AgeArpv
 *fill*         0x40021f1e        0x2 
 .text._Z10FreeOneArpv
                0x40021f20       0xa6 C:\Nburn/lib/NetBurner.a(arp.o)
                0x40021f20                _Z10FreeOneArpv
 *fill*         0x40021fc6        0x2 